[0.024s] Invoking command in '/home/fortunato/ros2_ws/build/cons_pkg': CMAKE_PREFIX_PATH=${CMAKE_PREFIX_PATH}:/opt/ros/humble /usr/bin/cmake --build /home/fortunato/ros2_ws/build/cons_pkg -- -j8 -l8
[0.062s] [35m[1mConsolidate compiler generated dependencies of target nodo[0m
[0.079s] [100%] Built target nodo
[0.090s] Invoked command in '/home/fortunato/ros2_ws/build/cons_pkg' returned '0': CMAKE_PREFIX_PATH=${CMAKE_PREFIX_PATH}:/opt/ros/humble /usr/bin/cmake --build /home/fortunato/ros2_ws/build/cons_pkg -- -j8 -l8
[0.099s] Invoking command in '/home/fortunato/ros2_ws/build/cons_pkg': CMAKE_PREFIX_PATH=${CMAKE_PREFIX_PATH}:/opt/ros/humble /usr/bin/cmake --install /home/fortunato/ros2_ws/build/cons_pkg
[0.106s] -- Install configuration: ""
[0.106s] -- Up-to-date: /home/fortunato/ros2_ws/install/cons_pkg/lib/cons_pkg/nodo
[0.107s] -- Up-to-date: /home/fortunato/ros2_ws/install/cons_pkg/share/cons_pkg/launch
[0.107s] -- Up-to-date: /home/fortunato/ros2_ws/install/cons_pkg/share/cons_pkg/launch/consenso_launch.launch
[0.107s] -- Up-to-date: /home/fortunato/ros2_ws/install/cons_pkg/share/ament_index/resource_index/package_run_dependencies/cons_pkg
[0.107s] -- Up-to-date: /home/fortunato/ros2_ws/install/cons_pkg/share/ament_index/resource_index/parent_prefix_path/cons_pkg
[0.107s] -- Up-to-date: /home/fortunato/ros2_ws/install/cons_pkg/share/cons_pkg/environment/ament_prefix_path.sh
[0.107s] -- Up-to-date: /home/fortunato/ros2_ws/install/cons_pkg/share/cons_pkg/environment/ament_prefix_path.dsv
[0.108s] -- Up-to-date: /home/fortunato/ros2_ws/install/cons_pkg/share/cons_pkg/environment/path.sh
[0.108s] -- Up-to-date: /home/fortunato/ros2_ws/install/cons_pkg/share/cons_pkg/environment/path.dsv
[0.108s] -- Up-to-date: /home/fortunato/ros2_ws/install/cons_pkg/share/cons_pkg/local_setup.bash
[0.108s] -- Up-to-date: /home/fortunato/ros2_ws/install/cons_pkg/share/cons_pkg/local_setup.sh
[0.108s] -- Up-to-date: /home/fortunato/ros2_ws/install/cons_pkg/share/cons_pkg/local_setup.zsh
[0.108s] -- Up-to-date: /home/fortunato/ros2_ws/install/cons_pkg/share/cons_pkg/local_setup.dsv
[0.108s] -- Installing: /home/fortunato/ros2_ws/install/cons_pkg/share/cons_pkg/package.dsv
[0.108s] -- Up-to-date: /home/fortunato/ros2_ws/install/cons_pkg/share/ament_index/resource_index/packages/cons_pkg
[0.108s] -- Up-to-date: /home/fortunato/ros2_ws/install/cons_pkg/share/cons_pkg/cmake/cons_pkgConfig.cmake
[0.109s] -- Up-to-date: /home/fortunato/ros2_ws/install/cons_pkg/share/cons_pkg/cmake/cons_pkgConfig-version.cmake
[0.109s] -- Up-to-date: /home/fortunato/ros2_ws/install/cons_pkg/share/cons_pkg/package.xml
[0.110s] Invoked command in '/home/fortunato/ros2_ws/build/cons_pkg' returned '0': CMAKE_PREFIX_PATH=${CMAKE_PREFIX_PATH}:/opt/ros/humble /usr/bin/cmake --install /home/fortunato/ros2_ws/build/cons_pkg
