[0.013s] Invoking command in '/home/fortunato/ros2_ws/build/dynamic_consensus': CMAKE_PREFIX_PATH=/home/fortunato/ros2_ws/install/dynamic_consensus:/opt/ros/humble:/home/fortunato/ros2_ws/install/consenso_pkg:/home/fortunato/ros2_ws/install/cons_pkg /usr/bin/cmake --build /home/fortunato/ros2_ws/build/dynamic_consensus -- -j8 -l8
[0.069s] [35m[1mConsolidate compiler generated dependencies of target nodo[0m
[0.082s] [ 20%] Built target signal_generator_node
[0.083s] [ 40%] Built target consensus_node
[0.085s] [ 60%] Built target average_calc_node
[0.095s] [ 80%] Built target traj_generator
[0.098s] [ 90%] [32mBuilding CXX object CMakeFiles/nodo.dir/src/nodo.cpp.o[0m
[20.156s] [100%] [32m[1mLinking CXX executable nodo[0m
[20.839s] [100%] Built target nodo
[20.851s] Invoked command in '/home/fortunato/ros2_ws/build/dynamic_consensus' returned '0': CMAKE_PREFIX_PATH=/home/fortunato/ros2_ws/install/dynamic_consensus:/opt/ros/humble:/home/fortunato/ros2_ws/install/consenso_pkg:/home/fortunato/ros2_ws/install/cons_pkg /usr/bin/cmake --build /home/fortunato/ros2_ws/build/dynamic_consensus -- -j8 -l8
[20.853s] Invoking command in '/home/fortunato/ros2_ws/build/dynamic_consensus': CMAKE_PREFIX_PATH=/home/fortunato/ros2_ws/install/dynamic_consensus:/opt/ros/humble:/home/fortunato/ros2_ws/install/consenso_pkg:/home/fortunato/ros2_ws/install/cons_pkg /usr/bin/cmake --install /home/fortunato/ros2_ws/build/dynamic_consensus
[20.860s] -- Install configuration: ""
[20.860s] -- Installing: /home/fortunato/ros2_ws/install/dynamic_consensus/lib/dynamic_consensus/nodo
[20.867s] -- Set runtime path of "/home/fortunato/ros2_ws/install/dynamic_consensus/lib/dynamic_consensus/nodo" to ""
[20.868s] -- Up-to-date: /home/fortunato/ros2_ws/install/dynamic_consensus/lib/dynamic_consensus/consensus_node
[20.868s] -- Up-to-date: /home/fortunato/ros2_ws/install/dynamic_consensus/lib/dynamic_consensus/signal_generator_node
[20.868s] -- Up-to-date: /home/fortunato/ros2_ws/install/dynamic_consensus/lib/dynamic_consensus/average_calc_node
[20.869s] -- Up-to-date: /home/fortunato/ros2_ws/install/dynamic_consensus/lib/dynamic_consensus/traj_generator
[20.869s] -- Up-to-date: /home/fortunato/ros2_ws/install/dynamic_consensus/share/dynamic_consensus/launch
[20.869s] -- Up-to-date: /home/fortunato/ros2_ws/install/dynamic_consensus/share/dynamic_consensus/launch/consenso_launch.launch
[20.869s] -- Up-to-date: /home/fortunato/ros2_ws/install/dynamic_consensus/share/dynamic_consensus/launch/consensus_system_launch.launch
[20.870s] -- Up-to-date: /home/fortunato/ros2_ws/install/dynamic_consensus/share/ament_index/resource_index/package_run_dependencies/dynamic_consensus
[20.870s] -- Up-to-date: /home/fortunato/ros2_ws/install/dynamic_consensus/share/ament_index/resource_index/parent_prefix_path/dynamic_consensus
[20.870s] -- Up-to-date: /home/fortunato/ros2_ws/install/dynamic_consensus/share/dynamic_consensus/environment/ament_prefix_path.sh
[20.870s] -- Up-to-date: /home/fortunato/ros2_ws/install/dynamic_consensus/share/dynamic_consensus/environment/ament_prefix_path.dsv
[20.870s] -- Up-to-date: /home/fortunato/ros2_ws/install/dynamic_consensus/share/dynamic_consensus/environment/path.sh
[20.870s] -- Up-to-date: /home/fortunato/ros2_ws/install/dynamic_consensus/share/dynamic_consensus/environment/path.dsv
[20.870s] -- Up-to-date: /home/fortunato/ros2_ws/install/dynamic_consensus/share/dynamic_consensus/local_setup.bash
[20.870s] -- Up-to-date: /home/fortunato/ros2_ws/install/dynamic_consensus/share/dynamic_consensus/local_setup.sh
[20.871s] -- Up-to-date: /home/fortunato/ros2_ws/install/dynamic_consensus/share/dynamic_consensus/local_setup.zsh
[20.871s] -- Up-to-date: /home/fortunato/ros2_ws/install/dynamic_consensus/share/dynamic_consensus/local_setup.dsv
[20.871s] -- Installing: /home/fortunato/ros2_ws/install/dynamic_consensus/share/dynamic_consensus/package.dsv
[20.871s] -- Up-to-date: /home/fortunato/ros2_ws/install/dynamic_consensus/share/ament_index/resource_index/packages/dynamic_consensus
[20.871s] -- Up-to-date: /home/fortunato/ros2_ws/install/dynamic_consensus/share/dynamic_consensus/cmake/dynamic_consensusConfig.cmake
[20.871s] -- Up-to-date: /home/fortunato/ros2_ws/install/dynamic_consensus/share/dynamic_consensus/cmake/dynamic_consensusConfig-version.cmake
[20.871s] -- Up-to-date: /home/fortunato/ros2_ws/install/dynamic_consensus/share/dynamic_consensus/package.xml
[20.872s] Invoked command in '/home/fortunato/ros2_ws/build/dynamic_consensus' returned '0': CMAKE_PREFIX_PATH=/home/fortunato/ros2_ws/install/dynamic_consensus:/opt/ros/humble:/home/fortunato/ros2_ws/install/consenso_pkg:/home/fortunato/ros2_ws/install/cons_pkg /usr/bin/cmake --install /home/fortunato/ros2_ws/build/dynamic_consensus
