[0.212s] DEBUG:colcon:Command line arguments: ['/home/fortunato/.local/bin/colcon', 'build']
[0.213s] DEBUG:colcon:Parsed command line arguments: Namespace(log_base=None, log_level=None, verb_name='build', build_base='build', install_base='install', merge_install=False, symlink_install=False, test_result_base=None, continue_on_error=False, executor='parallel', parallel_workers=8, event_handlers=None, ignore_user_meta=False, metas=['./colcon.meta'], base_paths=['.'], packages_ignore=None, packages_ignore_regex=None, paths=None, packages_up_to=None, packages_up_to_regex=None, packages_above=None, packages_above_and_dependencies=None, packages_above_depth=None, packages_select_by_dep=None, packages_skip_by_dep=None, packages_skip_up_to=None, packages_select_build_failed=False, packages_skip_build_finished=False, packages_select_test_failures=False, packages_skip_test_passed=False, packages_select=None, packages_skip=None, packages_select_regex=None, packages_skip_regex=None, packages_start=None, packages_end=None, allow_overriding=[], cmake_args=None, cmake_target=None, cmake_target_skip_unavailable=False, cmake_clean_cache=False, cmake_clean_first=False, cmake_force_configure=False, ament_cmake_args=None, catkin_cmake_args=None, catkin_skip_building_tests=False, mixin_files=None, mixin=None, verb_parser=<colcon_mixin.mixin.mixin_argument.MixinArgumentDecorator object at 0x728b840c07f0>, verb_extension=<colcon_core.verb.build.BuildVerb object at 0x728b840c0130>, main=<bound method BuildVerb.main of <colcon_core.verb.build.BuildVerb object at 0x728b840c0130>>, mixin_verb=('build',))
[0.265s] Level 1:colcon.colcon_core.package_discovery:discover_packages(colcon_meta) check parameters
[0.265s] Level 1:colcon.colcon_core.package_discovery:discover_packages(recursive) check parameters
[0.266s] Level 1:colcon.colcon_core.package_discovery:discover_packages(ignore) check parameters
[0.266s] Level 1:colcon.colcon_core.package_discovery:discover_packages(path) check parameters
[0.266s] Level 1:colcon.colcon_core.package_discovery:discover_packages(colcon_meta) discover
[0.266s] Level 1:colcon.colcon_core.package_discovery:discover_packages(recursive) discover
[0.266s] INFO:colcon.colcon_core.package_discovery:Crawling recursively for packages in '/home/fortunato/ros2_ws'
[0.266s] Level 1:colcon.colcon_core.package_identification:_identify(.) by extensions ['ignore', 'ignore_ament_install']
[0.266s] Level 1:colcon.colcon_core.package_identification:_identify(.) by extension 'ignore'
[0.266s] Level 1:colcon.colcon_core.package_identification:_identify(.) by extension 'ignore_ament_install'
[0.266s] Level 1:colcon.colcon_core.package_identification:_identify(.) by extensions ['colcon_pkg']
[0.266s] Level 1:colcon.colcon_core.package_identification:_identify(.) by extension 'colcon_pkg'
[0.266s] Level 1:colcon.colcon_core.package_identification:_identify(.) by extensions ['colcon_meta']
[0.266s] Level 1:colcon.colcon_core.package_identification:_identify(.) by extension 'colcon_meta'
[0.266s] Level 1:colcon.colcon_core.package_identification:_identify(.) by extensions ['ros']
[0.266s] Level 1:colcon.colcon_core.package_identification:_identify(.) by extension 'ros'
[0.287s] Level 1:colcon.colcon_core.package_identification:_identify(.) by extensions ['cmake', 'python']
[0.287s] Level 1:colcon.colcon_core.package_identification:_identify(.) by extension 'cmake'
[0.287s] Level 1:colcon.colcon_core.package_identification:_identify(.) by extension 'python'
[0.288s] Level 1:colcon.colcon_core.package_identification:_identify(.) by extensions ['python_setup_py']
[0.288s] Level 1:colcon.colcon_core.package_identification:_identify(.) by extension 'python_setup_py'
[0.288s] Level 1:colcon.colcon_core.package_identification:_identify(build) by extensions ['ignore', 'ignore_ament_install']
[0.288s] Level 1:colcon.colcon_core.package_identification:_identify(build) by extension 'ignore'
[0.288s] Level 1:colcon.colcon_core.package_identification:_identify(build) ignored
[0.288s] Level 1:colcon.colcon_core.package_identification:_identify(install) by extensions ['ignore', 'ignore_ament_install']
[0.288s] Level 1:colcon.colcon_core.package_identification:_identify(install) by extension 'ignore'
[0.288s] Level 1:colcon.colcon_core.package_identification:_identify(install) ignored
[0.288s] Level 1:colcon.colcon_core.package_identification:_identify(log) by extensions ['ignore', 'ignore_ament_install']
[0.289s] Level 1:colcon.colcon_core.package_identification:_identify(log) by extension 'ignore'
[0.289s] Level 1:colcon.colcon_core.package_identification:_identify(log) ignored
[0.289s] Level 1:colcon.colcon_core.package_identification:_identify(src) by extensions ['ignore', 'ignore_ament_install']
[0.289s] Level 1:colcon.colcon_core.package_identification:_identify(src) by extension 'ignore'
[0.289s] Level 1:colcon.colcon_core.package_identification:_identify(src) by extension 'ignore_ament_install'
[0.289s] Level 1:colcon.colcon_core.package_identification:_identify(src) by extensions ['colcon_pkg']
[0.289s] Level 1:colcon.colcon_core.package_identification:_identify(src) by extension 'colcon_pkg'
[0.289s] Level 1:colcon.colcon_core.package_identification:_identify(src) by extensions ['colcon_meta']
[0.289s] Level 1:colcon.colcon_core.package_identification:_identify(src) by extension 'colcon_meta'
[0.289s] Level 1:colcon.colcon_core.package_identification:_identify(src) by extensions ['ros']
[0.289s] Level 1:colcon.colcon_core.package_identification:_identify(src) by extension 'ros'
[0.289s] Level 1:colcon.colcon_core.package_identification:_identify(src) by extensions ['cmake', 'python']
[0.289s] Level 1:colcon.colcon_core.package_identification:_identify(src) by extension 'cmake'
[0.289s] Level 1:colcon.colcon_core.package_identification:_identify(src) by extension 'python'
[0.290s] Level 1:colcon.colcon_core.package_identification:_identify(src) by extensions ['python_setup_py']
[0.290s] Level 1:colcon.colcon_core.package_identification:_identify(src) by extension 'python_setup_py'
[0.290s] Level 1:colcon.colcon_core.package_identification:_identify(src/consenso) by extensions ['ignore', 'ignore_ament_install']
[0.290s] Level 1:colcon.colcon_core.package_identification:_identify(src/consenso) by extension 'ignore'
[0.290s] Level 1:colcon.colcon_core.package_identification:_identify(src/consenso) by extension 'ignore_ament_install'
[0.290s] Level 1:colcon.colcon_core.package_identification:_identify(src/consenso) by extensions ['colcon_pkg']
[0.290s] Level 1:colcon.colcon_core.package_identification:_identify(src/consenso) by extension 'colcon_pkg'
[0.290s] Level 1:colcon.colcon_core.package_identification:_identify(src/consenso) by extensions ['colcon_meta']
[0.290s] Level 1:colcon.colcon_core.package_identification:_identify(src/consenso) by extension 'colcon_meta'
[0.290s] Level 1:colcon.colcon_core.package_identification:_identify(src/consenso) by extensions ['ros']
[0.290s] Level 1:colcon.colcon_core.package_identification:_identify(src/consenso) by extension 'ros'
[0.293s] DEBUG:colcon.colcon_core.package_identification:Package 'src/consenso' with type 'ros.ament_cmake' and name 'cons_pkg'
[0.293s] Level 1:colcon.colcon_core.package_identification:_identify(src/dynamic_consensus) by extensions ['ignore', 'ignore_ament_install']
[0.293s] Level 1:colcon.colcon_core.package_identification:_identify(src/dynamic_consensus) by extension 'ignore'
[0.293s] Level 1:colcon.colcon_core.package_identification:_identify(src/dynamic_consensus) by extension 'ignore_ament_install'
[0.293s] Level 1:colcon.colcon_core.package_identification:_identify(src/dynamic_consensus) by extensions ['colcon_pkg']
[0.293s] Level 1:colcon.colcon_core.package_identification:_identify(src/dynamic_consensus) by extension 'colcon_pkg'
[0.294s] Level 1:colcon.colcon_core.package_identification:_identify(src/dynamic_consensus) by extensions ['colcon_meta']
[0.294s] Level 1:colcon.colcon_core.package_identification:_identify(src/dynamic_consensus) by extension 'colcon_meta'
[0.294s] Level 1:colcon.colcon_core.package_identification:_identify(src/dynamic_consensus) by extensions ['ros']
[0.294s] Level 1:colcon.colcon_core.package_identification:_identify(src/dynamic_consensus) by extension 'ros'
[0.294s] DEBUG:colcon.colcon_core.package_identification:Package 'src/dynamic_consensus' with type 'ros.ament_cmake' and name 'dynamic_consensus'
[0.294s] Level 1:colcon.colcon_core.package_discovery:discover_packages(recursive) using defaults
[0.294s] Level 1:colcon.colcon_core.package_discovery:discover_packages(ignore) discover
[0.294s] Level 1:colcon.colcon_core.package_discovery:discover_packages(ignore) using defaults
[0.294s] Level 1:colcon.colcon_core.package_discovery:discover_packages(path) discover
[0.295s] Level 1:colcon.colcon_core.package_discovery:discover_packages(path) using defaults
[0.319s] Level 1:colcon.colcon_core.package_discovery:discover_packages(prefix_path) check parameters
[0.319s] Level 1:colcon.colcon_core.package_discovery:discover_packages(prefix_path) discover
[0.321s] DEBUG:colcon.colcon_installed_package_information.package_discovery:Found 3 installed packages in /home/fortunato/ros2_ws/install
[0.322s] DEBUG:colcon.colcon_installed_package_information.package_discovery:Found 277 installed packages in /opt/ros/humble
[0.325s] Level 1:colcon.colcon_core.package_discovery:discover_packages(prefix_path) using defaults
[0.376s] Level 5:colcon.colcon_core.verb:set package 'cons_pkg' build argument 'cmake_args' from command line to 'None'
[0.376s] Level 5:colcon.colcon_core.verb:set package 'cons_pkg' build argument 'cmake_target' from command line to 'None'
[0.376s] Level 5:colcon.colcon_core.verb:set package 'cons_pkg' build argument 'cmake_target_skip_unavailable' from command line to 'False'
[0.376s] Level 5:colcon.colcon_core.verb:set package 'cons_pkg' build argument 'cmake_clean_cache' from command line to 'False'
[0.376s] Level 5:colcon.colcon_core.verb:set package 'cons_pkg' build argument 'cmake_clean_first' from command line to 'False'
[0.376s] Level 5:colcon.colcon_core.verb:set package 'cons_pkg' build argument 'cmake_force_configure' from command line to 'False'
[0.376s] Level 5:colcon.colcon_core.verb:set package 'cons_pkg' build argument 'ament_cmake_args' from command line to 'None'
[0.376s] Level 5:colcon.colcon_core.verb:set package 'cons_pkg' build argument 'catkin_cmake_args' from command line to 'None'
[0.376s] Level 5:colcon.colcon_core.verb:set package 'cons_pkg' build argument 'catkin_skip_building_tests' from command line to 'False'
[0.376s] DEBUG:colcon.colcon_core.verb:Building package 'cons_pkg' with the following arguments: {'ament_cmake_args': None, 'build_base': '/home/fortunato/ros2_ws/build/cons_pkg', 'catkin_cmake_args': None, 'catkin_skip_building_tests': False, 'cmake_args': None, 'cmake_clean_cache': False, 'cmake_clean_first': False, 'cmake_force_configure': False, 'cmake_target': None, 'cmake_target_skip_unavailable': False, 'install_base': '/home/fortunato/ros2_ws/install/cons_pkg', 'merge_install': False, 'path': '/home/fortunato/ros2_ws/src/consenso', 'symlink_install': False, 'test_result_base': None}
[0.376s] Level 5:colcon.colcon_core.verb:set package 'dynamic_consensus' build argument 'cmake_args' from command line to 'None'
[0.376s] Level 5:colcon.colcon_core.verb:set package 'dynamic_consensus' build argument 'cmake_target' from command line to 'None'
[0.376s] Level 5:colcon.colcon_core.verb:set package 'dynamic_consensus' build argument 'cmake_target_skip_unavailable' from command line to 'False'
[0.376s] Level 5:colcon.colcon_core.verb:set package 'dynamic_consensus' build argument 'cmake_clean_cache' from command line to 'False'
[0.376s] Level 5:colcon.colcon_core.verb:set package 'dynamic_consensus' build argument 'cmake_clean_first' from command line to 'False'
[0.377s] Level 5:colcon.colcon_core.verb:set package 'dynamic_consensus' build argument 'cmake_force_configure' from command line to 'False'
[0.377s] Level 5:colcon.colcon_core.verb:set package 'dynamic_consensus' build argument 'ament_cmake_args' from command line to 'None'
[0.377s] Level 5:colcon.colcon_core.verb:set package 'dynamic_consensus' build argument 'catkin_cmake_args' from command line to 'None'
[0.377s] Level 5:colcon.colcon_core.verb:set package 'dynamic_consensus' build argument 'catkin_skip_building_tests' from command line to 'False'
[0.377s] DEBUG:colcon.colcon_core.verb:Building package 'dynamic_consensus' with the following arguments: {'ament_cmake_args': None, 'build_base': '/home/fortunato/ros2_ws/build/dynamic_consensus', 'catkin_cmake_args': None, 'catkin_skip_building_tests': False, 'cmake_args': None, 'cmake_clean_cache': False, 'cmake_clean_first': False, 'cmake_force_configure': False, 'cmake_target': None, 'cmake_target_skip_unavailable': False, 'install_base': '/home/fortunato/ros2_ws/install/dynamic_consensus', 'merge_install': False, 'path': '/home/fortunato/ros2_ws/src/dynamic_consensus', 'symlink_install': False, 'test_result_base': None}
[0.377s] INFO:colcon.colcon_core.executor:Executing jobs using 'parallel' executor
[0.378s] DEBUG:colcon.colcon_parallel_executor.executor.parallel:run_until_complete
[0.378s] INFO:colcon.colcon_ros.task.ament_cmake.build:Building ROS package in '/home/fortunato/ros2_ws/src/consenso' with build type 'ament_cmake'
[0.378s] INFO:colcon.colcon_cmake.task.cmake.build:Building CMake package in '/home/fortunato/ros2_ws/src/consenso'
[0.381s] INFO:colcon.colcon_core.plugin_system:Skipping extension 'colcon_core.shell.bat': Not used on non-Windows systems
[0.381s] INFO:colcon.colcon_core.shell:Skip shell extension 'powershell' for command environment: Not usable outside of PowerShell
[0.381s] DEBUG:colcon.colcon_core.shell:Skip shell extension 'dsv' for command environment
[0.396s] INFO:colcon.colcon_ros.task.ament_cmake.build:Building ROS package in '/home/fortunato/ros2_ws/src/dynamic_consensus' with build type 'ament_cmake'
[0.397s] INFO:colcon.colcon_cmake.task.cmake.build:Building CMake package in '/home/fortunato/ros2_ws/src/dynamic_consensus'
[0.398s] INFO:colcon.colcon_core.shell:Skip shell extension 'powershell' for command environment: Not usable outside of PowerShell
[0.398s] DEBUG:colcon.colcon_core.shell:Skip shell extension 'dsv' for command environment
[0.408s] DEBUG:colcon.colcon_core.event_handler.log_command:Invoking command in '/home/fortunato/ros2_ws/build/cons_pkg': CMAKE_PREFIX_PATH=/home/fortunato/ros2_ws/install/dynamic_consensus:/opt/ros/humble:/home/fortunato/ros2_ws/install/consenso_pkg:/home/fortunato/ros2_ws/install/cons_pkg /usr/bin/cmake --build /home/fortunato/ros2_ws/build/cons_pkg -- -j8 -l8
[0.411s] DEBUG:colcon.colcon_core.event_handler.log_command:Invoking command in '/home/fortunato/ros2_ws/build/dynamic_consensus': CMAKE_PREFIX_PATH=/home/fortunato/ros2_ws/install/dynamic_consensus:/opt/ros/humble:/home/fortunato/ros2_ws/install/consenso_pkg:/home/fortunato/ros2_ws/install/cons_pkg /usr/bin/cmake --build /home/fortunato/ros2_ws/build/dynamic_consensus -- -j8 -l8
[0.494s] DEBUG:colcon.colcon_core.event_handler.log_command:Invoked command in '/home/fortunato/ros2_ws/build/cons_pkg' returned '0': CMAKE_PREFIX_PATH=/home/fortunato/ros2_ws/install/dynamic_consensus:/opt/ros/humble:/home/fortunato/ros2_ws/install/consenso_pkg:/home/fortunato/ros2_ws/install/cons_pkg /usr/bin/cmake --build /home/fortunato/ros2_ws/build/cons_pkg -- -j8 -l8
[0.506s] DEBUG:colcon.colcon_core.event_handler.log_command:Invoking command in '/home/fortunato/ros2_ws/build/cons_pkg': CMAKE_PREFIX_PATH=/home/fortunato/ros2_ws/install/dynamic_consensus:/opt/ros/humble:/home/fortunato/ros2_ws/install/consenso_pkg:/home/fortunato/ros2_ws/install/cons_pkg /usr/bin/cmake --install /home/fortunato/ros2_ws/build/cons_pkg
[0.517s] Level 1:colcon.colcon_core.environment:create_environment_scripts_only(cons_pkg)
[0.518s] DEBUG:colcon.colcon_core.event_handler.log_command:Invoked command in '/home/fortunato/ros2_ws/build/cons_pkg' returned '0': CMAKE_PREFIX_PATH=/home/fortunato/ros2_ws/install/dynamic_consensus:/opt/ros/humble:/home/fortunato/ros2_ws/install/consenso_pkg:/home/fortunato/ros2_ws/install/cons_pkg /usr/bin/cmake --install /home/fortunato/ros2_ws/build/cons_pkg
[0.520s] Level 1:colcon.colcon_core.environment:checking '/home/fortunato/ros2_ws/install/cons_pkg' for CMake module files
[0.520s] Level 1:colcon.colcon_core.environment:checking '/home/fortunato/ros2_ws/install/cons_pkg' for CMake config files
[0.521s] Level 1:colcon.colcon_core.shell:create_environment_hook('cons_pkg', 'cmake_prefix_path')
[0.521s] INFO:colcon.colcon_core.shell:Creating environment hook '/home/fortunato/ros2_ws/install/cons_pkg/share/cons_pkg/hook/cmake_prefix_path.ps1'
[0.521s] INFO:colcon.colcon_core.shell:Creating environment descriptor '/home/fortunato/ros2_ws/install/cons_pkg/share/cons_pkg/hook/cmake_prefix_path.dsv'
[0.522s] INFO:colcon.colcon_core.shell:Creating environment hook '/home/fortunato/ros2_ws/install/cons_pkg/share/cons_pkg/hook/cmake_prefix_path.sh'
[0.523s] Level 1:colcon.colcon_core.environment:checking '/home/fortunato/ros2_ws/install/cons_pkg/lib'
[0.523s] Level 1:colcon.colcon_core.environment:checking '/home/fortunato/ros2_ws/install/cons_pkg/bin'
[0.523s] Level 1:colcon.colcon_core.environment:checking '/home/fortunato/ros2_ws/install/cons_pkg/lib/pkgconfig/cons_pkg.pc'
[0.523s] Level 1:colcon.colcon_core.environment:checking '/home/fortunato/ros2_ws/install/cons_pkg/lib/python3.10/site-packages'
[0.523s] Level 1:colcon.colcon_core.environment:checking '/home/fortunato/ros2_ws/install/cons_pkg/bin'
[0.524s] INFO:colcon.colcon_core.shell:Creating package script '/home/fortunato/ros2_ws/install/cons_pkg/share/cons_pkg/package.ps1'
[0.524s] INFO:colcon.colcon_core.shell:Creating package descriptor '/home/fortunato/ros2_ws/install/cons_pkg/share/cons_pkg/package.dsv'
[0.525s] INFO:colcon.colcon_core.shell:Creating package script '/home/fortunato/ros2_ws/install/cons_pkg/share/cons_pkg/package.sh'
[0.526s] INFO:colcon.colcon_core.shell:Creating package script '/home/fortunato/ros2_ws/install/cons_pkg/share/cons_pkg/package.bash'
[0.526s] INFO:colcon.colcon_core.shell:Creating package script '/home/fortunato/ros2_ws/install/cons_pkg/share/cons_pkg/package.zsh'
[0.527s] Level 1:colcon.colcon_core.environment:create_file_with_runtime_dependencies(/home/fortunato/ros2_ws/install/cons_pkg/share/colcon-core/packages/cons_pkg)
[0.527s] Level 1:colcon.colcon_core.environment:create_environment_scripts_only(cons_pkg)
[0.528s] Level 1:colcon.colcon_core.environment:checking '/home/fortunato/ros2_ws/install/cons_pkg' for CMake module files
[0.528s] Level 1:colcon.colcon_core.environment:checking '/home/fortunato/ros2_ws/install/cons_pkg' for CMake config files
[0.528s] Level 1:colcon.colcon_core.shell:create_environment_hook('cons_pkg', 'cmake_prefix_path')
[0.528s] INFO:colcon.colcon_core.shell:Creating environment hook '/home/fortunato/ros2_ws/install/cons_pkg/share/cons_pkg/hook/cmake_prefix_path.ps1'
[0.529s] INFO:colcon.colcon_core.shell:Creating environment descriptor '/home/fortunato/ros2_ws/install/cons_pkg/share/cons_pkg/hook/cmake_prefix_path.dsv'
[0.529s] INFO:colcon.colcon_core.shell:Creating environment hook '/home/fortunato/ros2_ws/install/cons_pkg/share/cons_pkg/hook/cmake_prefix_path.sh'
[0.529s] Level 1:colcon.colcon_core.environment:checking '/home/fortunato/ros2_ws/install/cons_pkg/lib'
[0.530s] Level 1:colcon.colcon_core.environment:checking '/home/fortunato/ros2_ws/install/cons_pkg/bin'
[0.530s] Level 1:colcon.colcon_core.environment:checking '/home/fortunato/ros2_ws/install/cons_pkg/lib/pkgconfig/cons_pkg.pc'
[0.530s] Level 1:colcon.colcon_core.environment:checking '/home/fortunato/ros2_ws/install/cons_pkg/lib/python3.10/site-packages'
[0.530s] Level 1:colcon.colcon_core.environment:checking '/home/fortunato/ros2_ws/install/cons_pkg/bin'
[0.531s] INFO:colcon.colcon_core.shell:Creating package script '/home/fortunato/ros2_ws/install/cons_pkg/share/cons_pkg/package.ps1'
[0.531s] INFO:colcon.colcon_core.shell:Creating package descriptor '/home/fortunato/ros2_ws/install/cons_pkg/share/cons_pkg/package.dsv'
[0.531s] INFO:colcon.colcon_core.shell:Creating package script '/home/fortunato/ros2_ws/install/cons_pkg/share/cons_pkg/package.sh'
[0.532s] INFO:colcon.colcon_core.shell:Creating package script '/home/fortunato/ros2_ws/install/cons_pkg/share/cons_pkg/package.bash'
[0.532s] INFO:colcon.colcon_core.shell:Creating package script '/home/fortunato/ros2_ws/install/cons_pkg/share/cons_pkg/package.zsh'
[0.533s] Level 1:colcon.colcon_core.environment:create_file_with_runtime_dependencies(/home/fortunato/ros2_ws/install/cons_pkg/share/colcon-core/packages/cons_pkg)
[21.249s] DEBUG:colcon.colcon_core.event_handler.log_command:Invoked command in '/home/fortunato/ros2_ws/build/dynamic_consensus' returned '0': CMAKE_PREFIX_PATH=/home/fortunato/ros2_ws/install/dynamic_consensus:/opt/ros/humble:/home/fortunato/ros2_ws/install/consenso_pkg:/home/fortunato/ros2_ws/install/cons_pkg /usr/bin/cmake --build /home/fortunato/ros2_ws/build/dynamic_consensus -- -j8 -l8
[21.250s] DEBUG:colcon.colcon_core.event_handler.log_command:Invoking command in '/home/fortunato/ros2_ws/build/dynamic_consensus': CMAKE_PREFIX_PATH=/home/fortunato/ros2_ws/install/dynamic_consensus:/opt/ros/humble:/home/fortunato/ros2_ws/install/consenso_pkg:/home/fortunato/ros2_ws/install/cons_pkg /usr/bin/cmake --install /home/fortunato/ros2_ws/build/dynamic_consensus
[21.270s] Level 1:colcon.colcon_core.environment:create_environment_scripts_only(dynamic_consensus)
[21.270s] DEBUG:colcon.colcon_core.event_handler.log_command:Invoked command in '/home/fortunato/ros2_ws/build/dynamic_consensus' returned '0': CMAKE_PREFIX_PATH=/home/fortunato/ros2_ws/install/dynamic_consensus:/opt/ros/humble:/home/fortunato/ros2_ws/install/consenso_pkg:/home/fortunato/ros2_ws/install/cons_pkg /usr/bin/cmake --install /home/fortunato/ros2_ws/build/dynamic_consensus
[21.270s] Level 1:colcon.colcon_core.environment:checking '/home/fortunato/ros2_ws/install/dynamic_consensus' for CMake module files
[21.271s] Level 1:colcon.colcon_core.environment:checking '/home/fortunato/ros2_ws/install/dynamic_consensus' for CMake config files
[21.271s] Level 1:colcon.colcon_core.shell:create_environment_hook('dynamic_consensus', 'cmake_prefix_path')
[21.272s] INFO:colcon.colcon_core.shell:Creating environment hook '/home/fortunato/ros2_ws/install/dynamic_consensus/share/dynamic_consensus/hook/cmake_prefix_path.ps1'
[21.272s] INFO:colcon.colcon_core.shell:Creating environment descriptor '/home/fortunato/ros2_ws/install/dynamic_consensus/share/dynamic_consensus/hook/cmake_prefix_path.dsv'
[21.273s] INFO:colcon.colcon_core.shell:Creating environment hook '/home/fortunato/ros2_ws/install/dynamic_consensus/share/dynamic_consensus/hook/cmake_prefix_path.sh'
[21.273s] Level 1:colcon.colcon_core.environment:checking '/home/fortunato/ros2_ws/install/dynamic_consensus/lib'
[21.273s] Level 1:colcon.colcon_core.environment:checking '/home/fortunato/ros2_ws/install/dynamic_consensus/bin'
[21.273s] Level 1:colcon.colcon_core.environment:checking '/home/fortunato/ros2_ws/install/dynamic_consensus/lib/pkgconfig/dynamic_consensus.pc'
[21.274s] Level 1:colcon.colcon_core.environment:checking '/home/fortunato/ros2_ws/install/dynamic_consensus/lib/python3.10/site-packages'
[21.274s] Level 1:colcon.colcon_core.environment:checking '/home/fortunato/ros2_ws/install/dynamic_consensus/bin'
[21.274s] INFO:colcon.colcon_core.shell:Creating package script '/home/fortunato/ros2_ws/install/dynamic_consensus/share/dynamic_consensus/package.ps1'
[21.275s] INFO:colcon.colcon_core.shell:Creating package descriptor '/home/fortunato/ros2_ws/install/dynamic_consensus/share/dynamic_consensus/package.dsv'
[21.275s] INFO:colcon.colcon_core.shell:Creating package script '/home/fortunato/ros2_ws/install/dynamic_consensus/share/dynamic_consensus/package.sh'
[21.276s] INFO:colcon.colcon_core.shell:Creating package script '/home/fortunato/ros2_ws/install/dynamic_consensus/share/dynamic_consensus/package.bash'
[21.276s] INFO:colcon.colcon_core.shell:Creating package script '/home/fortunato/ros2_ws/install/dynamic_consensus/share/dynamic_consensus/package.zsh'
[21.276s] Level 1:colcon.colcon_core.environment:create_file_with_runtime_dependencies(/home/fortunato/ros2_ws/install/dynamic_consensus/share/colcon-core/packages/dynamic_consensus)
[21.277s] Level 1:colcon.colcon_core.environment:create_environment_scripts_only(dynamic_consensus)
[21.277s] Level 1:colcon.colcon_core.environment:checking '/home/fortunato/ros2_ws/install/dynamic_consensus' for CMake module files
[21.278s] Level 1:colcon.colcon_core.environment:checking '/home/fortunato/ros2_ws/install/dynamic_consensus' for CMake config files
[21.278s] Level 1:colcon.colcon_core.shell:create_environment_hook('dynamic_consensus', 'cmake_prefix_path')
[21.278s] INFO:colcon.colcon_core.shell:Creating environment hook '/home/fortunato/ros2_ws/install/dynamic_consensus/share/dynamic_consensus/hook/cmake_prefix_path.ps1'
[21.278s] INFO:colcon.colcon_core.shell:Creating environment descriptor '/home/fortunato/ros2_ws/install/dynamic_consensus/share/dynamic_consensus/hook/cmake_prefix_path.dsv'
[21.279s] INFO:colcon.colcon_core.shell:Creating environment hook '/home/fortunato/ros2_ws/install/dynamic_consensus/share/dynamic_consensus/hook/cmake_prefix_path.sh'
[21.279s] Level 1:colcon.colcon_core.environment:checking '/home/fortunato/ros2_ws/install/dynamic_consensus/lib'
[21.279s] Level 1:colcon.colcon_core.environment:checking '/home/fortunato/ros2_ws/install/dynamic_consensus/bin'
[21.279s] Level 1:colcon.colcon_core.environment:checking '/home/fortunato/ros2_ws/install/dynamic_consensus/lib/pkgconfig/dynamic_consensus.pc'
[21.280s] Level 1:colcon.colcon_core.environment:checking '/home/fortunato/ros2_ws/install/dynamic_consensus/lib/python3.10/site-packages'
[21.280s] Level 1:colcon.colcon_core.environment:checking '/home/fortunato/ros2_ws/install/dynamic_consensus/bin'
[21.280s] INFO:colcon.colcon_core.shell:Creating package script '/home/fortunato/ros2_ws/install/dynamic_consensus/share/dynamic_consensus/package.ps1'
[21.281s] INFO:colcon.colcon_core.shell:Creating package descriptor '/home/fortunato/ros2_ws/install/dynamic_consensus/share/dynamic_consensus/package.dsv'
[21.281s] INFO:colcon.colcon_core.shell:Creating package script '/home/fortunato/ros2_ws/install/dynamic_consensus/share/dynamic_consensus/package.sh'
[21.282s] INFO:colcon.colcon_core.shell:Creating package script '/home/fortunato/ros2_ws/install/dynamic_consensus/share/dynamic_consensus/package.bash'
[21.282s] INFO:colcon.colcon_core.shell:Creating package script '/home/fortunato/ros2_ws/install/dynamic_consensus/share/dynamic_consensus/package.zsh'
[21.283s] Level 1:colcon.colcon_core.environment:create_file_with_runtime_dependencies(/home/fortunato/ros2_ws/install/dynamic_consensus/share/colcon-core/packages/dynamic_consensus)
[21.283s] DEBUG:colcon.colcon_parallel_executor.executor.parallel:closing loop
[21.283s] DEBUG:colcon.colcon_parallel_executor.executor.parallel:loop closed
[21.284s] DEBUG:colcon.colcon_parallel_executor.executor.parallel:run_until_complete finished with '0'
[21.284s] DEBUG:colcon.colcon_core.event_reactor:joining thread
[21.290s] INFO:colcon.colcon_core.plugin_system:Skipping extension 'colcon_notification.desktop_notification.terminal_notifier': Not used on non-Darwin systems
[21.290s] INFO:colcon.colcon_core.plugin_system:Skipping extension 'colcon_notification.desktop_notification.win32': Not used on non-Windows systems
[21.290s] INFO:colcon.colcon_notification.desktop_notification:Sending desktop notification using 'notify2'
[21.300s] DEBUG:colcon.colcon_core.event_reactor:joined thread
[21.301s] INFO:colcon.colcon_core.shell:Creating prefix script '/home/fortunato/ros2_ws/install/local_setup.ps1'
[21.302s] INFO:colcon.colcon_core.shell:Creating prefix util module '/home/fortunato/ros2_ws/install/_local_setup_util_ps1.py'
[21.303s] INFO:colcon.colcon_core.shell:Creating prefix chain script '/home/fortunato/ros2_ws/install/setup.ps1'
[21.304s] INFO:colcon.colcon_core.shell:Creating prefix script '/home/fortunato/ros2_ws/install/local_setup.sh'
[21.305s] INFO:colcon.colcon_core.shell:Creating prefix util module '/home/fortunato/ros2_ws/install/_local_setup_util_sh.py'
[21.309s] INFO:colcon.colcon_core.shell:Creating prefix chain script '/home/fortunato/ros2_ws/install/setup.sh'
[21.311s] INFO:colcon.colcon_core.shell:Creating prefix script '/home/fortunato/ros2_ws/install/local_setup.bash'
[21.311s] INFO:colcon.colcon_core.shell:Creating prefix chain script '/home/fortunato/ros2_ws/install/setup.bash'
[21.312s] INFO:colcon.colcon_core.shell:Creating prefix script '/home/fortunato/ros2_ws/install/local_setup.zsh'
[21.313s] INFO:colcon.colcon_core.shell:Creating prefix chain script '/home/fortunato/ros2_ws/install/setup.zsh'
