[0.022s] Invoking command in '/home/fortunato/ros2_ws/build/cons_pkg': CMAKE_PREFIX_PATH=/home/fortunato/ros2_ws/install/dynamic_consensus:/opt/ros/humble:/home/fortunato/ros2_ws/install/consenso_pkg:/home/fortunato/ros2_ws/install/cons_pkg /usr/bin/cmake --build /home/fortunato/ros2_ws/build/cons_pkg -- -j8 -l8
[0.091s] [100%] Built target nodo
[0.104s] Invoked command in '/home/fortunato/ros2_ws/build/cons_pkg' returned '0': CMAKE_PREFIX_PATH=/home/fortunato/ros2_ws/install/dynamic_consensus:/opt/ros/humble:/home/fortunato/ros2_ws/install/consenso_pkg:/home/fortunato/ros2_ws/install/cons_pkg /usr/bin/cmake --build /home/fortunato/ros2_ws/build/cons_pkg -- -j8 -l8
[0.115s] Invoking command in '/home/fortunato/ros2_ws/build/cons_pkg': CMAKE_PREFIX_PATH=/home/fortunato/ros2_ws/install/dynamic_consensus:/opt/ros/humble:/home/fortunato/ros2_ws/install/consenso_pkg:/home/fortunato/ros2_ws/install/cons_pkg /usr/bin/cmake --install /home/fortunato/ros2_ws/build/cons_pkg
[0.122s] -- Install configuration: ""
[0.122s] -- Up-to-date: /home/fortunato/ros2_ws/install/cons_pkg/lib/cons_pkg/nodo
[0.122s] -- Up-to-date: /home/fortunato/ros2_ws/install/cons_pkg/share/cons_pkg/launch
[0.122s] -- Up-to-date: /home/fortunato/ros2_ws/install/cons_pkg/share/cons_pkg/launch/consenso_launch.launch
[0.122s] -- Up-to-date: /home/fortunato/ros2_ws/install/cons_pkg/share/ament_index/resource_index/package_run_dependencies/cons_pkg
[0.123s] -- Up-to-date: /home/fortunato/ros2_ws/install/cons_pkg/share/ament_index/resource_index/parent_prefix_path/cons_pkg
[0.123s] -- Up-to-date: /home/fortunato/ros2_ws/install/cons_pkg/share/cons_pkg/environment/ament_prefix_path.sh
[0.123s] -- Up-to-date: /home/fortunato/ros2_ws/install/cons_pkg/share/cons_pkg/environment/ament_prefix_path.dsv
[0.123s] -- Up-to-date: /home/fortunato/ros2_ws/install/cons_pkg/share/cons_pkg/environment/path.sh
[0.123s] -- Up-to-date: /home/fortunato/ros2_ws/install/cons_pkg/share/cons_pkg/environment/path.dsv
[0.123s] -- Up-to-date: /home/fortunato/ros2_ws/install/cons_pkg/share/cons_pkg/local_setup.bash
[0.124s] -- Up-to-date: /home/fortunato/ros2_ws/install/cons_pkg/share/cons_pkg/local_setup.sh
[0.124s] -- Up-to-date: /home/fortunato/ros2_ws/install/cons_pkg/share/cons_pkg/local_setup.zsh
[0.124s] -- Up-to-date: /home/fortunato/ros2_ws/install/cons_pkg/share/cons_pkg/local_setup.dsv
[0.124s] -- Installing: /home/fortunato/ros2_ws/install/cons_pkg/share/cons_pkg/package.dsv
[0.124s] -- Up-to-date: /home/fortunato/ros2_ws/install/cons_pkg/share/ament_index/resource_index/packages/cons_pkg
[0.125s] -- Up-to-date: /home/fortunato/ros2_ws/install/cons_pkg/share/cons_pkg/cmake/cons_pkgConfig.cmake
[0.125s] -- Up-to-date: /home/fortunato/ros2_ws/install/cons_pkg/share/cons_pkg/cmake/cons_pkgConfig-version.cmake
[0.125s] -- Up-to-date: /home/fortunato/ros2_ws/install/cons_pkg/share/cons_pkg/package.xml
[0.126s] Invoked command in '/home/fortunato/ros2_ws/build/cons_pkg' returned '0': CMAKE_PREFIX_PATH=/home/fortunato/ros2_ws/install/dynamic_consensus:/opt/ros/humble:/home/fortunato/ros2_ws/install/consenso_pkg:/home/fortunato/ros2_ws/install/cons_pkg /usr/bin/cmake --install /home/fortunato/ros2_ws/build/cons_pkg
