[0.165s] DEBUG:colcon:Command line arguments: ['/home/fortunato/.local/bin/colcon', 'build']
[0.165s] DEBUG:colcon:Parsed command line arguments: Namespace(log_base=None, log_level=None, verb_name='build', build_base='build', install_base='install', merge_install=False, symlink_install=False, test_result_base=None, continue_on_error=False, executor='parallel', parallel_workers=8, event_handlers=None, ignore_user_meta=False, metas=['./colcon.meta'], base_paths=['.'], packages_ignore=None, packages_ignore_regex=None, paths=None, packages_up_to=None, packages_up_to_regex=None, packages_above=None, packages_above_and_dependencies=None, packages_above_depth=None, packages_select_by_dep=None, packages_skip_by_dep=None, packages_skip_up_to=None, packages_select_build_failed=False, packages_skip_build_finished=False, packages_select_test_failures=False, packages_skip_test_passed=False, packages_select=None, packages_skip=None, packages_select_regex=None, packages_skip_regex=None, packages_start=None, packages_end=None, allow_overriding=[], cmake_args=None, cmake_target=None, cmake_target_skip_unavailable=False, cmake_clean_cache=False, cmake_clean_first=False, cmake_force_configure=False, ament_cmake_args=None, catkin_cmake_args=None, catkin_skip_building_tests=False, mixin_files=None, mixin=None, verb_parser=<colcon_mixin.mixin.mixin_argument.MixinArgumentDecorator object at 0x7211255c0760>, verb_extension=<colcon_core.verb.build.BuildVerb object at 0x7211255c00a0>, main=<bound method BuildVerb.main of <colcon_core.verb.build.BuildVerb object at 0x7211255c00a0>>, mixin_verb=('build',))
[0.205s] Level 1:colcon.colcon_core.package_discovery:discover_packages(colcon_meta) check parameters
[0.205s] Level 1:colcon.colcon_core.package_discovery:discover_packages(recursive) check parameters
[0.205s] Level 1:colcon.colcon_core.package_discovery:discover_packages(ignore) check parameters
[0.205s] Level 1:colcon.colcon_core.package_discovery:discover_packages(path) check parameters
[0.205s] Level 1:colcon.colcon_core.package_discovery:discover_packages(colcon_meta) discover
[0.205s] Level 1:colcon.colcon_core.package_discovery:discover_packages(recursive) discover
[0.205s] INFO:colcon.colcon_core.package_discovery:Crawling recursively for packages in '/home/fortunato/ros2_ws'
[0.205s] Level 1:colcon.colcon_core.package_identification:_identify(.) by extensions ['ignore', 'ignore_ament_install']
[0.206s] Level 1:colcon.colcon_core.package_identification:_identify(.) by extension 'ignore'
[0.206s] Level 1:colcon.colcon_core.package_identification:_identify(.) by extension 'ignore_ament_install'
[0.206s] Level 1:colcon.colcon_core.package_identification:_identify(.) by extensions ['colcon_pkg']
[0.206s] Level 1:colcon.colcon_core.package_identification:_identify(.) by extension 'colcon_pkg'
[0.206s] Level 1:colcon.colcon_core.package_identification:_identify(.) by extensions ['colcon_meta']
[0.206s] Level 1:colcon.colcon_core.package_identification:_identify(.) by extension 'colcon_meta'
[0.206s] Level 1:colcon.colcon_core.package_identification:_identify(.) by extensions ['ros']
[0.206s] Level 1:colcon.colcon_core.package_identification:_identify(.) by extension 'ros'
[0.221s] Level 1:colcon.colcon_core.package_identification:_identify(.) by extensions ['cmake', 'python']
[0.221s] Level 1:colcon.colcon_core.package_identification:_identify(.) by extension 'cmake'
[0.221s] Level 1:colcon.colcon_core.package_identification:_identify(.) by extension 'python'
[0.221s] Level 1:colcon.colcon_core.package_identification:_identify(.) by extensions ['python_setup_py']
[0.221s] Level 1:colcon.colcon_core.package_identification:_identify(.) by extension 'python_setup_py'
[0.221s] Level 1:colcon.colcon_core.package_identification:_identify(build) by extensions ['ignore', 'ignore_ament_install']
[0.221s] Level 1:colcon.colcon_core.package_identification:_identify(build) by extension 'ignore'
[0.221s] Level 1:colcon.colcon_core.package_identification:_identify(build) ignored
[0.221s] Level 1:colcon.colcon_core.package_identification:_identify(install) by extensions ['ignore', 'ignore_ament_install']
[0.222s] Level 1:colcon.colcon_core.package_identification:_identify(install) by extension 'ignore'
[0.222s] Level 1:colcon.colcon_core.package_identification:_identify(install) ignored
[0.222s] Level 1:colcon.colcon_core.package_identification:_identify(log) by extensions ['ignore', 'ignore_ament_install']
[0.222s] Level 1:colcon.colcon_core.package_identification:_identify(log) by extension 'ignore'
[0.222s] Level 1:colcon.colcon_core.package_identification:_identify(log) ignored
[0.222s] Level 1:colcon.colcon_core.package_identification:_identify(src) by extensions ['ignore', 'ignore_ament_install']
[0.222s] Level 1:colcon.colcon_core.package_identification:_identify(src) by extension 'ignore'
[0.222s] Level 1:colcon.colcon_core.package_identification:_identify(src) by extension 'ignore_ament_install'
[0.222s] Level 1:colcon.colcon_core.package_identification:_identify(src) by extensions ['colcon_pkg']
[0.222s] Level 1:colcon.colcon_core.package_identification:_identify(src) by extension 'colcon_pkg'
[0.222s] Level 1:colcon.colcon_core.package_identification:_identify(src) by extensions ['colcon_meta']
[0.222s] Level 1:colcon.colcon_core.package_identification:_identify(src) by extension 'colcon_meta'
[0.222s] Level 1:colcon.colcon_core.package_identification:_identify(src) by extensions ['ros']
[0.222s] Level 1:colcon.colcon_core.package_identification:_identify(src) by extension 'ros'
[0.222s] Level 1:colcon.colcon_core.package_identification:_identify(src) by extensions ['cmake', 'python']
[0.222s] Level 1:colcon.colcon_core.package_identification:_identify(src) by extension 'cmake'
[0.223s] Level 1:colcon.colcon_core.package_identification:_identify(src) by extension 'python'
[0.223s] Level 1:colcon.colcon_core.package_identification:_identify(src) by extensions ['python_setup_py']
[0.223s] Level 1:colcon.colcon_core.package_identification:_identify(src) by extension 'python_setup_py'
[0.223s] Level 1:colcon.colcon_core.package_identification:_identify(src/dynamic_consensus) by extensions ['ignore', 'ignore_ament_install']
[0.223s] Level 1:colcon.colcon_core.package_identification:_identify(src/dynamic_consensus) by extension 'ignore'
[0.223s] Level 1:colcon.colcon_core.package_identification:_identify(src/dynamic_consensus) by extension 'ignore_ament_install'
[0.223s] Level 1:colcon.colcon_core.package_identification:_identify(src/dynamic_consensus) by extensions ['colcon_pkg']
[0.223s] Level 1:colcon.colcon_core.package_identification:_identify(src/dynamic_consensus) by extension 'colcon_pkg'
[0.223s] Level 1:colcon.colcon_core.package_identification:_identify(src/dynamic_consensus) by extensions ['colcon_meta']
[0.223s] Level 1:colcon.colcon_core.package_identification:_identify(src/dynamic_consensus) by extension 'colcon_meta'
[0.223s] Level 1:colcon.colcon_core.package_identification:_identify(src/dynamic_consensus) by extensions ['ros']
[0.223s] Level 1:colcon.colcon_core.package_identification:_identify(src/dynamic_consensus) by extension 'ros'
[0.225s] DEBUG:colcon.colcon_core.package_identification:Package 'src/dynamic_consensus' with type 'ros.ament_cmake' and name 'dynamic_consensus'
[0.226s] Level 1:colcon.colcon_core.package_discovery:discover_packages(recursive) using defaults
[0.226s] Level 1:colcon.colcon_core.package_discovery:discover_packages(ignore) discover
[0.226s] Level 1:colcon.colcon_core.package_discovery:discover_packages(ignore) using defaults
[0.226s] Level 1:colcon.colcon_core.package_discovery:discover_packages(path) discover
[0.226s] Level 1:colcon.colcon_core.package_discovery:discover_packages(path) using defaults
[0.245s] Level 1:colcon.colcon_core.package_discovery:discover_packages(prefix_path) check parameters
[0.245s] Level 1:colcon.colcon_core.package_discovery:discover_packages(prefix_path) discover
[0.247s] DEBUG:colcon.colcon_installed_package_information.package_discovery:Found 1 installed packages in /home/fortunato/ros2_ws/install
[0.248s] DEBUG:colcon.colcon_installed_package_information.package_discovery:Found 277 installed packages in /opt/ros/humble
[0.249s] Level 1:colcon.colcon_core.package_discovery:discover_packages(prefix_path) using defaults
[0.288s] Level 5:colcon.colcon_core.verb:set package 'dynamic_consensus' build argument 'cmake_args' from command line to 'None'
[0.288s] Level 5:colcon.colcon_core.verb:set package 'dynamic_consensus' build argument 'cmake_target' from command line to 'None'
[0.288s] Level 5:colcon.colcon_core.verb:set package 'dynamic_consensus' build argument 'cmake_target_skip_unavailable' from command line to 'False'
[0.288s] Level 5:colcon.colcon_core.verb:set package 'dynamic_consensus' build argument 'cmake_clean_cache' from command line to 'False'
[0.288s] Level 5:colcon.colcon_core.verb:set package 'dynamic_consensus' build argument 'cmake_clean_first' from command line to 'False'
[0.288s] Level 5:colcon.colcon_core.verb:set package 'dynamic_consensus' build argument 'cmake_force_configure' from command line to 'False'
[0.288s] Level 5:colcon.colcon_core.verb:set package 'dynamic_consensus' build argument 'ament_cmake_args' from command line to 'None'
[0.288s] Level 5:colcon.colcon_core.verb:set package 'dynamic_consensus' build argument 'catkin_cmake_args' from command line to 'None'
[0.288s] Level 5:colcon.colcon_core.verb:set package 'dynamic_consensus' build argument 'catkin_skip_building_tests' from command line to 'False'
[0.289s] DEBUG:colcon.colcon_core.verb:Building package 'dynamic_consensus' with the following arguments: {'ament_cmake_args': None, 'build_base': '/home/fortunato/ros2_ws/build/dynamic_consensus', 'catkin_cmake_args': None, 'catkin_skip_building_tests': False, 'cmake_args': None, 'cmake_clean_cache': False, 'cmake_clean_first': False, 'cmake_force_configure': False, 'cmake_target': None, 'cmake_target_skip_unavailable': False, 'install_base': '/home/fortunato/ros2_ws/install/dynamic_consensus', 'merge_install': False, 'path': '/home/fortunato/ros2_ws/src/dynamic_consensus', 'symlink_install': False, 'test_result_base': None}
[0.289s] INFO:colcon.colcon_core.executor:Executing jobs using 'parallel' executor
[0.289s] DEBUG:colcon.colcon_parallel_executor.executor.parallel:run_until_complete
[0.290s] INFO:colcon.colcon_ros.task.ament_cmake.build:Building ROS package in '/home/fortunato/ros2_ws/src/dynamic_consensus' with build type 'ament_cmake'
[0.290s] INFO:colcon.colcon_cmake.task.cmake.build:Building CMake package in '/home/fortunato/ros2_ws/src/dynamic_consensus'
[0.292s] INFO:colcon.colcon_core.plugin_system:Skipping extension 'colcon_core.shell.bat': Not used on non-Windows systems
[0.292s] INFO:colcon.colcon_core.shell:Skip shell extension 'powershell' for command environment: Not usable outside of PowerShell
[0.292s] DEBUG:colcon.colcon_core.shell:Skip shell extension 'dsv' for command environment
[0.313s] DEBUG:colcon.colcon_core.event_handler.log_command:Invoking command in '/home/fortunato/ros2_ws/build/dynamic_consensus': CMAKE_PREFIX_PATH=${CMAKE_PREFIX_PATH}:/opt/ros/humble /usr/bin/cmake --build /home/fortunato/ros2_ws/build/dynamic_consensus -- -j8 -l8
[17.302s] DEBUG:colcon.colcon_core.event_handler.log_command:Invoked command in '/home/fortunato/ros2_ws/build/dynamic_consensus' returned '0': CMAKE_PREFIX_PATH=${CMAKE_PREFIX_PATH}:/opt/ros/humble /usr/bin/cmake --build /home/fortunato/ros2_ws/build/dynamic_consensus -- -j8 -l8
[17.310s] DEBUG:colcon.colcon_core.event_handler.log_command:Invoking command in '/home/fortunato/ros2_ws/build/dynamic_consensus': CMAKE_PREFIX_PATH=${CMAKE_PREFIX_PATH}:/opt/ros/humble /usr/bin/cmake --install /home/fortunato/ros2_ws/build/dynamic_consensus
[17.326s] Level 1:colcon.colcon_core.environment:create_environment_scripts_only(dynamic_consensus)
[17.327s] DEBUG:colcon.colcon_core.event_handler.log_command:Invoked command in '/home/fortunato/ros2_ws/build/dynamic_consensus' returned '0': CMAKE_PREFIX_PATH=${CMAKE_PREFIX_PATH}:/opt/ros/humble /usr/bin/cmake --install /home/fortunato/ros2_ws/build/dynamic_consensus
[17.328s] Level 1:colcon.colcon_core.environment:checking '/home/fortunato/ros2_ws/install/dynamic_consensus' for CMake module files
[17.329s] Level 1:colcon.colcon_core.environment:checking '/home/fortunato/ros2_ws/install/dynamic_consensus' for CMake config files
[17.329s] Level 1:colcon.colcon_core.shell:create_environment_hook('dynamic_consensus', 'cmake_prefix_path')
[17.329s] INFO:colcon.colcon_core.shell:Creating environment hook '/home/fortunato/ros2_ws/install/dynamic_consensus/share/dynamic_consensus/hook/cmake_prefix_path.ps1'
[17.330s] INFO:colcon.colcon_core.shell:Creating environment descriptor '/home/fortunato/ros2_ws/install/dynamic_consensus/share/dynamic_consensus/hook/cmake_prefix_path.dsv'
[17.331s] INFO:colcon.colcon_core.shell:Creating environment hook '/home/fortunato/ros2_ws/install/dynamic_consensus/share/dynamic_consensus/hook/cmake_prefix_path.sh'
[17.332s] Level 1:colcon.colcon_core.environment:checking '/home/fortunato/ros2_ws/install/dynamic_consensus/lib'
[17.332s] Level 1:colcon.colcon_core.environment:checking '/home/fortunato/ros2_ws/install/dynamic_consensus/bin'
[17.332s] Level 1:colcon.colcon_core.environment:checking '/home/fortunato/ros2_ws/install/dynamic_consensus/lib/pkgconfig/dynamic_consensus.pc'
[17.332s] Level 1:colcon.colcon_core.environment:checking '/home/fortunato/ros2_ws/install/dynamic_consensus/lib/python3.10/site-packages'
[17.333s] Level 1:colcon.colcon_core.environment:checking '/home/fortunato/ros2_ws/install/dynamic_consensus/bin'
[17.333s] INFO:colcon.colcon_core.shell:Creating package script '/home/fortunato/ros2_ws/install/dynamic_consensus/share/dynamic_consensus/package.ps1'
[17.334s] INFO:colcon.colcon_core.shell:Creating package descriptor '/home/fortunato/ros2_ws/install/dynamic_consensus/share/dynamic_consensus/package.dsv'
[17.334s] INFO:colcon.colcon_core.shell:Creating package script '/home/fortunato/ros2_ws/install/dynamic_consensus/share/dynamic_consensus/package.sh'
[17.335s] INFO:colcon.colcon_core.shell:Creating package script '/home/fortunato/ros2_ws/install/dynamic_consensus/share/dynamic_consensus/package.bash'
[17.335s] INFO:colcon.colcon_core.shell:Creating package script '/home/fortunato/ros2_ws/install/dynamic_consensus/share/dynamic_consensus/package.zsh'
[17.336s] Level 1:colcon.colcon_core.environment:create_file_with_runtime_dependencies(/home/fortunato/ros2_ws/install/dynamic_consensus/share/colcon-core/packages/dynamic_consensus)
[17.337s] Level 1:colcon.colcon_core.environment:create_environment_scripts_only(dynamic_consensus)
[17.337s] Level 1:colcon.colcon_core.environment:checking '/home/fortunato/ros2_ws/install/dynamic_consensus' for CMake module files
[17.337s] Level 1:colcon.colcon_core.environment:checking '/home/fortunato/ros2_ws/install/dynamic_consensus' for CMake config files
[17.337s] Level 1:colcon.colcon_core.shell:create_environment_hook('dynamic_consensus', 'cmake_prefix_path')
[17.338s] INFO:colcon.colcon_core.shell:Creating environment hook '/home/fortunato/ros2_ws/install/dynamic_consensus/share/dynamic_consensus/hook/cmake_prefix_path.ps1'
[17.338s] INFO:colcon.colcon_core.shell:Creating environment descriptor '/home/fortunato/ros2_ws/install/dynamic_consensus/share/dynamic_consensus/hook/cmake_prefix_path.dsv'
[17.338s] INFO:colcon.colcon_core.shell:Creating environment hook '/home/fortunato/ros2_ws/install/dynamic_consensus/share/dynamic_consensus/hook/cmake_prefix_path.sh'
[17.339s] Level 1:colcon.colcon_core.environment:checking '/home/fortunato/ros2_ws/install/dynamic_consensus/lib'
[17.339s] Level 1:colcon.colcon_core.environment:checking '/home/fortunato/ros2_ws/install/dynamic_consensus/bin'
[17.339s] Level 1:colcon.colcon_core.environment:checking '/home/fortunato/ros2_ws/install/dynamic_consensus/lib/pkgconfig/dynamic_consensus.pc'
[17.339s] Level 1:colcon.colcon_core.environment:checking '/home/fortunato/ros2_ws/install/dynamic_consensus/lib/python3.10/site-packages'
[17.340s] Level 1:colcon.colcon_core.environment:checking '/home/fortunato/ros2_ws/install/dynamic_consensus/bin'
[17.340s] INFO:colcon.colcon_core.shell:Creating package script '/home/fortunato/ros2_ws/install/dynamic_consensus/share/dynamic_consensus/package.ps1'
[17.340s] INFO:colcon.colcon_core.shell:Creating package descriptor '/home/fortunato/ros2_ws/install/dynamic_consensus/share/dynamic_consensus/package.dsv'
[17.341s] INFO:colcon.colcon_core.shell:Creating package script '/home/fortunato/ros2_ws/install/dynamic_consensus/share/dynamic_consensus/package.sh'
[17.341s] INFO:colcon.colcon_core.shell:Creating package script '/home/fortunato/ros2_ws/install/dynamic_consensus/share/dynamic_consensus/package.bash'
[17.341s] INFO:colcon.colcon_core.shell:Creating package script '/home/fortunato/ros2_ws/install/dynamic_consensus/share/dynamic_consensus/package.zsh'
[17.342s] Level 1:colcon.colcon_core.environment:create_file_with_runtime_dependencies(/home/fortunato/ros2_ws/install/dynamic_consensus/share/colcon-core/packages/dynamic_consensus)
[17.342s] DEBUG:colcon.colcon_parallel_executor.executor.parallel:closing loop
[17.342s] DEBUG:colcon.colcon_parallel_executor.executor.parallel:loop closed
[17.342s] DEBUG:colcon.colcon_parallel_executor.executor.parallel:run_until_complete finished with '0'
[17.342s] DEBUG:colcon.colcon_core.event_reactor:joining thread
[17.347s] INFO:colcon.colcon_core.plugin_system:Skipping extension 'colcon_notification.desktop_notification.terminal_notifier': Not used on non-Darwin systems
[17.347s] INFO:colcon.colcon_core.plugin_system:Skipping extension 'colcon_notification.desktop_notification.win32': Not used on non-Windows systems
[17.347s] INFO:colcon.colcon_notification.desktop_notification:Sending desktop notification using 'notify2'
[17.358s] DEBUG:colcon.colcon_core.event_reactor:joined thread
[17.358s] INFO:colcon.colcon_core.shell:Creating prefix script '/home/fortunato/ros2_ws/install/local_setup.ps1'
[17.359s] INFO:colcon.colcon_core.shell:Creating prefix util module '/home/fortunato/ros2_ws/install/_local_setup_util_ps1.py'
[17.361s] INFO:colcon.colcon_core.shell:Creating prefix chain script '/home/fortunato/ros2_ws/install/setup.ps1'
[17.362s] INFO:colcon.colcon_core.shell:Creating prefix script '/home/fortunato/ros2_ws/install/local_setup.sh'
[17.362s] INFO:colcon.colcon_core.shell:Creating prefix util module '/home/fortunato/ros2_ws/install/_local_setup_util_sh.py'
[17.363s] INFO:colcon.colcon_core.shell:Creating prefix chain script '/home/fortunato/ros2_ws/install/setup.sh'
[17.364s] INFO:colcon.colcon_core.shell:Creating prefix script '/home/fortunato/ros2_ws/install/local_setup.bash'
[17.365s] INFO:colcon.colcon_core.shell:Creating prefix chain script '/home/fortunato/ros2_ws/install/setup.bash'
[17.366s] INFO:colcon.colcon_core.shell:Creating prefix script '/home/fortunato/ros2_ws/install/local_setup.zsh'
[17.367s] INFO:colcon.colcon_core.shell:Creating prefix chain script '/home/fortunato/ros2_ws/install/setup.zsh'
