[0.169s] DEBUG:colcon:Command line arguments: ['/home/fortunato/.local/bin/colcon', 'build']
[0.169s] DEBUG:colcon:Parsed command line arguments: Namespace(log_base=None, log_level=None, verb_name='build', build_base='build', install_base='install', merge_install=False, symlink_install=False, test_result_base=None, continue_on_error=False, executor='parallel', parallel_workers=8, event_handlers=None, ignore_user_meta=False, metas=['./colcon.meta'], base_paths=['.'], packages_ignore=None, packages_ignore_regex=None, paths=None, packages_up_to=None, packages_up_to_regex=None, packages_above=None, packages_above_and_dependencies=None, packages_above_depth=None, packages_select_by_dep=None, packages_skip_by_dep=None, packages_skip_up_to=None, packages_select_build_failed=False, packages_skip_build_finished=False, packages_select_test_failures=False, packages_skip_test_passed=False, packages_select=None, packages_skip=None, packages_select_regex=None, packages_skip_regex=None, packages_start=None, packages_end=None, allow_overriding=[], cmake_args=None, cmake_target=None, cmake_target_skip_unavailable=False, cmake_clean_cache=False, cmake_clean_first=False, cmake_force_configure=False, ament_cmake_args=None, catkin_cmake_args=None, catkin_skip_building_tests=False, mixin_files=None, mixin=None, verb_parser=<colcon_mixin.mixin.mixin_argument.MixinArgumentDecorator object at 0x73e657dd47c0>, verb_extension=<colcon_core.verb.build.BuildVerb object at 0x73e657dd4100>, main=<bound method BuildVerb.main of <colcon_core.verb.build.BuildVerb object at 0x73e657dd4100>>, mixin_verb=('build',))
[0.208s] Level 1:colcon.colcon_core.package_discovery:discover_packages(colcon_meta) check parameters
[0.208s] Level 1:colcon.colcon_core.package_discovery:discover_packages(recursive) check parameters
[0.208s] Level 1:colcon.colcon_core.package_discovery:discover_packages(ignore) check parameters
[0.208s] Level 1:colcon.colcon_core.package_discovery:discover_packages(path) check parameters
[0.208s] Level 1:colcon.colcon_core.package_discovery:discover_packages(colcon_meta) discover
[0.208s] Level 1:colcon.colcon_core.package_discovery:discover_packages(recursive) discover
[0.208s] INFO:colcon.colcon_core.package_discovery:Crawling recursively for packages in '/home/fortunato/ros2_ws'
[0.208s] Level 1:colcon.colcon_core.package_identification:_identify(.) by extensions ['ignore', 'ignore_ament_install']
[0.208s] Level 1:colcon.colcon_core.package_identification:_identify(.) by extension 'ignore'
[0.209s] Level 1:colcon.colcon_core.package_identification:_identify(.) by extension 'ignore_ament_install'
[0.209s] Level 1:colcon.colcon_core.package_identification:_identify(.) by extensions ['colcon_pkg']
[0.209s] Level 1:colcon.colcon_core.package_identification:_identify(.) by extension 'colcon_pkg'
[0.209s] Level 1:colcon.colcon_core.package_identification:_identify(.) by extensions ['colcon_meta']
[0.209s] Level 1:colcon.colcon_core.package_identification:_identify(.) by extension 'colcon_meta'
[0.209s] Level 1:colcon.colcon_core.package_identification:_identify(.) by extensions ['ros']
[0.209s] Level 1:colcon.colcon_core.package_identification:_identify(.) by extension 'ros'
[0.223s] Level 1:colcon.colcon_core.package_identification:_identify(.) by extensions ['cmake', 'python']
[0.223s] Level 1:colcon.colcon_core.package_identification:_identify(.) by extension 'cmake'
[0.223s] Level 1:colcon.colcon_core.package_identification:_identify(.) by extension 'python'
[0.223s] Level 1:colcon.colcon_core.package_identification:_identify(.) by extensions ['python_setup_py']
[0.223s] Level 1:colcon.colcon_core.package_identification:_identify(.) by extension 'python_setup_py'
[0.224s] Level 1:colcon.colcon_core.package_identification:_identify(build) by extensions ['ignore', 'ignore_ament_install']
[0.224s] Level 1:colcon.colcon_core.package_identification:_identify(build) by extension 'ignore'
[0.224s] Level 1:colcon.colcon_core.package_identification:_identify(build) ignored
[0.224s] Level 1:colcon.colcon_core.package_identification:_identify(install) by extensions ['ignore', 'ignore_ament_install']
[0.224s] Level 1:colcon.colcon_core.package_identification:_identify(install) by extension 'ignore'
[0.224s] Level 1:colcon.colcon_core.package_identification:_identify(install) ignored
[0.224s] Level 1:colcon.colcon_core.package_identification:_identify(log) by extensions ['ignore', 'ignore_ament_install']
[0.224s] Level 1:colcon.colcon_core.package_identification:_identify(log) by extension 'ignore'
[0.224s] Level 1:colcon.colcon_core.package_identification:_identify(log) ignored
[0.224s] Level 1:colcon.colcon_core.package_identification:_identify(src) by extensions ['ignore', 'ignore_ament_install']
[0.225s] Level 1:colcon.colcon_core.package_identification:_identify(src) by extension 'ignore'
[0.225s] Level 1:colcon.colcon_core.package_identification:_identify(src) by extension 'ignore_ament_install'
[0.225s] Level 1:colcon.colcon_core.package_identification:_identify(src) by extensions ['colcon_pkg']
[0.225s] Level 1:colcon.colcon_core.package_identification:_identify(src) by extension 'colcon_pkg'
[0.225s] Level 1:colcon.colcon_core.package_identification:_identify(src) by extensions ['colcon_meta']
[0.225s] Level 1:colcon.colcon_core.package_identification:_identify(src) by extension 'colcon_meta'
[0.225s] Level 1:colcon.colcon_core.package_identification:_identify(src) by extensions ['ros']
[0.225s] Level 1:colcon.colcon_core.package_identification:_identify(src) by extension 'ros'
[0.225s] Level 1:colcon.colcon_core.package_identification:_identify(src) by extensions ['cmake', 'python']
[0.225s] Level 1:colcon.colcon_core.package_identification:_identify(src) by extension 'cmake'
[0.225s] Level 1:colcon.colcon_core.package_identification:_identify(src) by extension 'python'
[0.225s] Level 1:colcon.colcon_core.package_identification:_identify(src) by extensions ['python_setup_py']
[0.225s] Level 1:colcon.colcon_core.package_identification:_identify(src) by extension 'python_setup_py'
[0.225s] Level 1:colcon.colcon_core.package_identification:_identify(src/consenso) by extensions ['ignore', 'ignore_ament_install']
[0.225s] Level 1:colcon.colcon_core.package_identification:_identify(src/consenso) by extension 'ignore'
[0.225s] Level 1:colcon.colcon_core.package_identification:_identify(src/consenso) by extension 'ignore_ament_install'
[0.225s] Level 1:colcon.colcon_core.package_identification:_identify(src/consenso) by extensions ['colcon_pkg']
[0.225s] Level 1:colcon.colcon_core.package_identification:_identify(src/consenso) by extension 'colcon_pkg'
[0.225s] Level 1:colcon.colcon_core.package_identification:_identify(src/consenso) by extensions ['colcon_meta']
[0.225s] Level 1:colcon.colcon_core.package_identification:_identify(src/consenso) by extension 'colcon_meta'
[0.225s] Level 1:colcon.colcon_core.package_identification:_identify(src/consenso) by extensions ['ros']
[0.225s] Level 1:colcon.colcon_core.package_identification:_identify(src/consenso) by extension 'ros'
[0.228s] DEBUG:colcon.colcon_core.package_identification:Package 'src/consenso' with type 'ros.catkin' and name 'consenso_pkg'
[0.228s] Level 1:colcon.colcon_core.package_identification:_identify(src/dynamic_consensus) by extensions ['ignore', 'ignore_ament_install']
[0.228s] Level 1:colcon.colcon_core.package_identification:_identify(src/dynamic_consensus) by extension 'ignore'
[0.228s] Level 1:colcon.colcon_core.package_identification:_identify(src/dynamic_consensus) by extension 'ignore_ament_install'
[0.228s] Level 1:colcon.colcon_core.package_identification:_identify(src/dynamic_consensus) by extensions ['colcon_pkg']
[0.228s] Level 1:colcon.colcon_core.package_identification:_identify(src/dynamic_consensus) by extension 'colcon_pkg'
[0.228s] Level 1:colcon.colcon_core.package_identification:_identify(src/dynamic_consensus) by extensions ['colcon_meta']
[0.228s] Level 1:colcon.colcon_core.package_identification:_identify(src/dynamic_consensus) by extension 'colcon_meta'
[0.228s] Level 1:colcon.colcon_core.package_identification:_identify(src/dynamic_consensus) by extensions ['ros']
[0.228s] Level 1:colcon.colcon_core.package_identification:_identify(src/dynamic_consensus) by extension 'ros'
[0.229s] DEBUG:colcon.colcon_core.package_identification:Package 'src/dynamic_consensus' with type 'ros.ament_cmake' and name 'dynamic_consensus'
[0.229s] Level 1:colcon.colcon_core.package_discovery:discover_packages(recursive) using defaults
[0.229s] Level 1:colcon.colcon_core.package_discovery:discover_packages(ignore) discover
[0.229s] Level 1:colcon.colcon_core.package_discovery:discover_packages(ignore) using defaults
[0.229s] Level 1:colcon.colcon_core.package_discovery:discover_packages(path) discover
[0.229s] Level 1:colcon.colcon_core.package_discovery:discover_packages(path) using defaults
[0.248s] Level 1:colcon.colcon_core.package_discovery:discover_packages(prefix_path) check parameters
[0.249s] Level 1:colcon.colcon_core.package_discovery:discover_packages(prefix_path) discover
[0.251s] DEBUG:colcon.colcon_installed_package_information.package_discovery:Found 2 installed packages in /home/fortunato/ros2_ws/install
[0.252s] DEBUG:colcon.colcon_installed_package_information.package_discovery:Found 277 installed packages in /opt/ros/humble
[0.254s] Level 1:colcon.colcon_core.package_discovery:discover_packages(prefix_path) using defaults
[0.291s] Level 5:colcon.colcon_core.verb:set package 'consenso_pkg' build argument 'cmake_args' from command line to 'None'
[0.291s] Level 5:colcon.colcon_core.verb:set package 'consenso_pkg' build argument 'cmake_target' from command line to 'None'
[0.291s] Level 5:colcon.colcon_core.verb:set package 'consenso_pkg' build argument 'cmake_target_skip_unavailable' from command line to 'False'
[0.291s] Level 5:colcon.colcon_core.verb:set package 'consenso_pkg' build argument 'cmake_clean_cache' from command line to 'False'
[0.291s] Level 5:colcon.colcon_core.verb:set package 'consenso_pkg' build argument 'cmake_clean_first' from command line to 'False'
[0.291s] Level 5:colcon.colcon_core.verb:set package 'consenso_pkg' build argument 'cmake_force_configure' from command line to 'False'
[0.291s] Level 5:colcon.colcon_core.verb:set package 'consenso_pkg' build argument 'ament_cmake_args' from command line to 'None'
[0.291s] Level 5:colcon.colcon_core.verb:set package 'consenso_pkg' build argument 'catkin_cmake_args' from command line to 'None'
[0.291s] Level 5:colcon.colcon_core.verb:set package 'consenso_pkg' build argument 'catkin_skip_building_tests' from command line to 'False'
[0.291s] DEBUG:colcon.colcon_core.verb:Building package 'consenso_pkg' with the following arguments: {'ament_cmake_args': None, 'build_base': '/home/fortunato/ros2_ws/build/consenso_pkg', 'catkin_cmake_args': None, 'catkin_skip_building_tests': False, 'cmake_args': None, 'cmake_clean_cache': False, 'cmake_clean_first': False, 'cmake_force_configure': False, 'cmake_target': None, 'cmake_target_skip_unavailable': False, 'install_base': '/home/fortunato/ros2_ws/install/consenso_pkg', 'merge_install': False, 'path': '/home/fortunato/ros2_ws/src/consenso', 'symlink_install': False, 'test_result_base': None}
[0.291s] Level 5:colcon.colcon_core.verb:set package 'dynamic_consensus' build argument 'cmake_args' from command line to 'None'
[0.291s] Level 5:colcon.colcon_core.verb:set package 'dynamic_consensus' build argument 'cmake_target' from command line to 'None'
[0.291s] Level 5:colcon.colcon_core.verb:set package 'dynamic_consensus' build argument 'cmake_target_skip_unavailable' from command line to 'False'
[0.291s] Level 5:colcon.colcon_core.verb:set package 'dynamic_consensus' build argument 'cmake_clean_cache' from command line to 'False'
[0.291s] Level 5:colcon.colcon_core.verb:set package 'dynamic_consensus' build argument 'cmake_clean_first' from command line to 'False'
[0.291s] Level 5:colcon.colcon_core.verb:set package 'dynamic_consensus' build argument 'cmake_force_configure' from command line to 'False'
[0.291s] Level 5:colcon.colcon_core.verb:set package 'dynamic_consensus' build argument 'ament_cmake_args' from command line to 'None'
[0.291s] Level 5:colcon.colcon_core.verb:set package 'dynamic_consensus' build argument 'catkin_cmake_args' from command line to 'None'
[0.291s] Level 5:colcon.colcon_core.verb:set package 'dynamic_consensus' build argument 'catkin_skip_building_tests' from command line to 'False'
[0.291s] DEBUG:colcon.colcon_core.verb:Building package 'dynamic_consensus' with the following arguments: {'ament_cmake_args': None, 'build_base': '/home/fortunato/ros2_ws/build/dynamic_consensus', 'catkin_cmake_args': None, 'catkin_skip_building_tests': False, 'cmake_args': None, 'cmake_clean_cache': False, 'cmake_clean_first': False, 'cmake_force_configure': False, 'cmake_target': None, 'cmake_target_skip_unavailable': False, 'install_base': '/home/fortunato/ros2_ws/install/dynamic_consensus', 'merge_install': False, 'path': '/home/fortunato/ros2_ws/src/dynamic_consensus', 'symlink_install': False, 'test_result_base': None}
[0.292s] INFO:colcon.colcon_core.executor:Executing jobs using 'parallel' executor
[0.292s] DEBUG:colcon.colcon_parallel_executor.executor.parallel:run_until_complete
[0.293s] INFO:colcon.colcon_ros.task.catkin.build:Building ROS package in '/home/fortunato/ros2_ws/src/consenso' with build type 'catkin'
[0.293s] INFO:colcon.colcon_cmake.task.cmake.build:Building CMake package in '/home/fortunato/ros2_ws/src/consenso'
[0.295s] INFO:colcon.colcon_core.plugin_system:Skipping extension 'colcon_core.shell.bat': Not used on non-Windows systems
[0.295s] INFO:colcon.colcon_core.shell:Skip shell extension 'powershell' for command environment: Not usable outside of PowerShell
[0.295s] DEBUG:colcon.colcon_core.shell:Skip shell extension 'dsv' for command environment
[0.307s] INFO:colcon.colcon_ros.task.ament_cmake.build:Building ROS package in '/home/fortunato/ros2_ws/src/dynamic_consensus' with build type 'ament_cmake'
[0.308s] INFO:colcon.colcon_cmake.task.cmake.build:Building CMake package in '/home/fortunato/ros2_ws/src/dynamic_consensus'
[0.308s] INFO:colcon.colcon_core.shell:Skip shell extension 'powershell' for command environment: Not usable outside of PowerShell
[0.308s] DEBUG:colcon.colcon_core.shell:Skip shell extension 'dsv' for command environment
[0.316s] DEBUG:colcon.colcon_core.event_handler.log_command:Invoking command in '/home/fortunato/ros2_ws/build/consenso_pkg': /usr/bin/cmake --build /home/fortunato/ros2_ws/build/consenso_pkg -- -j8 -l8
[0.320s] DEBUG:colcon.colcon_core.event_handler.log_command:Invoking command in '/home/fortunato/ros2_ws/build/dynamic_consensus': CMAKE_PREFIX_PATH=${CMAKE_PREFIX_PATH}:/opt/ros/humble /usr/bin/cmake --build /home/fortunato/ros2_ws/build/dynamic_consensus -- -j8 -l8
[0.387s] DEBUG:colcon.colcon_core.event_handler.log_command:Invoked command in '/home/fortunato/ros2_ws/build/dynamic_consensus' returned '0': CMAKE_PREFIX_PATH=${CMAKE_PREFIX_PATH}:/opt/ros/humble /usr/bin/cmake --build /home/fortunato/ros2_ws/build/dynamic_consensus -- -j8 -l8
[0.396s] DEBUG:colcon.colcon_core.event_handler.log_command:Invoking command in '/home/fortunato/ros2_ws/build/dynamic_consensus': CMAKE_PREFIX_PATH=${CMAKE_PREFIX_PATH}:/opt/ros/humble /usr/bin/cmake --install /home/fortunato/ros2_ws/build/dynamic_consensus
[0.407s] Level 1:colcon.colcon_core.environment:create_environment_scripts_only(dynamic_consensus)
[0.408s] DEBUG:colcon.colcon_core.event_handler.log_command:Invoked command in '/home/fortunato/ros2_ws/build/dynamic_consensus' returned '0': CMAKE_PREFIX_PATH=${CMAKE_PREFIX_PATH}:/opt/ros/humble /usr/bin/cmake --install /home/fortunato/ros2_ws/build/dynamic_consensus
[0.410s] Level 1:colcon.colcon_core.environment:checking '/home/fortunato/ros2_ws/install/dynamic_consensus' for CMake module files
[0.410s] Level 1:colcon.colcon_core.environment:checking '/home/fortunato/ros2_ws/install/dynamic_consensus' for CMake config files
[0.411s] Level 1:colcon.colcon_core.shell:create_environment_hook('dynamic_consensus', 'cmake_prefix_path')
[0.411s] INFO:colcon.colcon_core.shell:Creating environment hook '/home/fortunato/ros2_ws/install/dynamic_consensus/share/dynamic_consensus/hook/cmake_prefix_path.ps1'
[0.411s] INFO:colcon.colcon_core.shell:Creating environment descriptor '/home/fortunato/ros2_ws/install/dynamic_consensus/share/dynamic_consensus/hook/cmake_prefix_path.dsv'
[0.412s] INFO:colcon.colcon_core.shell:Creating environment hook '/home/fortunato/ros2_ws/install/dynamic_consensus/share/dynamic_consensus/hook/cmake_prefix_path.sh'
[0.413s] Level 1:colcon.colcon_core.environment:checking '/home/fortunato/ros2_ws/install/dynamic_consensus/lib'
[0.413s] Level 1:colcon.colcon_core.environment:checking '/home/fortunato/ros2_ws/install/dynamic_consensus/bin'
[0.413s] Level 1:colcon.colcon_core.environment:checking '/home/fortunato/ros2_ws/install/dynamic_consensus/lib/pkgconfig/dynamic_consensus.pc'
[0.413s] Level 1:colcon.colcon_core.environment:checking '/home/fortunato/ros2_ws/install/dynamic_consensus/lib/python3.10/site-packages'
[0.413s] Level 1:colcon.colcon_core.environment:checking '/home/fortunato/ros2_ws/install/dynamic_consensus/bin'
[0.414s] INFO:colcon.colcon_core.shell:Creating package script '/home/fortunato/ros2_ws/install/dynamic_consensus/share/dynamic_consensus/package.ps1'
[0.414s] INFO:colcon.colcon_core.shell:Creating package descriptor '/home/fortunato/ros2_ws/install/dynamic_consensus/share/dynamic_consensus/package.dsv'
[0.415s] INFO:colcon.colcon_core.shell:Creating package script '/home/fortunato/ros2_ws/install/dynamic_consensus/share/dynamic_consensus/package.sh'
[0.416s] INFO:colcon.colcon_core.shell:Creating package script '/home/fortunato/ros2_ws/install/dynamic_consensus/share/dynamic_consensus/package.bash'
[0.416s] INFO:colcon.colcon_core.shell:Creating package script '/home/fortunato/ros2_ws/install/dynamic_consensus/share/dynamic_consensus/package.zsh'
[0.417s] Level 1:colcon.colcon_core.environment:create_file_with_runtime_dependencies(/home/fortunato/ros2_ws/install/dynamic_consensus/share/colcon-core/packages/dynamic_consensus)
[0.418s] Level 1:colcon.colcon_core.environment:create_environment_scripts_only(dynamic_consensus)
[0.418s] Level 1:colcon.colcon_core.environment:checking '/home/fortunato/ros2_ws/install/dynamic_consensus' for CMake module files
[0.418s] Level 1:colcon.colcon_core.environment:checking '/home/fortunato/ros2_ws/install/dynamic_consensus' for CMake config files
[0.418s] Level 1:colcon.colcon_core.shell:create_environment_hook('dynamic_consensus', 'cmake_prefix_path')
[0.419s] INFO:colcon.colcon_core.shell:Creating environment hook '/home/fortunato/ros2_ws/install/dynamic_consensus/share/dynamic_consensus/hook/cmake_prefix_path.ps1'
[0.419s] INFO:colcon.colcon_core.shell:Creating environment descriptor '/home/fortunato/ros2_ws/install/dynamic_consensus/share/dynamic_consensus/hook/cmake_prefix_path.dsv'
[0.419s] INFO:colcon.colcon_core.shell:Creating environment hook '/home/fortunato/ros2_ws/install/dynamic_consensus/share/dynamic_consensus/hook/cmake_prefix_path.sh'
[0.420s] Level 1:colcon.colcon_core.environment:checking '/home/fortunato/ros2_ws/install/dynamic_consensus/lib'
[0.420s] Level 1:colcon.colcon_core.environment:checking '/home/fortunato/ros2_ws/install/dynamic_consensus/bin'
[0.420s] Level 1:colcon.colcon_core.environment:checking '/home/fortunato/ros2_ws/install/dynamic_consensus/lib/pkgconfig/dynamic_consensus.pc'
[0.420s] Level 1:colcon.colcon_core.environment:checking '/home/fortunato/ros2_ws/install/dynamic_consensus/lib/python3.10/site-packages'
[0.421s] Level 1:colcon.colcon_core.environment:checking '/home/fortunato/ros2_ws/install/dynamic_consensus/bin'
[0.421s] INFO:colcon.colcon_core.shell:Creating package script '/home/fortunato/ros2_ws/install/dynamic_consensus/share/dynamic_consensus/package.ps1'
[0.421s] INFO:colcon.colcon_core.shell:Creating package descriptor '/home/fortunato/ros2_ws/install/dynamic_consensus/share/dynamic_consensus/package.dsv'
[0.422s] INFO:colcon.colcon_core.shell:Creating package script '/home/fortunato/ros2_ws/install/dynamic_consensus/share/dynamic_consensus/package.sh'
[0.422s] INFO:colcon.colcon_core.shell:Creating package script '/home/fortunato/ros2_ws/install/dynamic_consensus/share/dynamic_consensus/package.bash'
[0.423s] INFO:colcon.colcon_core.shell:Creating package script '/home/fortunato/ros2_ws/install/dynamic_consensus/share/dynamic_consensus/package.zsh'
[0.423s] Level 1:colcon.colcon_core.environment:create_file_with_runtime_dependencies(/home/fortunato/ros2_ws/install/dynamic_consensus/share/colcon-core/packages/dynamic_consensus)
[5.046s] DEBUG:colcon.colcon_core.event_handler.log_command:Invoked command in '/home/fortunato/ros2_ws/build/consenso_pkg' returned '2': /usr/bin/cmake --build /home/fortunato/ros2_ws/build/consenso_pkg -- -j8 -l8
[5.046s] Level 1:colcon.colcon_core.shell:create_environment_hook('consenso_pkg', 'ros_package_path')
[5.047s] INFO:colcon.colcon_core.shell:Creating environment hook '/home/fortunato/ros2_ws/install/consenso_pkg/share/consenso_pkg/hook/ros_package_path.ps1'
[5.047s] INFO:colcon.colcon_core.shell:Creating environment descriptor '/home/fortunato/ros2_ws/install/consenso_pkg/share/consenso_pkg/hook/ros_package_path.dsv'
[5.047s] INFO:colcon.colcon_core.shell:Creating environment hook '/home/fortunato/ros2_ws/install/consenso_pkg/share/consenso_pkg/hook/ros_package_path.sh'
[5.048s] Level 1:colcon.colcon_core.shell:create_environment_hook('consenso_pkg', 'pkg_config_path')
[5.048s] INFO:colcon.colcon_core.shell:Creating environment hook '/home/fortunato/ros2_ws/install/consenso_pkg/share/consenso_pkg/hook/pkg_config_path.ps1'
[5.048s] INFO:colcon.colcon_core.shell:Creating environment descriptor '/home/fortunato/ros2_ws/install/consenso_pkg/share/consenso_pkg/hook/pkg_config_path.dsv'
[5.049s] INFO:colcon.colcon_core.shell:Creating environment hook '/home/fortunato/ros2_ws/install/consenso_pkg/share/consenso_pkg/hook/pkg_config_path.sh'
[5.050s] Level 1:colcon.colcon_core.shell:create_environment_hook('consenso_pkg', 'pkg_config_path_multiarch')
[5.051s] INFO:colcon.colcon_core.shell:Creating environment hook '/home/fortunato/ros2_ws/install/consenso_pkg/share/consenso_pkg/hook/pkg_config_path_multiarch.ps1'
[5.051s] INFO:colcon.colcon_core.shell:Creating environment descriptor '/home/fortunato/ros2_ws/install/consenso_pkg/share/consenso_pkg/hook/pkg_config_path_multiarch.dsv'
[5.051s] INFO:colcon.colcon_core.shell:Creating environment hook '/home/fortunato/ros2_ws/install/consenso_pkg/share/consenso_pkg/hook/pkg_config_path_multiarch.sh'
[5.052s] Level 1:colcon.colcon_core.environment:create_environment_scripts_only(consenso_pkg)
[5.052s] Level 1:colcon.colcon_core.environment:checking '/home/fortunato/ros2_ws/install/consenso_pkg' for CMake module files
[5.053s] Level 1:colcon.colcon_core.environment:checking '/home/fortunato/ros2_ws/install/consenso_pkg' for CMake config files
[5.053s] Level 1:colcon.colcon_core.environment:checking '/home/fortunato/ros2_ws/install/consenso_pkg/bin'
[5.053s] Level 1:colcon.colcon_core.environment:checking '/home/fortunato/ros2_ws/install/consenso_pkg/lib/pkgconfig/consenso_pkg.pc'
[5.053s] Level 1:colcon.colcon_core.environment:checking '/home/fortunato/ros2_ws/install/consenso_pkg/lib/python3.10/site-packages'
[5.053s] Level 1:colcon.colcon_core.environment:checking '/home/fortunato/ros2_ws/install/consenso_pkg/bin'
[5.054s] INFO:colcon.colcon_core.shell:Creating package script '/home/fortunato/ros2_ws/install/consenso_pkg/share/consenso_pkg/package.ps1'
[5.054s] INFO:colcon.colcon_core.shell:Creating package descriptor '/home/fortunato/ros2_ws/install/consenso_pkg/share/consenso_pkg/package.dsv'
[5.055s] INFO:colcon.colcon_core.shell:Creating package script '/home/fortunato/ros2_ws/install/consenso_pkg/share/consenso_pkg/package.sh'
[5.055s] INFO:colcon.colcon_core.shell:Creating package script '/home/fortunato/ros2_ws/install/consenso_pkg/share/consenso_pkg/package.bash'
[5.055s] INFO:colcon.colcon_core.shell:Creating package script '/home/fortunato/ros2_ws/install/consenso_pkg/share/consenso_pkg/package.zsh'
[5.056s] Level 1:colcon.colcon_core.environment:create_file_with_runtime_dependencies(/home/fortunato/ros2_ws/install/consenso_pkg/share/colcon-core/packages/consenso_pkg)
[5.066s] DEBUG:colcon.colcon_parallel_executor.executor.parallel:closing loop
[5.066s] DEBUG:colcon.colcon_parallel_executor.executor.parallel:loop closed
[5.066s] DEBUG:colcon.colcon_parallel_executor.executor.parallel:run_until_complete finished with '2'
[5.066s] DEBUG:colcon.colcon_core.event_reactor:joining thread
[5.071s] INFO:colcon.colcon_core.plugin_system:Skipping extension 'colcon_notification.desktop_notification.terminal_notifier': Not used on non-Darwin systems
[5.071s] INFO:colcon.colcon_core.plugin_system:Skipping extension 'colcon_notification.desktop_notification.win32': Not used on non-Windows systems
[5.071s] INFO:colcon.colcon_notification.desktop_notification:Sending desktop notification using 'notify2'
[5.081s] DEBUG:colcon.colcon_core.event_reactor:joined thread
[5.082s] INFO:colcon.colcon_core.shell:Creating prefix script '/home/fortunato/ros2_ws/install/local_setup.ps1'
[5.083s] INFO:colcon.colcon_core.shell:Creating prefix util module '/home/fortunato/ros2_ws/install/_local_setup_util_ps1.py'
[5.084s] INFO:colcon.colcon_core.shell:Creating prefix chain script '/home/fortunato/ros2_ws/install/setup.ps1'
[5.085s] INFO:colcon.colcon_core.shell:Creating prefix script '/home/fortunato/ros2_ws/install/local_setup.sh'
[5.086s] INFO:colcon.colcon_core.shell:Creating prefix util module '/home/fortunato/ros2_ws/install/_local_setup_util_sh.py'
[5.087s] INFO:colcon.colcon_core.shell:Creating prefix chain script '/home/fortunato/ros2_ws/install/setup.sh'
[5.087s] INFO:colcon.colcon_core.shell:Creating prefix script '/home/fortunato/ros2_ws/install/local_setup.bash'
[5.088s] INFO:colcon.colcon_core.shell:Creating prefix chain script '/home/fortunato/ros2_ws/install/setup.bash'
[5.089s] INFO:colcon.colcon_core.shell:Creating prefix script '/home/fortunato/ros2_ws/install/local_setup.zsh'
[5.089s] INFO:colcon.colcon_core.shell:Creating prefix chain script '/home/fortunato/ros2_ws/install/setup.zsh'
