[0.026s] Invoking command in '/home/fortunato/ros2_ws/build/consenso_pkg': /usr/bin/cmake --build /home/fortunato/ros2_ws/build/consenso_pkg -- -j8 -l8
[0.077s] [35m[1mConsolidate compiler generated dependencies of target nodo[0m
[0.099s] [ 50%] [32mBuilding CXX object CMakeFiles/nodo.dir/src/nodo.cpp.o[0m
[3.076s] [01m[K/home/fortunato/ros2_ws/src/consenso/src/nodo.cpp:170:5:[m[K [01;31m[Kerror: [m[K‘[01m[Kvoid_[m[K’ does not name a type; did you mean ‘[01m[Kvoid[m[K’?
[3.076s]   170 |     [01;31m[Kvoid_[m[K icf12(){
[3.076s]       |     [01;31m[K^~~~~[m[K
[3.076s]       |     [32m[Kvoid[m[K
[3.077s] [01m[K/home/fortunato/ros2_ws/src/consenso/src/nodo.cpp:174:5:[m[K [01;31m[Kerror: [m[K‘[01m[Kvoid_[m[K’ does not name a type; did you mean ‘[01m[Kvoid[m[K’?
[3.077s]   174 |     [01;31m[Kvoid_[m[K icf3(){
[3.078s]       |     [01;31m[K^~~~~[m[K
[3.078s]       |     [32m[Kvoid[m[K
[3.082s] [01m[K/home/fortunato/ros2_ws/src/consenso/src/nodo.cpp:[m[K In constructor ‘[01m[KNodoConsenso::NodoConsenso()[m[K’:
[3.082s] [01m[K/home/fortunato/ros2_ws/src/consenso/src/nodo.cpp:17:19:[m[K [01;31m[Kerror: [m[K‘[01m[KEigen::VectorXd[m[K’ {aka ‘[01m[Kclass Eigen::Matrix<double, -1, 1>[m[K’} has no member named ‘[01m[Kclear[m[K’
[3.082s]    17 |         neighbors.[01;31m[Kclear[m[K();
[3.082s]       |                   [01;31m[K^~~~~[m[K
[3.088s] [01m[K/home/fortunato/ros2_ws/src/consenso/src/nodo.cpp:30:9:[m[K [01;31m[Kerror: [m[K‘[01m[Kidl[m[K’ was not declared in this scope; did you mean ‘[01m[Kid_[m[K’?
[3.088s]    30 |         [01;31m[Kidl[m[K = neighbors[0];
[3.088s]       |         [01;31m[K^~~[m[K
[3.088s]       |         [32m[Kid_[m[K
[3.092s] [01m[K/home/fortunato/ros2_ws/src/consenso/src/nodo.cpp:31:9:[m[K [01;31m[Kerror: [m[K‘[01m[Kidr[m[K’ was not declared in this scope; did you mean ‘[01m[Kid_[m[K’?
[3.092s]    31 |         [01;31m[Kidr[m[K = neighbors[1];
[3.092s]       |         [01;31m[K^~~[m[K
[3.092s]       |         [32m[Kid_[m[K
[3.095s] [01m[K/home/fortunato/ros2_ws/src/consenso/src/nodo.cpp:[m[K In lambda function:
[3.096s] [01m[K/home/fortunato/ros2_ws/src/consenso/src/nodo.cpp:43:40:[m[K [01;31m[Kerror: [m[Kno match for ‘[01m[Koperator=[m[K’ (operand types are ‘[01m[KEigen::MatrixXd[m[K’ {aka ‘[01m[KEigen::Matrix<double, -1, -1>[m[K’} and ‘[01m[Kexample_interfaces::msg::Float64MultiArray_<std::allocator<void> >::_data_type[m[K’ {aka ‘[01m[Kstd::vector<double, std::allocator<double> >[m[K’})
[3.096s]    43 |                     neighbor_Vl = msg->[01;31m[Kdata[m[K;
[3.096s]       |                                        [01;31m[K^~~~[m[K
[3.096s] In file included from [01m[K/usr/include/eigen3/Eigen/Core:295[m[K,
[3.096s]                  from [01m[K/usr/include/eigen3/Eigen/Dense:1[m[K,
[3.096s]                  from [01m[K/home/fortunato/ros2_ws/src/consenso/src/nodo.cpp:3[m[K:
[3.096s] [01m[K/usr/include/eigen3/Eigen/src/Core/Matrix.h:223:33:[m[K [01;36m[Knote: [m[Kcandidate: ‘[01m[Ktemplate<class OtherDerived> Eigen::Matrix<_Scalar, _Rows, _Cols, _Options, _MaxRows, _MaxCols>& Eigen::Matrix<_Scalar, _Rows, _Cols, _Options, _MaxRows, _MaxCols>::operator=(const Eigen::DenseBase<OtherDerived>&) [with OtherDerived = OtherDerived; _Scalar = double; int _Rows = -1; int _Cols = -1; int _Options = 0; int _MaxRows = -1; int _MaxCols = -1][m[K’
[3.097s]   223 |     EIGEN_STRONG_INLINE Matrix& [01;36m[Koperator[m[K=(const DenseBase<OtherDerived>& other)
[3.097s]       |                                 [01;36m[K^~~~~~~~[m[K
[3.097s] [01m[K/usr/include/eigen3/Eigen/src/Core/Matrix.h:223:33:[m[K [01;36m[Knote: [m[K  template argument deduction/substitution failed:
[3.097s] [01m[K/home/fortunato/ros2_ws/src/consenso/src/nodo.cpp:43:40:[m[K [01;36m[Knote: [m[K  ‘[01m[Kexample_interfaces::msg::Float64MultiArray_<std::allocator<void> >::_data_type[m[K’ {aka ‘[01m[Kstd::vector<double, std::allocator<double> >[m[K’} is not derived from ‘[01m[Kconst Eigen::DenseBase<Derived>[m[K’
[3.097s]    43 |                     neighbor_Vl = msg->[01;36m[Kdata[m[K;
[3.097s]       |                                        [01;36m[K^~~~[m[K
[3.097s] In file included from [01m[K/usr/include/eigen3/Eigen/Core:295[m[K,
[3.097s]                  from [01m[K/usr/include/eigen3/Eigen/Dense:1[m[K,
[3.097s]                  from [01m[K/home/fortunato/ros2_ws/src/consenso/src/nodo.cpp:3[m[K:
[3.098s] [01m[K/usr/include/eigen3/Eigen/src/Core/Matrix.h:236:33:[m[K [01;36m[Knote: [m[Kcandidate: ‘[01m[Ktemplate<class OtherDerived> Eigen::Matrix<_Scalar, _Rows, _Cols, _Options, _MaxRows, _MaxCols>& Eigen::Matrix<_Scalar, _Rows, _Cols, _Options, _MaxRows, _MaxCols>::operator=(const Eigen::EigenBase<OtherDerived>&) [with OtherDerived = OtherDerived; _Scalar = double; int _Rows = -1; int _Cols = -1; int _Options = 0; int _MaxRows = -1; int _MaxCols = -1][m[K’
[3.098s]   236 |     EIGEN_STRONG_INLINE Matrix& [01;36m[Koperator[m[K=(const EigenBase<OtherDerived> &other)
[3.098s]       |                                 [01;36m[K^~~~~~~~[m[K
[3.098s] [01m[K/usr/include/eigen3/Eigen/src/Core/Matrix.h:236:33:[m[K [01;36m[Knote: [m[K  template argument deduction/substitution failed:
[3.098s] [01m[K/home/fortunato/ros2_ws/src/consenso/src/nodo.cpp:43:40:[m[K [01;36m[Knote: [m[K  ‘[01m[Kexample_interfaces::msg::Float64MultiArray_<std::allocator<void> >::_data_type[m[K’ {aka ‘[01m[Kstd::vector<double, std::allocator<double> >[m[K’} is not derived from ‘[01m[Kconst Eigen::EigenBase<Derived>[m[K’
[3.098s]    43 |                     neighbor_Vl = msg->[01;36m[Kdata[m[K;
[3.098s]       |                                        [01;36m[K^~~~[m[K
[3.098s] In file included from [01m[K/usr/include/eigen3/Eigen/Core:295[m[K,
[3.098s]                  from [01m[K/usr/include/eigen3/Eigen/Dense:1[m[K,
[3.098s]                  from [01m[K/home/fortunato/ros2_ws/src/consenso/src/nodo.cpp:3[m[K:
[3.099s] [01m[K/usr/include/eigen3/Eigen/src/Core/Matrix.h:243:33:[m[K [01;36m[Knote: [m[Kcandidate: ‘[01m[Ktemplate<class OtherDerived> Eigen::Matrix<_Scalar, _Rows, _Cols, _Options, _MaxRows, _MaxCols>& Eigen::Matrix<_Scalar, _Rows, _Cols, _Options, _MaxRows, _MaxCols>::operator=(const Eigen::ReturnByValue<OtherDerived>&) [with OtherDerived = OtherDerived; _Scalar = double; int _Rows = -1; int _Cols = -1; int _Options = 0; int _MaxRows = -1; int _MaxCols = -1][m[K’
[3.099s]   243 |     EIGEN_STRONG_INLINE Matrix& [01;36m[Koperator[m[K=(const ReturnByValue<OtherDerived>& func)
[3.099s]       |                                 [01;36m[K^~~~~~~~[m[K
[3.099s] [01m[K/usr/include/eigen3/Eigen/src/Core/Matrix.h:243:33:[m[K [01;36m[Knote: [m[K  template argument deduction/substitution failed:
[3.099s] [01m[K/home/fortunato/ros2_ws/src/consenso/src/nodo.cpp:43:40:[m[K [01;36m[Knote: [m[K  ‘[01m[Kexample_interfaces::msg::Float64MultiArray_<std::allocator<void> >::_data_type[m[K’ {aka ‘[01m[Kstd::vector<double, std::allocator<double> >[m[K’} is not derived from ‘[01m[Kconst Eigen::ReturnByValue<Derived>[m[K’
[3.099s]    43 |                     neighbor_Vl = msg->[01;36m[Kdata[m[K;
[3.099s]       |                                        [01;36m[K^~~~[m[K
[3.099s] In file included from [01m[K/usr/include/eigen3/Eigen/Core:295[m[K,
[3.099s]                  from [01m[K/usr/include/eigen3/Eigen/Dense:1[m[K,
[3.099s]                  from [01m[K/home/fortunato/ros2_ws/src/consenso/src/nodo.cpp:3[m[K:
[3.100s] [01m[K/usr/include/eigen3/Eigen/src/Core/Matrix.h:438:13:[m[K [01;36m[Knote: [m[Kcandidate: ‘[01m[Ktemplate<class OtherDerived> Eigen::Matrix<_Scalar, _Rows, _Cols, _Options, _MaxRows, _MaxCols>& Eigen::Matrix<_Scalar, _Rows, _Cols, _Options, _MaxRows, _MaxCols>::operator=(const Eigen::RotationBase<OtherDerived, Eigen::Matrix<_Scalar, _Rows, _Cols, _Options, _MaxRows, _MaxCols>::ColsAtCompileTime>&) [with OtherDerived = OtherDerived; _Scalar = double; int _Rows = -1; int _Cols = -1; int _Options = 0; int _MaxRows = -1; int _MaxCols = -1][m[K’
[3.100s]   438 |     Matrix& [01;36m[Koperator[m[K=(const RotationBase<OtherDerived,ColsAtCompileTime>& r);
[3.100s]       |             [01;36m[K^~~~~~~~[m[K
[3.100s] [01m[K/usr/include/eigen3/Eigen/src/Core/Matrix.h:438:13:[m[K [01;36m[Knote: [m[K  template argument deduction/substitution failed:
[3.100s] [01m[K/home/fortunato/ros2_ws/src/consenso/src/nodo.cpp:43:40:[m[K [01;36m[Knote: [m[K  ‘[01m[Kexample_interfaces::msg::Float64MultiArray_<std::allocator<void> >::_data_type[m[K’ {aka ‘[01m[Kstd::vector<double, std::allocator<double> >[m[K’} is not derived from ‘[01m[Kconst Eigen::RotationBase<OtherDerived, -1>[m[K’
[3.100s]    43 |                     neighbor_Vl = msg->[01;36m[Kdata[m[K;
[3.100s]       |                                        [01;36m[K^~~~[m[K
[3.100s] In file included from [01m[K/usr/include/eigen3/Eigen/Core:295[m[K,
[3.100s]                  from [01m[K/usr/include/eigen3/Eigen/Dense:1[m[K,
[3.101s]                  from [01m[K/home/fortunato/ros2_ws/src/consenso/src/nodo.cpp:3[m[K:
[3.101s] [01m[K/usr/include/eigen3/Eigen/src/Core/Matrix.h:206:33:[m[K [01;36m[Knote: [m[Kcandidate: ‘[01m[KEigen::Matrix<_Scalar, _Rows, _Cols, _Options, _MaxRows, _MaxCols>& Eigen::Matrix<_Scalar, _Rows, _Cols, _Options, _MaxRows, _MaxCols>::operator=(const Eigen::Matrix<_Scalar, _Rows, _Cols, _Options, _MaxRows, _MaxCols>&) [with _Scalar = double; int _Rows = -1; int _Cols = -1; int _Options = 0; int _MaxRows = -1; int _MaxCols = -1][m[K’
[3.101s]   206 |     EIGEN_STRONG_INLINE Matrix& [01;36m[Koperator[m[K=(const Matrix& other)
[3.101s]       |                                 [01;36m[K^~~~~~~~[m[K
[3.101s] [01m[K/usr/include/eigen3/Eigen/src/Core/Matrix.h:206:57:[m[K [01;36m[Knote: [m[K  no known conversion for argument 1 from ‘[01m[Kexample_interfaces::msg::Float64MultiArray_<std::allocator<void> >::_data_type[m[K’ {aka ‘[01m[Kstd::vector<double, std::allocator<double> >[m[K’} to ‘[01m[Kconst Eigen::Matrix<double, -1, -1>&[m[K’
[3.101s]   206 |     EIGEN_STRONG_INLINE Matrix& operator=([01;36m[Kconst Matrix& other[m[K)
[3.101s]       |                                           [01;36m[K~~~~~~~~~~~~~~^~~~~[m[K
[3.101s] [01m[K/usr/include/eigen3/Eigen/src/Core/Matrix.h:279:13:[m[K [01;36m[Knote: [m[Kcandidate: ‘[01m[KEigen::Matrix<_Scalar, _Rows, _Cols, _Options, _MaxRows, _MaxCols>& Eigen::Matrix<_Scalar, _Rows, _Cols, _Options, _MaxRows, _MaxCols>::operator=(Eigen::Matrix<_Scalar, _Rows, _Cols, _Options, _MaxRows, _MaxCols>&&) [with _Scalar = double; int _Rows = -1; int _Cols = -1; int _Options = 0; int _MaxRows = -1; int _MaxCols = -1][m[K’
[3.101s]   279 |     Matrix& [01;36m[Koperator[m[K=(Matrix&& other) EIGEN_NOEXCEPT_IF(std::is_nothrow_move_assignable<Scalar>::value)
[3.101s]       |             [01;36m[K^~~~~~~~[m[K
[3.102s] [01m[K/usr/include/eigen3/Eigen/src/Core/Matrix.h:279:32:[m[K [01;36m[Knote: [m[K  no known conversion for argument 1 from ‘[01m[Kexample_interfaces::msg::Float64MultiArray_<std::allocator<void> >::_data_type[m[K’ {aka ‘[01m[Kstd::vector<double, std::allocator<double> >[m[K’} to ‘[01m[KEigen::Matrix<double, -1, -1>&&[m[K’
[3.102s]   279 |     Matrix& operator=([01;36m[KMatrix&& other[m[K) EIGEN_NOEXCEPT_IF(std::is_nothrow_move_assignable<Scalar>::value)
[3.102s]       |                       [01;36m[K~~~~~~~~~^~~~~[m[K
[3.102s] [01m[K/home/fortunato/ros2_ws/src/consenso/src/nodo.cpp:[m[K In lambda function:
[3.103s] [01m[K/home/fortunato/ros2_ws/src/consenso/src/nodo.cpp:53:40:[m[K [01;31m[Kerror: [m[Kno match for ‘[01m[Koperator=[m[K’ (operand types are ‘[01m[KEigen::MatrixXd[m[K’ {aka ‘[01m[KEigen::Matrix<double, -1, -1>[m[K’} and ‘[01m[Kexample_interfaces::msg::Float64MultiArray_<std::allocator<void> >::_data_type[m[K’ {aka ‘[01m[Kstd::vector<double, std::allocator<double> >[m[K’})
[3.103s]    53 |                     neighbor_vl = msg->[01;31m[Kdata[m[K;
[3.103s]       |                                        [01;31m[K^~~~[m[K
[3.103s] In file included from [01m[K/usr/include/eigen3/Eigen/Core:295[m[K,
[3.103s]                  from [01m[K/usr/include/eigen3/Eigen/Dense:1[m[K,
[3.103s]                  from [01m[K/home/fortunato/ros2_ws/src/consenso/src/nodo.cpp:3[m[K:
[3.104s] [01m[K/usr/include/eigen3/Eigen/src/Core/Matrix.h:223:33:[m[K [01;36m[Knote: [m[Kcandidate: ‘[01m[Ktemplate<class OtherDerived> Eigen::Matrix<_Scalar, _Rows, _Cols, _Options, _MaxRows, _MaxCols>& Eigen::Matrix<_Scalar, _Rows, _Cols, _Options, _MaxRows, _MaxCols>::operator=(const Eigen::DenseBase<OtherDerived>&) [with OtherDerived = OtherDerived; _Scalar = double; int _Rows = -1; int _Cols = -1; int _Options = 0; int _MaxRows = -1; int _MaxCols = -1][m[K’
[3.104s]   223 |     EIGEN_STRONG_INLINE Matrix& [01;36m[Koperator[m[K=(const DenseBase<OtherDerived>& other)
[3.104s]       |                                 [01;36m[K^~~~~~~~[m[K
[3.105s] [01m[K/usr/include/eigen3/Eigen/src/Core/Matrix.h:223:33:[m[K [01;36m[Knote: [m[K  template argument deduction/substitution failed:
[3.105s] [01m[K/home/fortunato/ros2_ws/src/consenso/src/nodo.cpp:53:40:[m[K [01;36m[Knote: [m[K  ‘[01m[Kexample_interfaces::msg::Float64MultiArray_<std::allocator<void> >::_data_type[m[K’ {aka ‘[01m[Kstd::vector<double, std::allocator<double> >[m[K’} is not derived from ‘[01m[Kconst Eigen::DenseBase<Derived>[m[K’
[3.105s]    53 |                     neighbor_vl = msg->[01;36m[Kdata[m[K;
[3.105s]       |                                        [01;36m[K^~~~[m[K
[3.105s] In file included from [01m[K/usr/include/eigen3/Eigen/Core:295[m[K,
[3.105s]                  from [01m[K/usr/include/eigen3/Eigen/Dense:1[m[K,
[3.105s]                  from [01m[K/home/fortunato/ros2_ws/src/consenso/src/nodo.cpp:3[m[K:
[3.105s] [01m[K/usr/include/eigen3/Eigen/src/Core/Matrix.h:236:33:[m[K [01;36m[Knote: [m[Kcandidate: ‘[01m[Ktemplate<class OtherDerived> Eigen::Matrix<_Scalar, _Rows, _Cols, _Options, _MaxRows, _MaxCols>& Eigen::Matrix<_Scalar, _Rows, _Cols, _Options, _MaxRows, _MaxCols>::operator=(const Eigen::EigenBase<OtherDerived>&) [with OtherDerived = OtherDerived; _Scalar = double; int _Rows = -1; int _Cols = -1; int _Options = 0; int _MaxRows = -1; int _MaxCols = -1][m[K’
[3.105s]   236 |     EIGEN_STRONG_INLINE Matrix& [01;36m[Koperator[m[K=(const EigenBase<OtherDerived> &other)
[3.105s]       |                                 [01;36m[K^~~~~~~~[m[K
[3.105s] [01m[K/usr/include/eigen3/Eigen/src/Core/Matrix.h:236:33:[m[K [01;36m[Knote: [m[K  template argument deduction/substitution failed:
[3.106s] [01m[K/home/fortunato/ros2_ws/src/consenso/src/nodo.cpp:53:40:[m[K [01;36m[Knote: [m[K  ‘[01m[Kexample_interfaces::msg::Float64MultiArray_<std::allocator<void> >::_data_type[m[K’ {aka ‘[01m[Kstd::vector<double, std::allocator<double> >[m[K’} is not derived from ‘[01m[Kconst Eigen::EigenBase<Derived>[m[K’
[3.106s]    53 |                     neighbor_vl = msg->[01;36m[Kdata[m[K;
[3.106s]       |                                        [01;36m[K^~~~[m[K
[3.106s] In file included from [01m[K/usr/include/eigen3/Eigen/Core:295[m[K,
[3.106s]                  from [01m[K/usr/include/eigen3/Eigen/Dense:1[m[K,
[3.106s]                  from [01m[K/home/fortunato/ros2_ws/src/consenso/src/nodo.cpp:3[m[K:
[3.106s] [01m[K/usr/include/eigen3/Eigen/src/Core/Matrix.h:243:33:[m[K [01;36m[Knote: [m[Kcandidate: ‘[01m[Ktemplate<class OtherDerived> Eigen::Matrix<_Scalar, _Rows, _Cols, _Options, _MaxRows, _MaxCols>& Eigen::Matrix<_Scalar, _Rows, _Cols, _Options, _MaxRows, _MaxCols>::operator=(const Eigen::ReturnByValue<OtherDerived>&) [with OtherDerived = OtherDerived; _Scalar = double; int _Rows = -1; int _Cols = -1; int _Options = 0; int _MaxRows = -1; int _MaxCols = -1][m[K’
[3.106s]   243 |     EIGEN_STRONG_INLINE Matrix& [01;36m[Koperator[m[K=(const ReturnByValue<OtherDerived>& func)
[3.106s]       |                                 [01;36m[K^~~~~~~~[m[K
[3.106s] [01m[K/usr/include/eigen3/Eigen/src/Core/Matrix.h:243:33:[m[K [01;36m[Knote: [m[K  template argument deduction/substitution failed:
[3.106s] [01m[K/home/fortunato/ros2_ws/src/consenso/src/nodo.cpp:53:40:[m[K [01;36m[Knote: [m[K  ‘[01m[Kexample_interfaces::msg::Float64MultiArray_<std::allocator<void> >::_data_type[m[K’ {aka ‘[01m[Kstd::vector<double, std::allocator<double> >[m[K’} is not derived from ‘[01m[Kconst Eigen::ReturnByValue<Derived>[m[K’
[3.106s]    53 |                     neighbor_vl = msg->[01;36m[Kdata[m[K;
[3.107s]       |                                        [01;36m[K^~~~[m[K
[3.107s] In file included from [01m[K/usr/include/eigen3/Eigen/Core:295[m[K,
[3.107s]                  from [01m[K/usr/include/eigen3/Eigen/Dense:1[m[K,
[3.107s]                  from [01m[K/home/fortunato/ros2_ws/src/consenso/src/nodo.cpp:3[m[K:
[3.107s] [01m[K/usr/include/eigen3/Eigen/src/Core/Matrix.h:438:13:[m[K [01;36m[Knote: [m[Kcandidate: ‘[01m[Ktemplate<class OtherDerived> Eigen::Matrix<_Scalar, _Rows, _Cols, _Options, _MaxRows, _MaxCols>& Eigen::Matrix<_Scalar, _Rows, _Cols, _Options, _MaxRows, _MaxCols>::operator=(const Eigen::RotationBase<OtherDerived, Eigen::Matrix<_Scalar, _Rows, _Cols, _Options, _MaxRows, _MaxCols>::ColsAtCompileTime>&) [with OtherDerived = OtherDerived; _Scalar = double; int _Rows = -1; int _Cols = -1; int _Options = 0; int _MaxRows = -1; int _MaxCols = -1][m[K’
[3.107s]   438 |     Matrix& [01;36m[Koperator[m[K=(const RotationBase<OtherDerived,ColsAtCompileTime>& r);
[3.107s]       |             [01;36m[K^~~~~~~~[m[K
[3.107s] [01m[K/usr/include/eigen3/Eigen/src/Core/Matrix.h:438:13:[m[K [01;36m[Knote: [m[K  template argument deduction/substitution failed:
[3.107s] [01m[K/home/fortunato/ros2_ws/src/consenso/src/nodo.cpp:53:40:[m[K [01;36m[Knote: [m[K  ‘[01m[Kexample_interfaces::msg::Float64MultiArray_<std::allocator<void> >::_data_type[m[K’ {aka ‘[01m[Kstd::vector<double, std::allocator<double> >[m[K’} is not derived from ‘[01m[Kconst Eigen::RotationBase<OtherDerived, -1>[m[K’
[3.107s]    53 |                     neighbor_vl = msg->[01;36m[Kdata[m[K;
[3.107s]       |                                        [01;36m[K^~~~[m[K
[3.107s] In file included from [01m[K/usr/include/eigen3/Eigen/Core:295[m[K,
[3.108s]                  from [01m[K/usr/include/eigen3/Eigen/Dense:1[m[K,
[3.108s]                  from [01m[K/home/fortunato/ros2_ws/src/consenso/src/nodo.cpp:3[m[K:
[3.108s] [01m[K/usr/include/eigen3/Eigen/src/Core/Matrix.h:206:33:[m[K [01;36m[Knote: [m[Kcandidate: ‘[01m[KEigen::Matrix<_Scalar, _Rows, _Cols, _Options, _MaxRows, _MaxCols>& Eigen::Matrix<_Scalar, _Rows, _Cols, _Options, _MaxRows, _MaxCols>::operator=(const Eigen::Matrix<_Scalar, _Rows, _Cols, _Options, _MaxRows, _MaxCols>&) [with _Scalar = double; int _Rows = -1; int _Cols = -1; int _Options = 0; int _MaxRows = -1; int _MaxCols = -1][m[K’
[3.108s]   206 |     EIGEN_STRONG_INLINE Matrix& [01;36m[Koperator[m[K=(const Matrix& other)
[3.108s]       |                                 [01;36m[K^~~~~~~~[m[K
[3.108s] [01m[K/usr/include/eigen3/Eigen/src/Core/Matrix.h:206:57:[m[K [01;36m[Knote: [m[K  no known conversion for argument 1 from ‘[01m[Kexample_interfaces::msg::Float64MultiArray_<std::allocator<void> >::_data_type[m[K’ {aka ‘[01m[Kstd::vector<double, std::allocator<double> >[m[K’} to ‘[01m[Kconst Eigen::Matrix<double, -1, -1>&[m[K’
[3.108s]   206 |     EIGEN_STRONG_INLINE Matrix& operator=([01;36m[Kconst Matrix& other[m[K)
[3.108s]       |                                           [01;36m[K~~~~~~~~~~~~~~^~~~~[m[K
[3.108s] [01m[K/usr/include/eigen3/Eigen/src/Core/Matrix.h:279:13:[m[K [01;36m[Knote: [m[Kcandidate: ‘[01m[KEigen::Matrix<_Scalar, _Rows, _Cols, _Options, _MaxRows, _MaxCols>& Eigen::Matrix<_Scalar, _Rows, _Cols, _Options, _MaxRows, _MaxCols>::operator=(Eigen::Matrix<_Scalar, _Rows, _Cols, _Options, _MaxRows, _MaxCols>&&) [with _Scalar = double; int _Rows = -1; int _Cols = -1; int _Options = 0; int _MaxRows = -1; int _MaxCols = -1][m[K’
[3.108s]   279 |     Matrix& [01;36m[Koperator[m[K=(Matrix&& other) EIGEN_NOEXCEPT_IF(std::is_nothrow_move_assignable<Scalar>::value)
[3.109s]       |             [01;36m[K^~~~~~~~[m[K
[3.109s] [01m[K/usr/include/eigen3/Eigen/src/Core/Matrix.h:279:32:[m[K [01;36m[Knote: [m[K  no known conversion for argument 1 from ‘[01m[Kexample_interfaces::msg::Float64MultiArray_<std::allocator<void> >::_data_type[m[K’ {aka ‘[01m[Kstd::vector<double, std::allocator<double> >[m[K’} to ‘[01m[KEigen::Matrix<double, -1, -1>&&[m[K’
[3.109s]   279 |     Matrix& operator=([01;36m[KMatrix&& other[m[K) EIGEN_NOEXCEPT_IF(std::is_nothrow_move_assignable<Scalar>::value)
[3.109s]       |                       [01;36m[K~~~~~~~~~^~~~~[m[K
[3.109s] [01m[K/home/fortunato/ros2_ws/src/consenso/src/nodo.cpp:[m[K In lambda function:
[3.109s] [01m[K/home/fortunato/ros2_ws/src/consenso/src/nodo.cpp:62:40:[m[K [01;31m[Kerror: [m[Kno match for ‘[01m[Koperator=[m[K’ (operand types are ‘[01m[KEigen::MatrixXd[m[K’ {aka ‘[01m[KEigen::Matrix<double, -1, -1>[m[K’} and ‘[01m[Kexample_interfaces::msg::Float64MultiArray_<std::allocator<void> >::_data_type[m[K’ {aka ‘[01m[Kstd::vector<double, std::allocator<double> >[m[K’})
[3.109s]    62 |                     neighbor_Vr = msg->[01;31m[Kdata[m[K;
[3.109s]       |                                        [01;31m[K^~~~[m[K
[3.109s] In file included from [01m[K/usr/include/eigen3/Eigen/Core:295[m[K,
[3.109s]                  from [01m[K/usr/include/eigen3/Eigen/Dense:1[m[K,
[3.109s]                  from [01m[K/home/fortunato/ros2_ws/src/consenso/src/nodo.cpp:3[m[K:
[3.110s] [01m[K/usr/include/eigen3/Eigen/src/Core/Matrix.h:223:33:[m[K [01;36m[Knote: [m[Kcandidate: ‘[01m[Ktemplate<class OtherDerived> Eigen::Matrix<_Scalar, _Rows, _Cols, _Options, _MaxRows, _MaxCols>& Eigen::Matrix<_Scalar, _Rows, _Cols, _Options, _MaxRows, _MaxCols>::operator=(const Eigen::DenseBase<OtherDerived>&) [with OtherDerived = OtherDerived; _Scalar = double; int _Rows = -1; int _Cols = -1; int _Options = 0; int _MaxRows = -1; int _MaxCols = -1][m[K’
[3.110s]   223 |     EIGEN_STRONG_INLINE Matrix& [01;36m[Koperator[m[K=(const DenseBase<OtherDerived>& other)
[3.110s]       |                                 [01;36m[K^~~~~~~~[m[K
[3.110s] [01m[K/usr/include/eigen3/Eigen/src/Core/Matrix.h:223:33:[m[K [01;36m[Knote: [m[K  template argument deduction/substitution failed:
[3.110s] [01m[K/home/fortunato/ros2_ws/src/consenso/src/nodo.cpp:62:40:[m[K [01;36m[Knote: [m[K  ‘[01m[Kexample_interfaces::msg::Float64MultiArray_<std::allocator<void> >::_data_type[m[K’ {aka ‘[01m[Kstd::vector<double, std::allocator<double> >[m[K’} is not derived from ‘[01m[Kconst Eigen::DenseBase<Derived>[m[K’
[3.110s]    62 |                     neighbor_Vr = msg->[01;36m[Kdata[m[K;
[3.110s]       |                                        [01;36m[K^~~~[m[K
[3.110s] In file included from [01m[K/usr/include/eigen3/Eigen/Core:295[m[K,
[3.110s]                  from [01m[K/usr/include/eigen3/Eigen/Dense:1[m[K,
[3.110s]                  from [01m[K/home/fortunato/ros2_ws/src/consenso/src/nodo.cpp:3[m[K:
[3.110s] [01m[K/usr/include/eigen3/Eigen/src/Core/Matrix.h:236:33:[m[K [01;36m[Knote: [m[Kcandidate: ‘[01m[Ktemplate<class OtherDerived> Eigen::Matrix<_Scalar, _Rows, _Cols, _Options, _MaxRows, _MaxCols>& Eigen::Matrix<_Scalar, _Rows, _Cols, _Options, _MaxRows, _MaxCols>::operator=(const Eigen::EigenBase<OtherDerived>&) [with OtherDerived = OtherDerived; _Scalar = double; int _Rows = -1; int _Cols = -1; int _Options = 0; int _MaxRows = -1; int _MaxCols = -1][m[K’
[3.111s]   236 |     EIGEN_STRONG_INLINE Matrix& [01;36m[Koperator[m[K=(const EigenBase<OtherDerived> &other)
[3.111s]       |                                 [01;36m[K^~~~~~~~[m[K
[3.111s] [01m[K/usr/include/eigen3/Eigen/src/Core/Matrix.h:236:33:[m[K [01;36m[Knote: [m[K  template argument deduction/substitution failed:
[3.111s] [01m[K/home/fortunato/ros2_ws/src/consenso/src/nodo.cpp:62:40:[m[K [01;36m[Knote: [m[K  ‘[01m[Kexample_interfaces::msg::Float64MultiArray_<std::allocator<void> >::_data_type[m[K’ {aka ‘[01m[Kstd::vector<double, std::allocator<double> >[m[K’} is not derived from ‘[01m[Kconst Eigen::EigenBase<Derived>[m[K’
[3.111s]    62 |                     neighbor_Vr = msg->[01;36m[Kdata[m[K;
[3.111s]       |                                        [01;36m[K^~~~[m[K
[3.111s] In file included from [01m[K/usr/include/eigen3/Eigen/Core:295[m[K,
[3.111s]                  from [01m[K/usr/include/eigen3/Eigen/Dense:1[m[K,
[3.111s]                  from [01m[K/home/fortunato/ros2_ws/src/consenso/src/nodo.cpp:3[m[K:
[3.111s] [01m[K/usr/include/eigen3/Eigen/src/Core/Matrix.h:243:33:[m[K [01;36m[Knote: [m[Kcandidate: ‘[01m[Ktemplate<class OtherDerived> Eigen::Matrix<_Scalar, _Rows, _Cols, _Options, _MaxRows, _MaxCols>& Eigen::Matrix<_Scalar, _Rows, _Cols, _Options, _MaxRows, _MaxCols>::operator=(const Eigen::ReturnByValue<OtherDerived>&) [with OtherDerived = OtherDerived; _Scalar = double; int _Rows = -1; int _Cols = -1; int _Options = 0; int _MaxRows = -1; int _MaxCols = -1][m[K’
[3.111s]   243 |     EIGEN_STRONG_INLINE Matrix& [01;36m[Koperator[m[K=(const ReturnByValue<OtherDerived>& func)
[3.112s]       |                                 [01;36m[K^~~~~~~~[m[K
[3.112s] [01m[K/usr/include/eigen3/Eigen/src/Core/Matrix.h:243:33:[m[K [01;36m[Knote: [m[K  template argument deduction/substitution failed:
[3.112s] [01m[K/home/fortunato/ros2_ws/src/consenso/src/nodo.cpp:62:40:[m[K [01;36m[Knote: [m[K  ‘[01m[Kexample_interfaces::msg::Float64MultiArray_<std::allocator<void> >::_data_type[m[K’ {aka ‘[01m[Kstd::vector<double, std::allocator<double> >[m[K’} is not derived from ‘[01m[Kconst Eigen::ReturnByValue<Derived>[m[K’
[3.112s]    62 |                     neighbor_Vr = msg->[01;36m[Kdata[m[K;
[3.112s]       |                                        [01;36m[K^~~~[m[K
[3.112s] In file included from [01m[K/usr/include/eigen3/Eigen/Core:295[m[K,
[3.112s]                  from [01m[K/usr/include/eigen3/Eigen/Dense:1[m[K,
[3.112s]                  from [01m[K/home/fortunato/ros2_ws/src/consenso/src/nodo.cpp:3[m[K:
[3.112s] [01m[K/usr/include/eigen3/Eigen/src/Core/Matrix.h:438:13:[m[K [01;36m[Knote: [m[Kcandidate: ‘[01m[Ktemplate<class OtherDerived> Eigen::Matrix<_Scalar, _Rows, _Cols, _Options, _MaxRows, _MaxCols>& Eigen::Matrix<_Scalar, _Rows, _Cols, _Options, _MaxRows, _MaxCols>::operator=(const Eigen::RotationBase<OtherDerived, Eigen::Matrix<_Scalar, _Rows, _Cols, _Options, _MaxRows, _MaxCols>::ColsAtCompileTime>&) [with OtherDerived = OtherDerived; _Scalar = double; int _Rows = -1; int _Cols = -1; int _Options = 0; int _MaxRows = -1; int _MaxCols = -1][m[K’
[3.112s]   438 |     Matrix& [01;36m[Koperator[m[K=(const RotationBase<OtherDerived,ColsAtCompileTime>& r);
[3.112s]       |             [01;36m[K^~~~~~~~[m[K
[3.113s] [01m[K/usr/include/eigen3/Eigen/src/Core/Matrix.h:438:13:[m[K [01;36m[Knote: [m[K  template argument deduction/substitution failed:
[3.113s] [01m[K/home/fortunato/ros2_ws/src/consenso/src/nodo.cpp:62:40:[m[K [01;36m[Knote: [m[K  ‘[01m[Kexample_interfaces::msg::Float64MultiArray_<std::allocator<void> >::_data_type[m[K’ {aka ‘[01m[Kstd::vector<double, std::allocator<double> >[m[K’} is not derived from ‘[01m[Kconst Eigen::RotationBase<OtherDerived, -1>[m[K’
[3.113s]    62 |                     neighbor_Vr = msg->[01;36m[Kdata[m[K;
[3.113s]       |                                        [01;36m[K^~~~[m[K
[3.113s] In file included from [01m[K/usr/include/eigen3/Eigen/Core:295[m[K,
[3.113s]                  from [01m[K/usr/include/eigen3/Eigen/Dense:1[m[K,
[3.113s]                  from [01m[K/home/fortunato/ros2_ws/src/consenso/src/nodo.cpp:3[m[K:
[3.113s] [01m[K/usr/include/eigen3/Eigen/src/Core/Matrix.h:206:33:[m[K [01;36m[Knote: [m[Kcandidate: ‘[01m[KEigen::Matrix<_Scalar, _Rows, _Cols, _Options, _MaxRows, _MaxCols>& Eigen::Matrix<_Scalar, _Rows, _Cols, _Options, _MaxRows, _MaxCols>::operator=(const Eigen::Matrix<_Scalar, _Rows, _Cols, _Options, _MaxRows, _MaxCols>&) [with _Scalar = double; int _Rows = -1; int _Cols = -1; int _Options = 0; int _MaxRows = -1; int _MaxCols = -1][m[K’
[3.113s]   206 |     EIGEN_STRONG_INLINE Matrix& [01;36m[Koperator[m[K=(const Matrix& other)
[3.113s]       |                                 [01;36m[K^~~~~~~~[m[K
[3.114s] [01m[K/usr/include/eigen3/Eigen/src/Core/Matrix.h:206:57:[m[K [01;36m[Knote: [m[K  no known conversion for argument 1 from ‘[01m[Kexample_interfaces::msg::Float64MultiArray_<std::allocator<void> >::_data_type[m[K’ {aka ‘[01m[Kstd::vector<double, std::allocator<double> >[m[K’} to ‘[01m[Kconst Eigen::Matrix<double, -1, -1>&[m[K’
[3.114s]   206 |     EIGEN_STRONG_INLINE Matrix& operator=([01;36m[Kconst Matrix& other[m[K)
[3.114s]       |                                           [01;36m[K~~~~~~~~~~~~~~^~~~~[m[K
[3.114s] [01m[K/usr/include/eigen3/Eigen/src/Core/Matrix.h:279:13:[m[K [01;36m[Knote: [m[Kcandidate: ‘[01m[KEigen::Matrix<_Scalar, _Rows, _Cols, _Options, _MaxRows, _MaxCols>& Eigen::Matrix<_Scalar, _Rows, _Cols, _Options, _MaxRows, _MaxCols>::operator=(Eigen::Matrix<_Scalar, _Rows, _Cols, _Options, _MaxRows, _MaxCols>&&) [with _Scalar = double; int _Rows = -1; int _Cols = -1; int _Options = 0; int _MaxRows = -1; int _MaxCols = -1][m[K’
[3.114s]   279 |     Matrix& [01;36m[Koperator[m[K=(Matrix&& other) EIGEN_NOEXCEPT_IF(std::is_nothrow_move_assignable<Scalar>::value)
[3.114s]       |             [01;36m[K^~~~~~~~[m[K
[3.114s] [01m[K/usr/include/eigen3/Eigen/src/Core/Matrix.h:279:32:[m[K [01;36m[Knote: [m[K  no known conversion for argument 1 from ‘[01m[Kexample_interfaces::msg::Float64MultiArray_<std::allocator<void> >::_data_type[m[K’ {aka ‘[01m[Kstd::vector<double, std::allocator<double> >[m[K’} to ‘[01m[KEigen::Matrix<double, -1, -1>&&[m[K’
[3.114s]   279 |     Matrix& operator=([01;36m[KMatrix&& other[m[K) EIGEN_NOEXCEPT_IF(std::is_nothrow_move_assignable<Scalar>::value)
[3.114s]       |                       [01;36m[K~~~~~~~~~^~~~~[m[K
[3.114s] [01m[K/home/fortunato/ros2_ws/src/consenso/src/nodo.cpp:[m[K In lambda function:
[3.114s] [01m[K/home/fortunato/ros2_ws/src/consenso/src/nodo.cpp:72:40:[m[K [01;31m[Kerror: [m[Kno match for ‘[01m[Koperator=[m[K’ (operand types are ‘[01m[KEigen::MatrixXd[m[K’ {aka ‘[01m[KEigen::Matrix<double, -1, -1>[m[K’} and ‘[01m[Kexample_interfaces::msg::Float64MultiArray_<std::allocator<void> >::_data_type[m[K’ {aka ‘[01m[Kstd::vector<double, std::allocator<double> >[m[K’})
[3.115s]    72 |                     neighbor_vr = msg->[01;31m[Kdata[m[K;
[3.115s]       |                                        [01;31m[K^~~~[m[K
[3.115s] In file included from [01m[K/usr/include/eigen3/Eigen/Core:295[m[K,
[3.115s]                  from [01m[K/usr/include/eigen3/Eigen/Dense:1[m[K,
[3.115s]                  from [01m[K/home/fortunato/ros2_ws/src/consenso/src/nodo.cpp:3[m[K:
[3.115s] [01m[K/usr/include/eigen3/Eigen/src/Core/Matrix.h:223:33:[m[K [01;36m[Knote: [m[Kcandidate: ‘[01m[Ktemplate<class OtherDerived> Eigen::Matrix<_Scalar, _Rows, _Cols, _Options, _MaxRows, _MaxCols>& Eigen::Matrix<_Scalar, _Rows, _Cols, _Options, _MaxRows, _MaxCols>::operator=(const Eigen::DenseBase<OtherDerived>&) [with OtherDerived = OtherDerived; _Scalar = double; int _Rows = -1; int _Cols = -1; int _Options = 0; int _MaxRows = -1; int _MaxCols = -1][m[K’
[3.115s]   223 |     EIGEN_STRONG_INLINE Matrix& [01;36m[Koperator[m[K=(const DenseBase<OtherDerived>& other)
[3.115s]       |                                 [01;36m[K^~~~~~~~[m[K
[3.115s] [01m[K/usr/include/eigen3/Eigen/src/Core/Matrix.h:223:33:[m[K [01;36m[Knote: [m[K  template argument deduction/substitution failed:
[3.115s] [01m[K/home/fortunato/ros2_ws/src/consenso/src/nodo.cpp:72:40:[m[K [01;36m[Knote: [m[K  ‘[01m[Kexample_interfaces::msg::Float64MultiArray_<std::allocator<void> >::_data_type[m[K’ {aka ‘[01m[Kstd::vector<double, std::allocator<double> >[m[K’} is not derived from ‘[01m[Kconst Eigen::DenseBase<Derived>[m[K’
[3.115s]    72 |                     neighbor_vr = msg->[01;36m[Kdata[m[K;
[3.116s]       |                                        [01;36m[K^~~~[m[K
[3.116s] In file included from [01m[K/usr/include/eigen3/Eigen/Core:295[m[K,
[3.116s]                  from [01m[K/usr/include/eigen3/Eigen/Dense:1[m[K,
[3.116s]                  from [01m[K/home/fortunato/ros2_ws/src/consenso/src/nodo.cpp:3[m[K:
[3.116s] [01m[K/usr/include/eigen3/Eigen/src/Core/Matrix.h:236:33:[m[K [01;36m[Knote: [m[Kcandidate: ‘[01m[Ktemplate<class OtherDerived> Eigen::Matrix<_Scalar, _Rows, _Cols, _Options, _MaxRows, _MaxCols>& Eigen::Matrix<_Scalar, _Rows, _Cols, _Options, _MaxRows, _MaxCols>::operator=(const Eigen::EigenBase<OtherDerived>&) [with OtherDerived = OtherDerived; _Scalar = double; int _Rows = -1; int _Cols = -1; int _Options = 0; int _MaxRows = -1; int _MaxCols = -1][m[K’
[3.116s]   236 |     EIGEN_STRONG_INLINE Matrix& [01;36m[Koperator[m[K=(const EigenBase<OtherDerived> &other)
[3.116s]       |                                 [01;36m[K^~~~~~~~[m[K
[3.116s] [01m[K/usr/include/eigen3/Eigen/src/Core/Matrix.h:236:33:[m[K [01;36m[Knote: [m[K  template argument deduction/substitution failed:
[3.116s] [01m[K/home/fortunato/ros2_ws/src/consenso/src/nodo.cpp:72:40:[m[K [01;36m[Knote: [m[K  ‘[01m[Kexample_interfaces::msg::Float64MultiArray_<std::allocator<void> >::_data_type[m[K’ {aka ‘[01m[Kstd::vector<double, std::allocator<double> >[m[K’} is not derived from ‘[01m[Kconst Eigen::EigenBase<Derived>[m[K’
[3.116s]    72 |                     neighbor_vr = msg->[01;36m[Kdata[m[K;
[3.117s]       |                                        [01;36m[K^~~~[m[K
[3.117s] In file included from [01m[K/usr/include/eigen3/Eigen/Core:295[m[K,
[3.117s]                  from [01m[K/usr/include/eigen3/Eigen/Dense:1[m[K,
[3.117s]                  from [01m[K/home/fortunato/ros2_ws/src/consenso/src/nodo.cpp:3[m[K:
[3.117s] [01m[K/usr/include/eigen3/Eigen/src/Core/Matrix.h:243:33:[m[K [01;36m[Knote: [m[Kcandidate: ‘[01m[Ktemplate<class OtherDerived> Eigen::Matrix<_Scalar, _Rows, _Cols, _Options, _MaxRows, _MaxCols>& Eigen::Matrix<_Scalar, _Rows, _Cols, _Options, _MaxRows, _MaxCols>::operator=(const Eigen::ReturnByValue<OtherDerived>&) [with OtherDerived = OtherDerived; _Scalar = double; int _Rows = -1; int _Cols = -1; int _Options = 0; int _MaxRows = -1; int _MaxCols = -1][m[K’
[3.117s]   243 |     EIGEN_STRONG_INLINE Matrix& [01;36m[Koperator[m[K=(const ReturnByValue<OtherDerived>& func)
[3.117s]       |                                 [01;36m[K^~~~~~~~[m[K
[3.117s] [01m[K/usr/include/eigen3/Eigen/src/Core/Matrix.h:243:33:[m[K [01;36m[Knote: [m[K  template argument deduction/substitution failed:
[3.117s] [01m[K/home/fortunato/ros2_ws/src/consenso/src/nodo.cpp:72:40:[m[K [01;36m[Knote: [m[K  ‘[01m[Kexample_interfaces::msg::Float64MultiArray_<std::allocator<void> >::_data_type[m[K’ {aka ‘[01m[Kstd::vector<double, std::allocator<double> >[m[K’} is not derived from ‘[01m[Kconst Eigen::ReturnByValue<Derived>[m[K’
[3.118s]    72 |                     neighbor_vr = msg->[01;36m[Kdata[m[K;
[3.118s]       |                                        [01;36m[K^~~~[m[K
[3.118s] In file included from [01m[K/usr/include/eigen3/Eigen/Core:295[m[K,
[3.118s]                  from [01m[K/usr/include/eigen3/Eigen/Dense:1[m[K,
[3.118s]                  from [01m[K/home/fortunato/ros2_ws/src/consenso/src/nodo.cpp:3[m[K:
[3.118s] [01m[K/usr/include/eigen3/Eigen/src/Core/Matrix.h:438:13:[m[K [01;36m[Knote: [m[Kcandidate: ‘[01m[Ktemplate<class OtherDerived> Eigen::Matrix<_Scalar, _Rows, _Cols, _Options, _MaxRows, _MaxCols>& Eigen::Matrix<_Scalar, _Rows, _Cols, _Options, _MaxRows, _MaxCols>::operator=(const Eigen::RotationBase<OtherDerived, Eigen::Matrix<_Scalar, _Rows, _Cols, _Options, _MaxRows, _MaxCols>::ColsAtCompileTime>&) [with OtherDerived = OtherDerived; _Scalar = double; int _Rows = -1; int _Cols = -1; int _Options = 0; int _MaxRows = -1; int _MaxCols = -1][m[K’
[3.118s]   438 |     Matrix& [01;36m[Koperator[m[K=(const RotationBase<OtherDerived,ColsAtCompileTime>& r);
[3.118s]       |             [01;36m[K^~~~~~~~[m[K
[3.118s] [01m[K/usr/include/eigen3/Eigen/src/Core/Matrix.h:438:13:[m[K [01;36m[Knote: [m[K  template argument deduction/substitution failed:
[3.118s] [01m[K/home/fortunato/ros2_ws/src/consenso/src/nodo.cpp:72:40:[m[K [01;36m[Knote: [m[K  ‘[01m[Kexample_interfaces::msg::Float64MultiArray_<std::allocator<void> >::_data_type[m[K’ {aka ‘[01m[Kstd::vector<double, std::allocator<double> >[m[K’} is not derived from ‘[01m[Kconst Eigen::RotationBase<OtherDerived, -1>[m[K’
[3.118s]    72 |                     neighbor_vr = msg->[01;36m[Kdata[m[K;
[3.119s]       |                                        [01;36m[K^~~~[m[K
[3.119s] In file included from [01m[K/usr/include/eigen3/Eigen/Core:295[m[K,
[3.119s]                  from [01m[K/usr/include/eigen3/Eigen/Dense:1[m[K,
[3.119s]                  from [01m[K/home/fortunato/ros2_ws/src/consenso/src/nodo.cpp:3[m[K:
[3.119s] [01m[K/usr/include/eigen3/Eigen/src/Core/Matrix.h:206:33:[m[K [01;36m[Knote: [m[Kcandidate: ‘[01m[KEigen::Matrix<_Scalar, _Rows, _Cols, _Options, _MaxRows, _MaxCols>& Eigen::Matrix<_Scalar, _Rows, _Cols, _Options, _MaxRows, _MaxCols>::operator=(const Eigen::Matrix<_Scalar, _Rows, _Cols, _Options, _MaxRows, _MaxCols>&) [with _Scalar = double; int _Rows = -1; int _Cols = -1; int _Options = 0; int _MaxRows = -1; int _MaxCols = -1][m[K’
[3.119s]   206 |     EIGEN_STRONG_INLINE Matrix& [01;36m[Koperator[m[K=(const Matrix& other)
[3.119s]       |                                 [01;36m[K^~~~~~~~[m[K
[3.119s] [01m[K/usr/include/eigen3/Eigen/src/Core/Matrix.h:206:57:[m[K [01;36m[Knote: [m[K  no known conversion for argument 1 from ‘[01m[Kexample_interfaces::msg::Float64MultiArray_<std::allocator<void> >::_data_type[m[K’ {aka ‘[01m[Kstd::vector<double, std::allocator<double> >[m[K’} to ‘[01m[Kconst Eigen::Matrix<double, -1, -1>&[m[K’
[3.119s]   206 |     EIGEN_STRONG_INLINE Matrix& operator=([01;36m[Kconst Matrix& other[m[K)
[3.119s]       |                                           [01;36m[K~~~~~~~~~~~~~~^~~~~[m[K
[3.119s] [01m[K/usr/include/eigen3/Eigen/src/Core/Matrix.h:279:13:[m[K [01;36m[Knote: [m[Kcandidate: ‘[01m[KEigen::Matrix<_Scalar, _Rows, _Cols, _Options, _MaxRows, _MaxCols>& Eigen::Matrix<_Scalar, _Rows, _Cols, _Options, _MaxRows, _MaxCols>::operator=(Eigen::Matrix<_Scalar, _Rows, _Cols, _Options, _MaxRows, _MaxCols>&&) [with _Scalar = double; int _Rows = -1; int _Cols = -1; int _Options = 0; int _MaxRows = -1; int _MaxCols = -1][m[K’
[3.120s]   279 |     Matrix& [01;36m[Koperator[m[K=(Matrix&& other) EIGEN_NOEXCEPT_IF(std::is_nothrow_move_assignable<Scalar>::value)
[3.120s]       |             [01;36m[K^~~~~~~~[m[K
[3.120s] [01m[K/usr/include/eigen3/Eigen/src/Core/Matrix.h:279:32:[m[K [01;36m[Knote: [m[K  no known conversion for argument 1 from ‘[01m[Kexample_interfaces::msg::Float64MultiArray_<std::allocator<void> >::_data_type[m[K’ {aka ‘[01m[Kstd::vector<double, std::allocator<double> >[m[K’} to ‘[01m[KEigen::Matrix<double, -1, -1>&&[m[K’
[3.120s]   279 |     Matrix& operator=([01;36m[KMatrix&& other[m[K) EIGEN_NOEXCEPT_IF(std::is_nothrow_move_assignable<Scalar>::value)
[3.120s]       |                       [01;36m[K~~~~~~~~~^~~~~[m[K
[3.120s] [01m[K/home/fortunato/ros2_ws/src/consenso/src/nodo.cpp:[m[K In constructor ‘[01m[KNodoConsenso::NodoConsenso()[m[K’:
[3.120s] [01m[K/home/fortunato/ros2_ws/src/consenso/src/nodo.cpp:77:16:[m[K [01;31m[Kerror: [m[K‘[01m[Kusing SharedPtr = class std::shared_ptr<rclcpp::Subscription<example_interfaces::msg::Float64MultiArray_<std::allocator<void> > > >[m[K’ {aka ‘[01m[Kclass std::shared_ptr<rclcpp::Subscription<example_interfaces::msg::Float64MultiArray_<std::allocator<void> > > >[m[K’} has no member named ‘[01m[Kpush_back[m[K’
[3.120s]    77 |         V_subs.[01;31m[Kpush_back[m[K(V_subl);
[3.120s]       |                [01;31m[K^~~~~~~~~[m[K
[3.120s] [01m[K/home/fortunato/ros2_ws/src/consenso/src/nodo.cpp:78:16:[m[K [01;31m[Kerror: [m[K‘[01m[Kusing SharedPtr = class std::shared_ptr<rclcpp::Subscription<example_interfaces::msg::Float64MultiArray_<std::allocator<void> > > >[m[K’ {aka ‘[01m[Kclass std::shared_ptr<rclcpp::Subscription<example_interfaces::msg::Float64MultiArray_<std::allocator<void> > > >[m[K’} has no member named ‘[01m[Kpush_back[m[K’
[3.120s]    78 |         v_subs.[01;31m[Kpush_back[m[K(v_subl);
[3.120s]       |                [01;31m[K^~~~~~~~~[m[K
[3.120s] [01m[K/home/fortunato/ros2_ws/src/consenso/src/nodo.cpp:79:16:[m[K [01;31m[Kerror: [m[K‘[01m[Kusing SharedPtr = class std::shared_ptr<rclcpp::Subscription<example_interfaces::msg::Float64MultiArray_<std::allocator<void> > > >[m[K’ {aka ‘[01m[Kclass std::shared_ptr<rclcpp::Subscription<example_interfaces::msg::Float64MultiArray_<std::allocator<void> > > >[m[K’} has no member named ‘[01m[Kpush_back[m[K’
[3.121s]    79 |         V_subs.[01;31m[Kpush_back[m[K(V_subr);
[3.121s]       |                [01;31m[K^~~~~~~~~[m[K
[3.121s] [01m[K/home/fortunato/ros2_ws/src/consenso/src/nodo.cpp:80:16:[m[K [01;31m[Kerror: [m[K‘[01m[Kusing SharedPtr = class std::shared_ptr<rclcpp::Subscription<example_interfaces::msg::Float64MultiArray_<std::allocator<void> > > >[m[K’ {aka ‘[01m[Kclass std::shared_ptr<rclcpp::Subscription<example_interfaces::msg::Float64MultiArray_<std::allocator<void> > > >[m[K’} has no member named ‘[01m[Kpush_back[m[K’
[3.121s]    80 |         v_subs.[01;31m[Kpush_back[m[K(v_subr);
[3.121s]       |                [01;31m[K^~~~~~~~~[m[K
[3.121s] [01m[K/home/fortunato/ros2_ws/src/consenso/src/nodo.cpp:90:9:[m[K [01;31m[Kerror: [m[K‘[01m[Kinput_sub[m[K’ was not declared in this scope
[3.121s]    90 |         [01;31m[Kinput_sub[m[K = this->create_subscription<example_interfaces::msg::Float64MultiArray>(
[3.121s]       |         [01;31m[K^~~~~~~~~[m[K
[3.123s] [01m[K/home/fortunato/ros2_ws/src/consenso/src/nodo.cpp:91:39:[m[K [01;31m[Kerror: [m[K‘[01m[Kid[m[K’ was not declared in this scope; did you mean ‘[01m[Kid_[m[K’?
[3.123s]    91 |             "/node_" + std::to_string([01;31m[Kid[m[K) + "/input",
[3.123s]       |                                       [01;31m[K^~[m[K
[3.123s]       |                                       [32m[Kid_[m[K
[5.695s] gmake[2]: *** [CMakeFiles/nodo.dir/build.make:76: CMakeFiles/nodo.dir/src/nodo.cpp.o] Errore 1
[5.695s] gmake[1]: *** [CMakeFiles/Makefile2:137: CMakeFiles/nodo.dir/all] Errore 2
[5.695s] gmake: *** [Makefile:146: all] Errore 2
[5.698s] Invoked command in '/home/fortunato/ros2_ws/build/consenso_pkg' returned '2': /usr/bin/cmake --build /home/fortunato/ros2_ws/build/consenso_pkg -- -j8 -l8
