[35m[1mConsolidate compiler generated dependencies of target consensus_node[0m
[ 66%] Built target signal_generator_node
[ 66%] Built target average_calc_node
[ 83%] [32mBuilding CXX object CMakeFiles/consensus_node.dir/src/consensus_node.cpp.o[0m
[01m[K/home/fortunato/ros2_ws/src/dynamic_consensus/src/consensus_node.cpp:[m[K In constructor ‘[01m[KConsensusNode::ConsensusNode(int)[m[K’:
[01m[K/home/fortunato/ros2_ws/src/dynamic_consensus/src/consensus_node.cpp:49:43:[m[K [01;31m[Kerror: [m[Kno matching function for call to ‘[01m[KConsensusNode::create_publisher(std::__cxx11::basic_string<char>, int)[m[K’
   49 |         state_pub = [01;31m[Kthis->create_publisher([m[K
      |                     [01;31m[K~~~~~~~~~~~~~~~~~~~~~~^[m[K
   50 | [01;31m[K            "/node_" + std::to_string(id) + "/state", 10)[m[K;
      |             [01;31m[K~~~~~~~~~~~~~~~~~~~~~~~~~~~~~~~~~~~~~~~~~~~~~[m[K
In file included from [01m[K/opt/ros/humble/include/rclcpp/rclcpp/executors/single_threaded_executor.hpp:28[m[K,
                 from [01m[K/opt/ros/humble/include/rclcpp/rclcpp/executors.hpp:22[m[K,
                 from [01m[K/opt/ros/humble/include/rclcpp/rclcpp/rclcpp.hpp:155[m[K,
                 from [01m[K/home/fortunato/ros2_ws/src/dynamic_consensus/src/consensus_node.cpp:1[m[K:
[01m[K/opt/ros/humble/include/rclcpp/rclcpp/node.hpp:195:3:[m[K [01;36m[Knote: [m[Kcandidate: ‘[01m[Ktemplate<class MessageT, class AllocatorT, class PublisherT> std::shared_ptr<PublisherT> rclcpp::Node::create_publisher(const string&, const rclcpp::QoS&, const rclcpp::PublisherOptionsWithAllocator<AllocatorT>&)[m[K’
  195 |   [01;36m[Kcreate_publisher[m[K(
      |   [01;36m[K^~~~~~~~~~~~~~~~[m[K
[01m[K/opt/ros/humble/include/rclcpp/rclcpp/node.hpp:195:3:[m[K [01;36m[Knote: [m[K  template argument deduction/substitution failed:
[01m[K/home/fortunato/ros2_ws/src/dynamic_consensus/src/consensus_node.cpp:49:43:[m[K [01;36m[Knote: [m[K  couldn’t deduce template parameter ‘[01m[KMessageT[m[K’
   49 |         state_pub = [01;36m[Kthis->create_publisher([m[K
      |                     [01;36m[K~~~~~~~~~~~~~~~~~~~~~~^[m[K
   50 | [01;36m[K            "/node_" + std::to_string(id) + "/state", 10)[m[K;
      |             [01;36m[K~~~~~~~~~~~~~~~~~~~~~~~~~~~~~~~~~~~~~~~~~~~~~[m[K
[01m[K/home/fortunato/ros2_ws/src/dynamic_consensus/src/consensus_node.cpp:56:49:[m[K [01;31m[Kerror: [m[Kno matching function for call to ‘[01m[KConsensusNode::create_subscription(std::__cxx11::basic_string<char>&, int, ConsensusNode::ConsensusNode(int)::<lambda(std_msgs::msg::Float64_<std::allocator<void> >::SharedPtr)>)[m[K’
   56 |             auto sub = [01;31m[Kthis->create_subscription([m[K
      |                        [01;31m[K~~~~~~~~~~~~~~~~~~~~~~~~~^[m[K
   57 | [01;31m[K                topic_name,[m[K
      |                 [01;31m[K~~~~~~~~~~~[m[K                      
   58 | [01;31m[K                10,[m[K
      |                 [01;31m[K~~~[m[K                              
   59 | [01;31m[K                [this, i](const std_msgs::msg::Float64::SharedPtr msg) {[m[K
      |                 [01;31m[K~~~~~~~~~~~~~~~~~~~~~~~~~~~~~~~~~~~~~~~~~~~~~~~~~~~~~~~~[m[K
   60 | [01;31m[K                    neighbor_states[i] = msg->data;[m[K
      |                     [01;31m[K~~~~~~~~~~~~~~~~~~~~~~~~~~~~~~~[m[K
   61 | [01;31m[K                })[m[K;
      |                 [01;31m[K~~[m[K                               
In file included from [01m[K/opt/ros/humble/include/rclcpp/rclcpp/executors/single_threaded_executor.hpp:28[m[K,
                 from [01m[K/opt/ros/humble/include/rclcpp/rclcpp/executors.hpp:22[m[K,
                 from [01m[K/opt/ros/humble/include/rclcpp/rclcpp/rclcpp.hpp:155[m[K,
                 from [01m[K/home/fortunato/ros2_ws/src/dynamic_consensus/src/consensus_node.cpp:1[m[K:
[01m[K/opt/ros/humble/include/rclcpp/rclcpp/node.hpp:219:3:[m[K [01;36m[Knote: [m[Kcandidate: ‘[01m[Ktemplate<class MessageT, class CallbackT, class AllocatorT, class SubscriptionT, class MessageMemoryStrategyT> std::shared_ptr<ROSMessageT> rclcpp::Node::create_subscription(const string&, const rclcpp::QoS&, CallbackT&&, const rclcpp::SubscriptionOptionsWithAllocator<AllocatorT>&, typename MessageMemoryStrategyT::SharedPtr)[m[K’
  219 |   [01;36m[Kcreate_subscription[m[K(
      |   [01;36m[K^~~~~~~~~~~~~~~~~~~[m[K
[01m[K/opt/ros/humble/include/rclcpp/rclcpp/node.hpp:219:3:[m[K [01;36m[Knote: [m[K  template argument deduction/substitution failed:
[01m[K/home/fortunato/ros2_ws/src/dynamic_consensus/src/consensus_node.cpp:56:49:[m[K [01;36m[Knote: [m[K  couldn’t deduce template parameter ‘[01m[KMessageT[m[K’
   56 |             auto sub = [01;36m[Kthis->create_subscription([m[K
      |                        [01;36m[K~~~~~~~~~~~~~~~~~~~~~~~~~^[m[K
   57 | [01;36m[K                topic_name,[m[K
      |                 [01;36m[K~~~~~~~~~~~[m[K                      
   58 | [01;36m[K                10,[m[K
      |                 [01;36m[K~~~[m[K                              
   59 | [01;36m[K                [this, i](const std_msgs::msg::Float64::SharedPtr msg) {[m[K
      |                 [01;36m[K~~~~~~~~~~~~~~~~~~~~~~~~~~~~~~~~~~~~~~~~~~~~~~~~~~~~~~~~[m[K
   60 | [01;36m[K                    neighbor_states[i] = msg->data;[m[K
      |                     [01;36m[K~~~~~~~~~~~~~~~~~~~~~~~~~~~~~~~[m[K
   61 | [01;36m[K                })[m[K;
      |                 [01;36m[K~~[m[K                               
[01m[K/home/fortunato/ros2_ws/src/dynamic_consensus/src/consensus_node.cpp:65:46:[m[K [01;31m[Kerror: [m[Kno matching function for call to ‘[01m[KConsensusNode::create_subscription(std::__cxx11::basic_string<char>, int, ConsensusNode::ConsensusNode(int)::<lambda(std_msgs::msg::Float64_<std::allocator<void> >::SharedPtr)>)[m[K’
   65 |         input_sub = [01;31m[Kthis->create_subscription([m[K
      |                     [01;31m[K~~~~~~~~~~~~~~~~~~~~~~~~~^[m[K
   66 | [01;31m[K            "/node_" + std::to_string(id) + "/input",[m[K
      |             [01;31m[K~~~~~~~~~~~~~~~~~~~~~~~~~~~~~~~~~~~~~~~~~[m[K
   67 | [01;31m[K            10,[m[K
      |             [01;31m[K~~~[m[K                               
   68 | [01;31m[K            [this](const std_msgs::msg::Float64::SharedPtr msg) {[m[K
      |             [01;31m[K~~~~~~~~~~~~~~~~~~~~~~~~~~~~~~~~~~~~~~~~~~~~~~~~~~~~~[m[K
   69 | [01;31m[K                u = msg->data;[m[K
      |                 [01;31m[K~~~~~~~~~~~~~~[m[K                
   70 | [01;31m[K            })[m[K;
      |             [01;31m[K~~[m[K                                
In file included from [01m[K/opt/ros/humble/include/rclcpp/rclcpp/executors/single_threaded_executor.hpp:28[m[K,
                 from [01m[K/opt/ros/humble/include/rclcpp/rclcpp/executors.hpp:22[m[K,
                 from [01m[K/opt/ros/humble/include/rclcpp/rclcpp/rclcpp.hpp:155[m[K,
                 from [01m[K/home/fortunato/ros2_ws/src/dynamic_consensus/src/consensus_node.cpp:1[m[K:
[01m[K/opt/ros/humble/include/rclcpp/rclcpp/node.hpp:219:3:[m[K [01;36m[Knote: [m[Kcandidate: ‘[01m[Ktemplate<class MessageT, class CallbackT, class AllocatorT, class SubscriptionT, class MessageMemoryStrategyT> std::shared_ptr<ROSMessageT> rclcpp::Node::create_subscription(const string&, const rclcpp::QoS&, CallbackT&&, const rclcpp::SubscriptionOptionsWithAllocator<AllocatorT>&, typename MessageMemoryStrategyT::SharedPtr)[m[K’
  219 |   [01;36m[Kcreate_subscription[m[K(
      |   [01;36m[K^~~~~~~~~~~~~~~~~~~[m[K
[01m[K/opt/ros/humble/include/rclcpp/rclcpp/node.hpp:219:3:[m[K [01;36m[Knote: [m[K  template argument deduction/substitution failed:
[01m[K/home/fortunato/ros2_ws/src/dynamic_consensus/src/consensus_node.cpp:65:46:[m[K [01;36m[Knote: [m[K  couldn’t deduce template parameter ‘[01m[KMessageT[m[K’
   65 |         input_sub = [01;36m[Kthis->create_subscription([m[K
      |                     [01;36m[K~~~~~~~~~~~~~~~~~~~~~~~~~^[m[K
   66 | [01;36m[K            "/node_" + std::to_string(id) + "/input",[m[K
      |             [01;36m[K~~~~~~~~~~~~~~~~~~~~~~~~~~~~~~~~~~~~~~~~~[m[K
   67 | [01;36m[K            10,[m[K
      |             [01;36m[K~~~[m[K                               
   68 | [01;36m[K            [this](const std_msgs::msg::Float64::SharedPtr msg) {[m[K
      |             [01;36m[K~~~~~~~~~~~~~~~~~~~~~~~~~~~~~~~~~~~~~~~~~~~~~~~~~~~~~[m[K
   69 | [01;36m[K                u = msg->data;[m[K
      |                 [01;36m[K~~~~~~~~~~~~~~[m[K                
   70 | [01;36m[K            })[m[K;
      |             [01;36m[K~~[m[K                                
gmake[2]: *** [CMakeFiles/consensus_node.dir/build.make:76: CMakeFiles/consensus_node.dir/src/consensus_node.cpp.o] Errore 1
gmake[1]: *** [CMakeFiles/Makefile2:141: CMakeFiles/consensus_node.dir/all] Errore 2
gmake: *** [Makefile:146: all] Errore 2
