[0.018s] Invoking command in '/home/fortunato/ros2_ws/build/dynamic_consensus': CMAKE_PREFIX_PATH=${CMAKE_PREFIX_PATH}:/opt/ros/humble /usr/bin/cmake --build /home/fortunato/ros2_ws/build/dynamic_consensus -- -j8 -l8
[0.045s] -- Found ament_cmake: 1.3.12 (/opt/ros/humble/share/ament_cmake/cmake)
[0.185s] -- Found rclcpp: 16.0.15 (/opt/ros/humble/share/rclcpp/cmake)
[0.234s] -- Found rosidl_generator_c: 3.1.7 (/opt/ros/humble/share/rosidl_generator_c/cmake)
[0.238s] -- Found rosidl_adapter: 3.1.7 (/opt/ros/humble/share/rosidl_adapter/cmake)
[0.248s] -- Found rosidl_generator_cpp: 3.1.7 (/opt/ros/humble/share/rosidl_generator_cpp/cmake)
[0.263s] -- Using all available rosidl_typesupport_c: rosidl_typesupport_fastrtps_c;rosidl_typesupport_introspection_c
[0.281s] -- Using all available rosidl_typesupport_cpp: rosidl_typesupport_fastrtps_cpp;rosidl_typesupport_introspection_cpp
[0.330s] -- Found rmw_implementation_cmake: 6.1.2 (/opt/ros/humble/share/rmw_implementation_cmake/cmake)
[0.334s] -- Found rmw_fastrtps_cpp: 6.2.9 (/opt/ros/humble/share/rmw_fastrtps_cpp/cmake)
[0.445s] -- Using RMW implementation 'rmw_fastrtps_cpp' as default
[0.517s] [31mCMake Error at CMakeLists.txt:14 (add_executable):
[0.517s]   add_executable cannot create target "consensus_node" because another target
[0.517s]   with the same name already exists.  The existing target is an executable
[0.517s]   created in source directory
[0.517s]   "/home/fortunato/ros2_ws/src/dynamic_consensus".  See documentation for
[0.517s]   policy CMP0002 for more details.
[0.517s] 
[0.517s] [0m
[0.517s] [31mCMake Error at /opt/ros/humble/share/ament_cmake_target_dependencies/cmake/ament_target_dependencies.cmake:42 (message):
[0.517s]   ament_target_dependencies() the first argument must be a valid target name
[0.517s] Call Stack (most recent call first):
[0.518s]   CMakeLists.txt:15 (ament_target_dependencies)
[0.518s] 
[0.518s] [0m
[0.518s] -- Configuring incomplete, errors occurred!
[0.518s] See also "/home/fortunato/ros2_ws/build/dynamic_consensus/CMakeFiles/CMakeOutput.log".
[0.523s] gmake: *** [Makefile:308: cmake_check_build_system] Errore 1
[0.525s] Invoked command in '/home/fortunato/ros2_ws/build/dynamic_consensus' returned '2': CMAKE_PREFIX_PATH=${CMAKE_PREFIX_PATH}:/opt/ros/humble /usr/bin/cmake --build /home/fortunato/ros2_ws/build/dynamic_consensus -- -j8 -l8
