-- Found ament_cmake: 1.3.12 (/opt/ros/humble/share/ament_cmake/cmake)
-- Found rclcpp: 16.0.15 (/opt/ros/humble/share/rclcpp/cmake)
-- Found rosidl_generator_c: 3.1.7 (/opt/ros/humble/share/rosidl_generator_c/cmake)
-- Found rosidl_adapter: 3.1.7 (/opt/ros/humble/share/rosidl_adapter/cmake)
-- Found rosidl_generator_cpp: 3.1.7 (/opt/ros/humble/share/rosidl_generator_cpp/cmake)
-- Using all available rosidl_typesupport_c: rosidl_typesupport_fastrtps_c;rosidl_typesupport_introspection_c
-- Using all available rosidl_typesupport_cpp: rosidl_typesupport_fastrtps_cpp;rosidl_typesupport_introspection_cpp
-- Found rmw_implementation_cmake: 6.1.2 (/opt/ros/humble/share/rmw_implementation_cmake/cmake)
-- Found rmw_fastrtps_cpp: 6.2.9 (/opt/ros/humble/share/rmw_fastrtps_cpp/cmake)
-- Using RMW implementation 'rmw_fastrtps_cpp' as default
-- Found example_interfaces: 0.9.3 (/opt/ros/humble/share/example_interfaces/cmake)
-- Configuring done
-- Generating done
-- Build files have been written to: /home/fortunato/ros2_ws/build/dynamic_consensus
[35m[1mConsolidate compiler generated dependencies of target consensus_node[0m
[35m[1mConsolidate compiler generated dependencies of target signal_generator_node[0m
[35m[1mConsolidate compiler generated dependencies of target average_calc_node[0m
[ 83%] Built target signal_generator_node
[ 83%] Built target average_calc_node
[ 83%] [32mBuilding CXX object CMakeFiles/consensus_node.dir/src/consensus_node.cpp.o[0m
[01m[K/home/fortunato/ros2_ws/src/dynamic_consensus/src/consensus_node.cpp:4:10:[m[K [01;31m[Kfatal error: [m[Kexample_interfaces/msg/float64_multi_array.hpp: File o directory non esistente
    4 | #include [01;31m[K"example_interfaces/msg/float64_multi_array.hpp"[m[K
      |          [01;31m[K^~~~~~~~~~~~~~~~~~~~~~~~~~~~~~~~~~~~~~~~~~~~~~~~[m[K
compilation terminated.
gmake[2]: *** [CMakeFiles/consensus_node.dir/build.make:76: CMakeFiles/consensus_node.dir/src/consensus_node.cpp.o] Errore 1
gmake[1]: *** [CMakeFiles/Makefile2:141: CMakeFiles/consensus_node.dir/all] Errore 2
gmake: *** [Makefile:146: all] Errore 2
