[0.011s] Invoking command in '/home/fortunato/ros2_ws/build/dynamic_consensus': CMAKE_PREFIX_PATH=/home/fortunato/ros2_ws/install/dynamic_consensus:/opt/ros/humble:/home/fortunato/ros2_ws/install/consenso_pkg:/home/fortunato/ros2_ws/install/cons_pkg /usr/bin/cmake --build /home/fortunato/ros2_ws/build/dynamic_consensus -- -j8 -l8
[0.040s] -- Found ament_cmake: 1.3.12 (/opt/ros/humble/share/ament_cmake/cmake)
[0.183s] -- Found rclcpp: 16.0.16 (/opt/ros/humble/share/rclcpp/cmake)
[0.230s] -- Found rosidl_generator_c: 3.1.7 (/opt/ros/humble/share/rosidl_generator_c/cmake)
[0.235s] -- Found rosidl_adapter: 3.1.7 (/opt/ros/humble/share/rosidl_adapter/cmake)
[0.246s] -- Found rosidl_generator_cpp: 3.1.7 (/opt/ros/humble/share/rosidl_generator_cpp/cmake)
[0.260s] -- Using all available rosidl_typesupport_c: rosidl_typesupport_fastrtps_c;rosidl_typesupport_introspection_c
[0.277s] -- Using all available rosidl_typesupport_cpp: rosidl_typesupport_fastrtps_cpp;rosidl_typesupport_introspection_cpp
[0.332s] -- Found rmw_implementation_cmake: 6.1.2 (/opt/ros/humble/share/rmw_implementation_cmake/cmake)
[0.335s] -- Found rmw_fastrtps_cpp: 6.2.9 (/opt/ros/humble/share/rmw_fastrtps_cpp/cmake)
[0.447s] -- Using RMW implementation 'rmw_fastrtps_cpp' as default
[0.525s] -- Found example_interfaces: 0.9.3 (/opt/ros/humble/share/example_interfaces/cmake)
[0.643s] -- Configuring done
[0.665s] -- Generating done
[0.674s] -- Build files have been written to: /home/fortunato/ros2_ws/build/dynamic_consensus
[0.700s] [35m[1mConsolidate compiler generated dependencies of target signal_generator_node[0m
[0.701s] [35m[1mConsolidate compiler generated dependencies of target average_calc_node[0m
[0.704s] [35m[1mConsolidate compiler generated dependencies of target consensus_node[0m
[0.704s] [35m[1mConsolidate compiler generated dependencies of target nodo[0m
[0.711s] [ 10%] [32mBuilding CXX object CMakeFiles/traj_generator.dir/src/traj_generator.cpp.o[0m
[0.720s] [ 30%] Built target signal_generator_node
[0.723s] [ 50%] Built target average_calc_node
[0.728s] [ 70%] Built target consensus_node
[0.731s] [ 90%] Built target nodo
[4.568s] [100%] [32m[1mLinking CXX executable traj_generator[0m
[4.753s] [100%] Built target traj_generator
[4.763s] Invoked command in '/home/fortunato/ros2_ws/build/dynamic_consensus' returned '0': CMAKE_PREFIX_PATH=/home/fortunato/ros2_ws/install/dynamic_consensus:/opt/ros/humble:/home/fortunato/ros2_ws/install/consenso_pkg:/home/fortunato/ros2_ws/install/cons_pkg /usr/bin/cmake --build /home/fortunato/ros2_ws/build/dynamic_consensus -- -j8 -l8
[4.765s] Invoking command in '/home/fortunato/ros2_ws/build/dynamic_consensus': CMAKE_PREFIX_PATH=/home/fortunato/ros2_ws/install/dynamic_consensus:/opt/ros/humble:/home/fortunato/ros2_ws/install/consenso_pkg:/home/fortunato/ros2_ws/install/cons_pkg /usr/bin/cmake --install /home/fortunato/ros2_ws/build/dynamic_consensus
[4.771s] -- Install configuration: ""
[4.771s] -- Up-to-date: /home/fortunato/ros2_ws/install/dynamic_consensus/lib/dynamic_consensus/nodo
[4.772s] -- Up-to-date: /home/fortunato/ros2_ws/install/dynamic_consensus/lib/dynamic_consensus/consensus_node
[4.772s] -- Up-to-date: /home/fortunato/ros2_ws/install/dynamic_consensus/lib/dynamic_consensus/signal_generator_node
[4.773s] -- Up-to-date: /home/fortunato/ros2_ws/install/dynamic_consensus/lib/dynamic_consensus/average_calc_node
[4.773s] -- Installing: /home/fortunato/ros2_ws/install/dynamic_consensus/lib/dynamic_consensus/traj_generator
[4.774s] -- Set runtime path of "/home/fortunato/ros2_ws/install/dynamic_consensus/lib/dynamic_consensus/traj_generator" to ""
[4.774s] -- Up-to-date: /home/fortunato/ros2_ws/install/dynamic_consensus/share/dynamic_consensus/launch
[4.774s] -- Up-to-date: /home/fortunato/ros2_ws/install/dynamic_consensus/share/dynamic_consensus/launch/consenso_launch.launch
[4.774s] -- Up-to-date: /home/fortunato/ros2_ws/install/dynamic_consensus/share/dynamic_consensus/launch/consensus_system_launch.launch
[4.775s] -- Up-to-date: /home/fortunato/ros2_ws/install/dynamic_consensus/share/ament_index/resource_index/package_run_dependencies/dynamic_consensus
[4.775s] -- Installing: /home/fortunato/ros2_ws/install/dynamic_consensus/share/ament_index/resource_index/parent_prefix_path/dynamic_consensus
[4.775s] -- Up-to-date: /home/fortunato/ros2_ws/install/dynamic_consensus/share/dynamic_consensus/environment/ament_prefix_path.sh
[4.775s] -- Installing: /home/fortunato/ros2_ws/install/dynamic_consensus/share/dynamic_consensus/environment/ament_prefix_path.dsv
[4.775s] -- Up-to-date: /home/fortunato/ros2_ws/install/dynamic_consensus/share/dynamic_consensus/environment/path.sh
[4.775s] -- Installing: /home/fortunato/ros2_ws/install/dynamic_consensus/share/dynamic_consensus/environment/path.dsv
[4.776s] -- Up-to-date: /home/fortunato/ros2_ws/install/dynamic_consensus/share/dynamic_consensus/local_setup.bash
[4.776s] -- Up-to-date: /home/fortunato/ros2_ws/install/dynamic_consensus/share/dynamic_consensus/local_setup.sh
[4.776s] -- Up-to-date: /home/fortunato/ros2_ws/install/dynamic_consensus/share/dynamic_consensus/local_setup.zsh
[4.776s] -- Installing: /home/fortunato/ros2_ws/install/dynamic_consensus/share/dynamic_consensus/local_setup.dsv
[4.776s] -- Installing: /home/fortunato/ros2_ws/install/dynamic_consensus/share/dynamic_consensus/package.dsv
[4.776s] -- Up-to-date: /home/fortunato/ros2_ws/install/dynamic_consensus/share/ament_index/resource_index/packages/dynamic_consensus
[4.776s] -- Up-to-date: /home/fortunato/ros2_ws/install/dynamic_consensus/share/dynamic_consensus/cmake/dynamic_consensusConfig.cmake
[4.776s] -- Up-to-date: /home/fortunato/ros2_ws/install/dynamic_consensus/share/dynamic_consensus/cmake/dynamic_consensusConfig-version.cmake
[4.776s] -- Up-to-date: /home/fortunato/ros2_ws/install/dynamic_consensus/share/dynamic_consensus/package.xml
[4.777s] Invoked command in '/home/fortunato/ros2_ws/build/dynamic_consensus' returned '0': CMAKE_PREFIX_PATH=/home/fortunato/ros2_ws/install/dynamic_consensus:/opt/ros/humble:/home/fortunato/ros2_ws/install/consenso_pkg:/home/fortunato/ros2_ws/install/cons_pkg /usr/bin/cmake --install /home/fortunato/ros2_ws/build/dynamic_consensus
