[0.018s] Invoking command in '/home/fortunato/ros2_ws/build/dynamic_consensus': CMAKE_PREFIX_PATH=${CMAKE_PREFIX_PATH}:/opt/ros/humble /usr/bin/cmake --build /home/fortunato/ros2_ws/build/dynamic_consensus -- -j8 -l8
[0.070s] [ 33%] [32mBuilding CXX object CMakeFiles/average_calc_node.dir/src/average_calc_node.cpp.o[0m
[0.070s] [ 33%] [32mBuilding CXX object CMakeFiles/consensus_node.dir/src/consensus_node.cpp.o[0m
[0.070s] [ 66%] Built target signal_generator_node
[2.328s] [01m[K/home/fortunato/ros2_ws/src/dynamic_consensus/src/average_calc_node.cpp:[m[K In constructor ‘[01m[KAverageNode::AverageNode()[m[K’:
[2.329s] [01m[K/home/fortunato/ros2_ws/src/dynamic_consensus/src/average_calc_node.cpp:42:18:[m[K [01;31m[Kerror: [m[K‘[01m[KAggregatorNode[m[K’ has not been declared
[2.329s]    42 |       std::bind(&[01;31m[KAggregatorNode[m[K::publish_averages, this)
[2.329s]       |                  [01;31m[K^~~~~~~~~~~~~~[m[K
[2.335s] [01m[K/home/fortunato/ros2_ws/src/dynamic_consensus/src/average_calc_node.cpp:[m[K In function ‘[01m[Kint main(int, char**)[m[K’:
[2.335s] [01m[K/home/fortunato/ros2_ws/src/dynamic_consensus/src/average_calc_node.cpp:75:32:[m[K [01;31m[Kerror: [m[K‘[01m[KAggregatorNode[m[K’ was not declared in this scope
[2.336s]    75 |   auto node = std::make_shared<[01;31m[KAggregatorNode[m[K>();
[2.336s]       |                                [01;31m[K^~~~~~~~~~~~~~[m[K
[2.336s] [01m[K/home/fortunato/ros2_ws/src/dynamic_consensus/src/average_calc_node.cpp:75:47:[m[K [01;31m[Kerror: [m[Kno matching function for call to ‘[01m[Kmake_shared<<expression error> >()[m[K’
[2.336s]    75 |   auto node = [01;31m[Kstd::make_shared<AggregatorNode>()[m[K;
[2.336s]       |               [01;31m[K~~~~~~~~~~~~~~~~~~~~~~~~~~~~~~~~^~[m[K
[2.336s] In file included from [01m[K/usr/include/c++/11/memory:77[m[K,
[2.336s]                  from [01m[K/opt/ros/humble/include/rclcpp/rclcpp/rclcpp.hpp:153[m[K,
[2.336s]                  from [01m[K/home/fortunato/ros2_ws/src/dynamic_consensus/src/average_calc_node.cpp:1[m[K:
[2.336s] [01m[K/usr/include/c++/11/bits/shared_ptr.h:875:5:[m[K [01;36m[Knote: [m[Kcandidate: ‘[01m[Ktemplate<class _Tp, class ... _Args> std::shared_ptr<_Tp> std::make_shared(_Args&& ...)[m[K’
[2.336s]   875 |     [01;36m[Kmake_shared[m[K(_Args&&... __args)
[2.336s]       |     [01;36m[K^~~~~~~~~~~[m[K
[2.336s] [01m[K/usr/include/c++/11/bits/shared_ptr.h:875:5:[m[K [01;36m[Knote: [m[K  template argument deduction/substitution failed:
[2.336s] [01m[K/home/fortunato/ros2_ws/src/dynamic_consensus/src/average_calc_node.cpp:75:47:[m[K [01;31m[Kerror: [m[Ktemplate argument 1 is invalid
[2.336s]    75 |   auto node = [01;31m[Kstd::make_shared<AggregatorNode>()[m[K;
[2.336s]       |               [01;31m[K~~~~~~~~~~~~~~~~~~~~~~~~~~~~~~~~^~[m[K
[4.584s] gmake[2]: *** [CMakeFiles/average_calc_node.dir/build.make:76: CMakeFiles/average_calc_node.dir/src/average_calc_node.cpp.o] Errore 1
[4.585s] gmake[1]: *** [CMakeFiles/Makefile2:193: CMakeFiles/average_calc_node.dir/all] Errore 2
[4.585s] gmake[1]: *** Attesa per i processi non terminati....
[8.487s] [ 83%] [32m[1mLinking CXX executable consensus_node[0m
[8.859s] [ 83%] Built target consensus_node
[8.860s] gmake: *** [Makefile:146: all] Errore 2
[8.863s] Invoked command in '/home/fortunato/ros2_ws/build/dynamic_consensus' returned '2': CMAKE_PREFIX_PATH=${CMAKE_PREFIX_PATH}:/opt/ros/humble /usr/bin/cmake --build /home/fortunato/ros2_ws/build/dynamic_consensus -- -j8 -l8
