[35m[1mConsolidate compiler generated dependencies of target consensus_node[0m
[35m[1mConsolidate compiler generated dependencies of target average_calc_node[0m
[ 33%] Built target signal_generator_node
[ 83%] [32mBuilding CXX object CMakeFiles/average_calc_node.dir/src/average_calc_node.cpp.o[0m
[ 83%] Built target consensus_node
[01m[K/home/fortunato/ros2_ws/src/dynamic_consensus/src/average_calc_node.cpp:[m[K In function ‘[01m[Kint main(int, char**)[m[K’:
[01m[K/home/fortunato/ros2_ws/src/dynamic_consensus/src/average_calc_node.cpp:75:32:[m[K [01;31m[Kerror: [m[K‘[01m[KaverageNode[m[K’ was not declared in this scope; did you mean ‘[01m[KAverageNode[m[K’?
   75 |   auto node = std::make_shared<[01;31m[KaverageNode[m[K>();
      |                                [01;31m[K^~~~~~~~~~~[m[K
      |                                [32m[KAverageNode[m[K
[01m[K/home/fortunato/ros2_ws/src/dynamic_consensus/src/average_calc_node.cpp:75:44:[m[K [01;31m[Kerror: [m[Kno matching function for call to ‘[01m[Kmake_shared<<expression error> >()[m[K’
   75 |   auto node = [01;31m[Kstd::make_shared<averageNode>()[m[K;
      |               [01;31m[K~~~~~~~~~~~~~~~~~~~~~~~~~~~~~^~[m[K
In file included from [01m[K/usr/include/c++/11/memory:77[m[K,
                 from [01m[K/opt/ros/humble/include/rclcpp/rclcpp/rclcpp.hpp:153[m[K,
                 from [01m[K/home/fortunato/ros2_ws/src/dynamic_consensus/src/average_calc_node.cpp:1[m[K:
[01m[K/usr/include/c++/11/bits/shared_ptr.h:875:5:[m[K [01;36m[Knote: [m[Kcandidate: ‘[01m[Ktemplate<class _Tp, class ... _Args> std::shared_ptr<_Tp> std::make_shared(_Args&& ...)[m[K’
  875 |     [01;36m[Kmake_shared[m[K(_Args&&... __args)
      |     [01;36m[K^~~~~~~~~~~[m[K
[01m[K/usr/include/c++/11/bits/shared_ptr.h:875:5:[m[K [01;36m[Knote: [m[K  template argument deduction/substitution failed:
[01m[K/home/fortunato/ros2_ws/src/dynamic_consensus/src/average_calc_node.cpp:75:44:[m[K [01;31m[Kerror: [m[Ktemplate argument 1 is invalid
   75 |   auto node = [01;31m[Kstd::make_shared<averageNode>()[m[K;
      |               [01;31m[K~~~~~~~~~~~~~~~~~~~~~~~~~~~~~^~[m[K
gmake[2]: *** [CMakeFiles/average_calc_node.dir/build.make:76: CMakeFiles/average_calc_node.dir/src/average_calc_node.cpp.o] Errore 1
gmake[1]: *** [CMakeFiles/Makefile2:193: CMakeFiles/average_calc_node.dir/all] Errore 2
gmake: *** [Makefile:146: all] Errore 2
