[0.224s] DEBUG:colcon:Command line arguments: ['/home/fortunato/.local/bin/colcon', 'build']
[0.224s] DEBUG:colcon:Parsed command line arguments: Namespace(log_base=None, log_level=None, verb_name='build', build_base='build', install_base='install', merge_install=False, symlink_install=False, test_result_base=None, continue_on_error=False, executor='parallel', parallel_workers=8, event_handlers=None, ignore_user_meta=False, metas=['./colcon.meta'], base_paths=['.'], packages_ignore=None, packages_ignore_regex=None, paths=None, packages_up_to=None, packages_up_to_regex=None, packages_above=None, packages_above_and_dependencies=None, packages_above_depth=None, packages_select_by_dep=None, packages_skip_by_dep=None, packages_skip_up_to=None, packages_select_build_failed=False, packages_skip_build_finished=False, packages_select_test_failures=False, packages_skip_test_passed=False, packages_select=None, packages_skip=None, packages_select_regex=None, packages_skip_regex=None, packages_start=None, packages_end=None, allow_overriding=[], cmake_args=None, cmake_target=None, cmake_target_skip_unavailable=False, cmake_clean_cache=False, cmake_clean_first=False, cmake_force_configure=False, ament_cmake_args=None, catkin_cmake_args=None, catkin_skip_building_tests=False, mixin_files=None, mixin=None, verb_parser=<colcon_mixin.mixin.mixin_argument.MixinArgumentDecorator object at 0x7fec8d4d4790>, verb_extension=<colcon_core.verb.build.BuildVerb object at 0x7fec8d4d40d0>, main=<bound method BuildVerb.main of <colcon_core.verb.build.BuildVerb object at 0x7fec8d4d40d0>>, mixin_verb=('build',))
[0.285s] Level 1:colcon.colcon_core.package_discovery:discover_packages(colcon_meta) check parameters
[0.286s] Level 1:colcon.colcon_core.package_discovery:discover_packages(recursive) check parameters
[0.286s] Level 1:colcon.colcon_core.package_discovery:discover_packages(ignore) check parameters
[0.286s] Level 1:colcon.colcon_core.package_discovery:discover_packages(path) check parameters
[0.286s] Level 1:colcon.colcon_core.package_discovery:discover_packages(colcon_meta) discover
[0.286s] Level 1:colcon.colcon_core.package_discovery:discover_packages(recursive) discover
[0.286s] INFO:colcon.colcon_core.package_discovery:Crawling recursively for packages in '/home/fortunato/ros2_ws'
[0.286s] Level 1:colcon.colcon_core.package_identification:_identify(.) by extensions ['ignore', 'ignore_ament_install']
[0.286s] Level 1:colcon.colcon_core.package_identification:_identify(.) by extension 'ignore'
[0.286s] Level 1:colcon.colcon_core.package_identification:_identify(.) by extension 'ignore_ament_install'
[0.286s] Level 1:colcon.colcon_core.package_identification:_identify(.) by extensions ['colcon_pkg']
[0.286s] Level 1:colcon.colcon_core.package_identification:_identify(.) by extension 'colcon_pkg'
[0.286s] Level 1:colcon.colcon_core.package_identification:_identify(.) by extensions ['colcon_meta']
[0.286s] Level 1:colcon.colcon_core.package_identification:_identify(.) by extension 'colcon_meta'
[0.286s] Level 1:colcon.colcon_core.package_identification:_identify(.) by extensions ['ros']
[0.286s] Level 1:colcon.colcon_core.package_identification:_identify(.) by extension 'ros'
[0.306s] Level 1:colcon.colcon_core.package_identification:_identify(.) by extensions ['cmake', 'python']
[0.306s] Level 1:colcon.colcon_core.package_identification:_identify(.) by extension 'cmake'
[0.306s] Level 1:colcon.colcon_core.package_identification:_identify(.) by extension 'python'
[0.306s] Level 1:colcon.colcon_core.package_identification:_identify(.) by extensions ['python_setup_py']
[0.306s] Level 1:colcon.colcon_core.package_identification:_identify(.) by extension 'python_setup_py'
[0.307s] Level 1:colcon.colcon_core.package_identification:_identify(build) by extensions ['ignore', 'ignore_ament_install']
[0.307s] Level 1:colcon.colcon_core.package_identification:_identify(build) by extension 'ignore'
[0.307s] Level 1:colcon.colcon_core.package_identification:_identify(build) ignored
[0.307s] Level 1:colcon.colcon_core.package_identification:_identify(install) by extensions ['ignore', 'ignore_ament_install']
[0.307s] Level 1:colcon.colcon_core.package_identification:_identify(install) by extension 'ignore'
[0.307s] Level 1:colcon.colcon_core.package_identification:_identify(install) ignored
[0.307s] Level 1:colcon.colcon_core.package_identification:_identify(log) by extensions ['ignore', 'ignore_ament_install']
[0.307s] Level 1:colcon.colcon_core.package_identification:_identify(log) by extension 'ignore'
[0.307s] Level 1:colcon.colcon_core.package_identification:_identify(log) ignored
[0.308s] Level 1:colcon.colcon_core.package_identification:_identify(src) by extensions ['ignore', 'ignore_ament_install']
[0.308s] Level 1:colcon.colcon_core.package_identification:_identify(src) by extension 'ignore'
[0.308s] Level 1:colcon.colcon_core.package_identification:_identify(src) by extension 'ignore_ament_install'
[0.308s] Level 1:colcon.colcon_core.package_identification:_identify(src) by extensions ['colcon_pkg']
[0.308s] Level 1:colcon.colcon_core.package_identification:_identify(src) by extension 'colcon_pkg'
[0.308s] Level 1:colcon.colcon_core.package_identification:_identify(src) by extensions ['colcon_meta']
[0.308s] Level 1:colcon.colcon_core.package_identification:_identify(src) by extension 'colcon_meta'
[0.308s] Level 1:colcon.colcon_core.package_identification:_identify(src) by extensions ['ros']
[0.308s] Level 1:colcon.colcon_core.package_identification:_identify(src) by extension 'ros'
[0.308s] Level 1:colcon.colcon_core.package_identification:_identify(src) by extensions ['cmake', 'python']
[0.308s] Level 1:colcon.colcon_core.package_identification:_identify(src) by extension 'cmake'
[0.308s] Level 1:colcon.colcon_core.package_identification:_identify(src) by extension 'python'
[0.308s] Level 1:colcon.colcon_core.package_identification:_identify(src) by extensions ['python_setup_py']
[0.308s] Level 1:colcon.colcon_core.package_identification:_identify(src) by extension 'python_setup_py'
[0.308s] Level 1:colcon.colcon_core.package_identification:_identify(src/consenso) by extensions ['ignore', 'ignore_ament_install']
[0.308s] Level 1:colcon.colcon_core.package_identification:_identify(src/consenso) by extension 'ignore'
[0.309s] Level 1:colcon.colcon_core.package_identification:_identify(src/consenso) by extension 'ignore_ament_install'
[0.309s] Level 1:colcon.colcon_core.package_identification:_identify(src/consenso) by extensions ['colcon_pkg']
[0.309s] Level 1:colcon.colcon_core.package_identification:_identify(src/consenso) by extension 'colcon_pkg'
[0.309s] Level 1:colcon.colcon_core.package_identification:_identify(src/consenso) by extensions ['colcon_meta']
[0.309s] Level 1:colcon.colcon_core.package_identification:_identify(src/consenso) by extension 'colcon_meta'
[0.309s] Level 1:colcon.colcon_core.package_identification:_identify(src/consenso) by extensions ['ros']
[0.309s] Level 1:colcon.colcon_core.package_identification:_identify(src/consenso) by extension 'ros'
[0.312s] DEBUG:colcon.colcon_core.package_identification:Package 'src/consenso' with type 'ros.ament_cmake' and name 'cons_pkg'
[0.313s] Level 1:colcon.colcon_core.package_identification:_identify(src/dynamic_consensus) by extensions ['ignore', 'ignore_ament_install']
[0.313s] Level 1:colcon.colcon_core.package_identification:_identify(src/dynamic_consensus) by extension 'ignore'
[0.313s] Level 1:colcon.colcon_core.package_identification:_identify(src/dynamic_consensus) by extension 'ignore_ament_install'
[0.313s] Level 1:colcon.colcon_core.package_identification:_identify(src/dynamic_consensus) by extensions ['colcon_pkg']
[0.313s] Level 1:colcon.colcon_core.package_identification:_identify(src/dynamic_consensus) by extension 'colcon_pkg'
[0.313s] Level 1:colcon.colcon_core.package_identification:_identify(src/dynamic_consensus) by extensions ['colcon_meta']
[0.313s] Level 1:colcon.colcon_core.package_identification:_identify(src/dynamic_consensus) by extension 'colcon_meta'
[0.313s] Level 1:colcon.colcon_core.package_identification:_identify(src/dynamic_consensus) by extensions ['ros']
[0.313s] Level 1:colcon.colcon_core.package_identification:_identify(src/dynamic_consensus) by extension 'ros'
[0.314s] DEBUG:colcon.colcon_core.package_identification:Package 'src/dynamic_consensus' with type 'ros.ament_cmake' and name 'dynamic_consensus'
[0.314s] Level 1:colcon.colcon_core.package_discovery:discover_packages(recursive) using defaults
[0.314s] Level 1:colcon.colcon_core.package_discovery:discover_packages(ignore) discover
[0.314s] Level 1:colcon.colcon_core.package_discovery:discover_packages(ignore) using defaults
[0.314s] Level 1:colcon.colcon_core.package_discovery:discover_packages(path) discover
[0.314s] Level 1:colcon.colcon_core.package_discovery:discover_packages(path) using defaults
[0.340s] Level 1:colcon.colcon_core.package_discovery:discover_packages(prefix_path) check parameters
[0.340s] Level 1:colcon.colcon_core.package_discovery:discover_packages(prefix_path) discover
[0.344s] DEBUG:colcon.colcon_installed_package_information.package_discovery:Found 3 installed packages in /home/fortunato/ros2_ws/install
[0.346s] DEBUG:colcon.colcon_installed_package_information.package_discovery:Found 277 installed packages in /opt/ros/humble
[0.347s] Level 1:colcon.colcon_core.package_discovery:discover_packages(prefix_path) using defaults
[0.395s] Level 5:colcon.colcon_core.verb:set package 'cons_pkg' build argument 'cmake_args' from command line to 'None'
[0.395s] Level 5:colcon.colcon_core.verb:set package 'cons_pkg' build argument 'cmake_target' from command line to 'None'
[0.395s] Level 5:colcon.colcon_core.verb:set package 'cons_pkg' build argument 'cmake_target_skip_unavailable' from command line to 'False'
[0.395s] Level 5:colcon.colcon_core.verb:set package 'cons_pkg' build argument 'cmake_clean_cache' from command line to 'False'
[0.395s] Level 5:colcon.colcon_core.verb:set package 'cons_pkg' build argument 'cmake_clean_first' from command line to 'False'
[0.395s] Level 5:colcon.colcon_core.verb:set package 'cons_pkg' build argument 'cmake_force_configure' from command line to 'False'
[0.395s] Level 5:colcon.colcon_core.verb:set package 'cons_pkg' build argument 'ament_cmake_args' from command line to 'None'
[0.395s] Level 5:colcon.colcon_core.verb:set package 'cons_pkg' build argument 'catkin_cmake_args' from command line to 'None'
[0.395s] Level 5:colcon.colcon_core.verb:set package 'cons_pkg' build argument 'catkin_skip_building_tests' from command line to 'False'
[0.395s] DEBUG:colcon.colcon_core.verb:Building package 'cons_pkg' with the following arguments: {'ament_cmake_args': None, 'build_base': '/home/fortunato/ros2_ws/build/cons_pkg', 'catkin_cmake_args': None, 'catkin_skip_building_tests': False, 'cmake_args': None, 'cmake_clean_cache': False, 'cmake_clean_first': False, 'cmake_force_configure': False, 'cmake_target': None, 'cmake_target_skip_unavailable': False, 'install_base': '/home/fortunato/ros2_ws/install/cons_pkg', 'merge_install': False, 'path': '/home/fortunato/ros2_ws/src/consenso', 'symlink_install': False, 'test_result_base': None}
[0.396s] Level 5:colcon.colcon_core.verb:set package 'dynamic_consensus' build argument 'cmake_args' from command line to 'None'
[0.396s] Level 5:colcon.colcon_core.verb:set package 'dynamic_consensus' build argument 'cmake_target' from command line to 'None'
[0.396s] Level 5:colcon.colcon_core.verb:set package 'dynamic_consensus' build argument 'cmake_target_skip_unavailable' from command line to 'False'
[0.396s] Level 5:colcon.colcon_core.verb:set package 'dynamic_consensus' build argument 'cmake_clean_cache' from command line to 'False'
[0.396s] Level 5:colcon.colcon_core.verb:set package 'dynamic_consensus' build argument 'cmake_clean_first' from command line to 'False'
[0.396s] Level 5:colcon.colcon_core.verb:set package 'dynamic_consensus' build argument 'cmake_force_configure' from command line to 'False'
[0.396s] Level 5:colcon.colcon_core.verb:set package 'dynamic_consensus' build argument 'ament_cmake_args' from command line to 'None'
[0.396s] Level 5:colcon.colcon_core.verb:set package 'dynamic_consensus' build argument 'catkin_cmake_args' from command line to 'None'
[0.396s] Level 5:colcon.colcon_core.verb:set package 'dynamic_consensus' build argument 'catkin_skip_building_tests' from command line to 'False'
[0.396s] DEBUG:colcon.colcon_core.verb:Building package 'dynamic_consensus' with the following arguments: {'ament_cmake_args': None, 'build_base': '/home/fortunato/ros2_ws/build/dynamic_consensus', 'catkin_cmake_args': None, 'catkin_skip_building_tests': False, 'cmake_args': None, 'cmake_clean_cache': False, 'cmake_clean_first': False, 'cmake_force_configure': False, 'cmake_target': None, 'cmake_target_skip_unavailable': False, 'install_base': '/home/fortunato/ros2_ws/install/dynamic_consensus', 'merge_install': False, 'path': '/home/fortunato/ros2_ws/src/dynamic_consensus', 'symlink_install': False, 'test_result_base': None}
[0.396s] INFO:colcon.colcon_core.executor:Executing jobs using 'parallel' executor
[0.397s] DEBUG:colcon.colcon_parallel_executor.executor.parallel:run_until_complete
[0.398s] INFO:colcon.colcon_ros.task.ament_cmake.build:Building ROS package in '/home/fortunato/ros2_ws/src/consenso' with build type 'ament_cmake'
[0.398s] INFO:colcon.colcon_cmake.task.cmake.build:Building CMake package in '/home/fortunato/ros2_ws/src/consenso'
[0.402s] INFO:colcon.colcon_core.plugin_system:Skipping extension 'colcon_core.shell.bat': Not used on non-Windows systems
[0.402s] INFO:colcon.colcon_core.shell:Skip shell extension 'powershell' for command environment: Not usable outside of PowerShell
[0.402s] DEBUG:colcon.colcon_core.shell:Skip shell extension 'dsv' for command environment
[0.421s] INFO:colcon.colcon_ros.task.ament_cmake.build:Building ROS package in '/home/fortunato/ros2_ws/src/dynamic_consensus' with build type 'ament_cmake'
[0.422s] INFO:colcon.colcon_cmake.task.cmake.build:Building CMake package in '/home/fortunato/ros2_ws/src/dynamic_consensus'
[0.422s] INFO:colcon.colcon_core.shell:Skip shell extension 'powershell' for command environment: Not usable outside of PowerShell
[0.422s] DEBUG:colcon.colcon_core.shell:Skip shell extension 'dsv' for command environment
[0.438s] DEBUG:colcon.colcon_core.event_handler.log_command:Invoking command in '/home/fortunato/ros2_ws/build/cons_pkg': CMAKE_PREFIX_PATH=/home/fortunato/ros2_ws/install/dynamic_consensus:/opt/ros/humble:/home/fortunato/ros2_ws/install/consenso_pkg:/home/fortunato/ros2_ws/install/cons_pkg /usr/bin/cmake --build /home/fortunato/ros2_ws/build/cons_pkg -- -j8 -l8
[0.442s] DEBUG:colcon.colcon_core.event_handler.log_command:Invoking command in '/home/fortunato/ros2_ws/build/dynamic_consensus': CMAKE_PREFIX_PATH=/home/fortunato/ros2_ws/install/dynamic_consensus:/opt/ros/humble:/home/fortunato/ros2_ws/install/consenso_pkg:/home/fortunato/ros2_ws/install/cons_pkg /usr/bin/cmake --build /home/fortunato/ros2_ws/build/dynamic_consensus -- -j8 -l8
[0.530s] DEBUG:colcon.colcon_core.event_handler.log_command:Invoked command in '/home/fortunato/ros2_ws/build/cons_pkg' returned '0': CMAKE_PREFIX_PATH=/home/fortunato/ros2_ws/install/dynamic_consensus:/opt/ros/humble:/home/fortunato/ros2_ws/install/consenso_pkg:/home/fortunato/ros2_ws/install/cons_pkg /usr/bin/cmake --build /home/fortunato/ros2_ws/build/cons_pkg -- -j8 -l8
[0.543s] DEBUG:colcon.colcon_core.event_handler.log_command:Invoking command in '/home/fortunato/ros2_ws/build/cons_pkg': CMAKE_PREFIX_PATH=/home/fortunato/ros2_ws/install/dynamic_consensus:/opt/ros/humble:/home/fortunato/ros2_ws/install/consenso_pkg:/home/fortunato/ros2_ws/install/cons_pkg /usr/bin/cmake --install /home/fortunato/ros2_ws/build/cons_pkg
[0.556s] Level 1:colcon.colcon_core.environment:create_environment_scripts_only(cons_pkg)
[0.557s] DEBUG:colcon.colcon_core.event_handler.log_command:Invoked command in '/home/fortunato/ros2_ws/build/cons_pkg' returned '0': CMAKE_PREFIX_PATH=/home/fortunato/ros2_ws/install/dynamic_consensus:/opt/ros/humble:/home/fortunato/ros2_ws/install/consenso_pkg:/home/fortunato/ros2_ws/install/cons_pkg /usr/bin/cmake --install /home/fortunato/ros2_ws/build/cons_pkg
[0.559s] Level 1:colcon.colcon_core.environment:checking '/home/fortunato/ros2_ws/install/cons_pkg' for CMake module files
[0.560s] Level 1:colcon.colcon_core.environment:checking '/home/fortunato/ros2_ws/install/cons_pkg' for CMake config files
[0.560s] Level 1:colcon.colcon_core.shell:create_environment_hook('cons_pkg', 'cmake_prefix_path')
[0.560s] INFO:colcon.colcon_core.shell:Creating environment hook '/home/fortunato/ros2_ws/install/cons_pkg/share/cons_pkg/hook/cmake_prefix_path.ps1'
[0.561s] INFO:colcon.colcon_core.shell:Creating environment descriptor '/home/fortunato/ros2_ws/install/cons_pkg/share/cons_pkg/hook/cmake_prefix_path.dsv'
[0.562s] INFO:colcon.colcon_core.shell:Creating environment hook '/home/fortunato/ros2_ws/install/cons_pkg/share/cons_pkg/hook/cmake_prefix_path.sh'
[0.563s] Level 1:colcon.colcon_core.environment:checking '/home/fortunato/ros2_ws/install/cons_pkg/lib'
[0.563s] Level 1:colcon.colcon_core.environment:checking '/home/fortunato/ros2_ws/install/cons_pkg/bin'
[0.563s] Level 1:colcon.colcon_core.environment:checking '/home/fortunato/ros2_ws/install/cons_pkg/lib/pkgconfig/cons_pkg.pc'
[0.563s] Level 1:colcon.colcon_core.environment:checking '/home/fortunato/ros2_ws/install/cons_pkg/lib/python3.10/site-packages'
[0.564s] Level 1:colcon.colcon_core.environment:checking '/home/fortunato/ros2_ws/install/cons_pkg/bin'
[0.564s] INFO:colcon.colcon_core.shell:Creating package script '/home/fortunato/ros2_ws/install/cons_pkg/share/cons_pkg/package.ps1'
[0.566s] INFO:colcon.colcon_core.shell:Creating package descriptor '/home/fortunato/ros2_ws/install/cons_pkg/share/cons_pkg/package.dsv'
[0.566s] INFO:colcon.colcon_core.shell:Creating package script '/home/fortunato/ros2_ws/install/cons_pkg/share/cons_pkg/package.sh'
[0.567s] INFO:colcon.colcon_core.shell:Creating package script '/home/fortunato/ros2_ws/install/cons_pkg/share/cons_pkg/package.bash'
[0.568s] INFO:colcon.colcon_core.shell:Creating package script '/home/fortunato/ros2_ws/install/cons_pkg/share/cons_pkg/package.zsh'
[0.569s] Level 1:colcon.colcon_core.environment:create_file_with_runtime_dependencies(/home/fortunato/ros2_ws/install/cons_pkg/share/colcon-core/packages/cons_pkg)
[0.569s] Level 1:colcon.colcon_core.environment:create_environment_scripts_only(cons_pkg)
[0.569s] Level 1:colcon.colcon_core.environment:checking '/home/fortunato/ros2_ws/install/cons_pkg' for CMake module files
[0.570s] Level 1:colcon.colcon_core.environment:checking '/home/fortunato/ros2_ws/install/cons_pkg' for CMake config files
[0.570s] Level 1:colcon.colcon_core.shell:create_environment_hook('cons_pkg', 'cmake_prefix_path')
[0.570s] INFO:colcon.colcon_core.shell:Creating environment hook '/home/fortunato/ros2_ws/install/cons_pkg/share/cons_pkg/hook/cmake_prefix_path.ps1'
[0.571s] INFO:colcon.colcon_core.shell:Creating environment descriptor '/home/fortunato/ros2_ws/install/cons_pkg/share/cons_pkg/hook/cmake_prefix_path.dsv'
[0.571s] INFO:colcon.colcon_core.shell:Creating environment hook '/home/fortunato/ros2_ws/install/cons_pkg/share/cons_pkg/hook/cmake_prefix_path.sh'
[0.571s] Level 1:colcon.colcon_core.environment:checking '/home/fortunato/ros2_ws/install/cons_pkg/lib'
[0.572s] Level 1:colcon.colcon_core.environment:checking '/home/fortunato/ros2_ws/install/cons_pkg/bin'
[0.572s] Level 1:colcon.colcon_core.environment:checking '/home/fortunato/ros2_ws/install/cons_pkg/lib/pkgconfig/cons_pkg.pc'
[0.572s] Level 1:colcon.colcon_core.environment:checking '/home/fortunato/ros2_ws/install/cons_pkg/lib/python3.10/site-packages'
[0.573s] Level 1:colcon.colcon_core.environment:checking '/home/fortunato/ros2_ws/install/cons_pkg/bin'
[0.573s] INFO:colcon.colcon_core.shell:Creating package script '/home/fortunato/ros2_ws/install/cons_pkg/share/cons_pkg/package.ps1'
[0.573s] INFO:colcon.colcon_core.shell:Creating package descriptor '/home/fortunato/ros2_ws/install/cons_pkg/share/cons_pkg/package.dsv'
[0.574s] INFO:colcon.colcon_core.shell:Creating package script '/home/fortunato/ros2_ws/install/cons_pkg/share/cons_pkg/package.sh'
[0.574s] INFO:colcon.colcon_core.shell:Creating package script '/home/fortunato/ros2_ws/install/cons_pkg/share/cons_pkg/package.bash'
[0.575s] INFO:colcon.colcon_core.shell:Creating package script '/home/fortunato/ros2_ws/install/cons_pkg/share/cons_pkg/package.zsh'
[0.575s] Level 1:colcon.colcon_core.environment:create_file_with_runtime_dependencies(/home/fortunato/ros2_ws/install/cons_pkg/share/colcon-core/packages/cons_pkg)
[18.340s] DEBUG:colcon.colcon_core.event_handler.log_command:Invoked command in '/home/fortunato/ros2_ws/build/dynamic_consensus' returned '0': CMAKE_PREFIX_PATH=/home/fortunato/ros2_ws/install/dynamic_consensus:/opt/ros/humble:/home/fortunato/ros2_ws/install/consenso_pkg:/home/fortunato/ros2_ws/install/cons_pkg /usr/bin/cmake --build /home/fortunato/ros2_ws/build/dynamic_consensus -- -j8 -l8
[18.341s] DEBUG:colcon.colcon_core.event_handler.log_command:Invoking command in '/home/fortunato/ros2_ws/build/dynamic_consensus': CMAKE_PREFIX_PATH=/home/fortunato/ros2_ws/install/dynamic_consensus:/opt/ros/humble:/home/fortunato/ros2_ws/install/consenso_pkg:/home/fortunato/ros2_ws/install/cons_pkg /usr/bin/cmake --install /home/fortunato/ros2_ws/build/dynamic_consensus
[18.364s] Level 1:colcon.colcon_core.environment:create_environment_scripts_only(dynamic_consensus)
[18.364s] Level 1:colcon.colcon_core.environment:checking '/home/fortunato/ros2_ws/install/dynamic_consensus' for CMake module files
[18.365s] DEBUG:colcon.colcon_core.event_handler.log_command:Invoked command in '/home/fortunato/ros2_ws/build/dynamic_consensus' returned '0': CMAKE_PREFIX_PATH=/home/fortunato/ros2_ws/install/dynamic_consensus:/opt/ros/humble:/home/fortunato/ros2_ws/install/consenso_pkg:/home/fortunato/ros2_ws/install/cons_pkg /usr/bin/cmake --install /home/fortunato/ros2_ws/build/dynamic_consensus
[18.365s] Level 1:colcon.colcon_core.environment:checking '/home/fortunato/ros2_ws/install/dynamic_consensus' for CMake config files
[18.366s] Level 1:colcon.colcon_core.shell:create_environment_hook('dynamic_consensus', 'cmake_prefix_path')
[18.366s] INFO:colcon.colcon_core.shell:Creating environment hook '/home/fortunato/ros2_ws/install/dynamic_consensus/share/dynamic_consensus/hook/cmake_prefix_path.ps1'
[18.367s] INFO:colcon.colcon_core.shell:Creating environment descriptor '/home/fortunato/ros2_ws/install/dynamic_consensus/share/dynamic_consensus/hook/cmake_prefix_path.dsv'
[18.367s] INFO:colcon.colcon_core.shell:Creating environment hook '/home/fortunato/ros2_ws/install/dynamic_consensus/share/dynamic_consensus/hook/cmake_prefix_path.sh'
[18.368s] Level 1:colcon.colcon_core.environment:checking '/home/fortunato/ros2_ws/install/dynamic_consensus/lib'
[18.368s] Level 1:colcon.colcon_core.environment:checking '/home/fortunato/ros2_ws/install/dynamic_consensus/bin'
[18.368s] Level 1:colcon.colcon_core.environment:checking '/home/fortunato/ros2_ws/install/dynamic_consensus/lib/pkgconfig/dynamic_consensus.pc'
[18.368s] Level 1:colcon.colcon_core.environment:checking '/home/fortunato/ros2_ws/install/dynamic_consensus/lib/python3.10/site-packages'
[18.369s] Level 1:colcon.colcon_core.environment:checking '/home/fortunato/ros2_ws/install/dynamic_consensus/bin'
[18.369s] INFO:colcon.colcon_core.shell:Creating package script '/home/fortunato/ros2_ws/install/dynamic_consensus/share/dynamic_consensus/package.ps1'
[18.370s] INFO:colcon.colcon_core.shell:Creating package descriptor '/home/fortunato/ros2_ws/install/dynamic_consensus/share/dynamic_consensus/package.dsv'
[18.371s] INFO:colcon.colcon_core.shell:Creating package script '/home/fortunato/ros2_ws/install/dynamic_consensus/share/dynamic_consensus/package.sh'
[18.371s] INFO:colcon.colcon_core.shell:Creating package script '/home/fortunato/ros2_ws/install/dynamic_consensus/share/dynamic_consensus/package.bash'
[18.372s] INFO:colcon.colcon_core.shell:Creating package script '/home/fortunato/ros2_ws/install/dynamic_consensus/share/dynamic_consensus/package.zsh'
[18.372s] Level 1:colcon.colcon_core.environment:create_file_with_runtime_dependencies(/home/fortunato/ros2_ws/install/dynamic_consensus/share/colcon-core/packages/dynamic_consensus)
[18.373s] Level 1:colcon.colcon_core.environment:create_environment_scripts_only(dynamic_consensus)
[18.373s] Level 1:colcon.colcon_core.environment:checking '/home/fortunato/ros2_ws/install/dynamic_consensus' for CMake module files
[18.374s] Level 1:colcon.colcon_core.environment:checking '/home/fortunato/ros2_ws/install/dynamic_consensus' for CMake config files
[18.374s] Level 1:colcon.colcon_core.shell:create_environment_hook('dynamic_consensus', 'cmake_prefix_path')
[18.374s] INFO:colcon.colcon_core.shell:Creating environment hook '/home/fortunato/ros2_ws/install/dynamic_consensus/share/dynamic_consensus/hook/cmake_prefix_path.ps1'
[18.374s] INFO:colcon.colcon_core.shell:Creating environment descriptor '/home/fortunato/ros2_ws/install/dynamic_consensus/share/dynamic_consensus/hook/cmake_prefix_path.dsv'
[18.375s] INFO:colcon.colcon_core.shell:Creating environment hook '/home/fortunato/ros2_ws/install/dynamic_consensus/share/dynamic_consensus/hook/cmake_prefix_path.sh'
[18.375s] Level 1:colcon.colcon_core.environment:checking '/home/fortunato/ros2_ws/install/dynamic_consensus/lib'
[18.375s] Level 1:colcon.colcon_core.environment:checking '/home/fortunato/ros2_ws/install/dynamic_consensus/bin'
[18.375s] Level 1:colcon.colcon_core.environment:checking '/home/fortunato/ros2_ws/install/dynamic_consensus/lib/pkgconfig/dynamic_consensus.pc'
[18.375s] Level 1:colcon.colcon_core.environment:checking '/home/fortunato/ros2_ws/install/dynamic_consensus/lib/python3.10/site-packages'
[18.376s] Level 1:colcon.colcon_core.environment:checking '/home/fortunato/ros2_ws/install/dynamic_consensus/bin'
[18.376s] INFO:colcon.colcon_core.shell:Creating package script '/home/fortunato/ros2_ws/install/dynamic_consensus/share/dynamic_consensus/package.ps1'
[18.377s] INFO:colcon.colcon_core.shell:Creating package descriptor '/home/fortunato/ros2_ws/install/dynamic_consensus/share/dynamic_consensus/package.dsv'
[18.378s] INFO:colcon.colcon_core.shell:Creating package script '/home/fortunato/ros2_ws/install/dynamic_consensus/share/dynamic_consensus/package.sh'
[18.379s] INFO:colcon.colcon_core.shell:Creating package script '/home/fortunato/ros2_ws/install/dynamic_consensus/share/dynamic_consensus/package.bash'
[18.379s] INFO:colcon.colcon_core.shell:Creating package script '/home/fortunato/ros2_ws/install/dynamic_consensus/share/dynamic_consensus/package.zsh'
[18.380s] Level 1:colcon.colcon_core.environment:create_file_with_runtime_dependencies(/home/fortunato/ros2_ws/install/dynamic_consensus/share/colcon-core/packages/dynamic_consensus)
[18.380s] DEBUG:colcon.colcon_parallel_executor.executor.parallel:closing loop
[18.381s] DEBUG:colcon.colcon_parallel_executor.executor.parallel:loop closed
[18.381s] DEBUG:colcon.colcon_parallel_executor.executor.parallel:run_until_complete finished with '0'
[18.381s] DEBUG:colcon.colcon_core.event_reactor:joining thread
[18.389s] INFO:colcon.colcon_core.plugin_system:Skipping extension 'colcon_notification.desktop_notification.terminal_notifier': Not used on non-Darwin systems
[18.389s] INFO:colcon.colcon_core.plugin_system:Skipping extension 'colcon_notification.desktop_notification.win32': Not used on non-Windows systems
[18.389s] INFO:colcon.colcon_notification.desktop_notification:Sending desktop notification using 'notify2'
[18.401s] DEBUG:colcon.colcon_core.event_reactor:joined thread
[18.402s] INFO:colcon.colcon_core.shell:Creating prefix script '/home/fortunato/ros2_ws/install/local_setup.ps1'
[18.403s] INFO:colcon.colcon_core.shell:Creating prefix util module '/home/fortunato/ros2_ws/install/_local_setup_util_ps1.py'
[18.405s] INFO:colcon.colcon_core.shell:Creating prefix chain script '/home/fortunato/ros2_ws/install/setup.ps1'
[18.408s] INFO:colcon.colcon_core.shell:Creating prefix script '/home/fortunato/ros2_ws/install/local_setup.sh'
[18.409s] INFO:colcon.colcon_core.shell:Creating prefix util module '/home/fortunato/ros2_ws/install/_local_setup_util_sh.py'
[18.410s] INFO:colcon.colcon_core.shell:Creating prefix chain script '/home/fortunato/ros2_ws/install/setup.sh'
[18.413s] INFO:colcon.colcon_core.shell:Creating prefix script '/home/fortunato/ros2_ws/install/local_setup.bash'
[18.414s] INFO:colcon.colcon_core.shell:Creating prefix chain script '/home/fortunato/ros2_ws/install/setup.bash'
[18.416s] INFO:colcon.colcon_core.shell:Creating prefix script '/home/fortunato/ros2_ws/install/local_setup.zsh'
[18.417s] INFO:colcon.colcon_core.shell:Creating prefix chain script '/home/fortunato/ros2_ws/install/setup.zsh'
