[0.023s] Invoking command in '/home/fortunato/ros2_ws/build/consenso_pkg': CMAKE_PREFIX_PATH=${CMAKE_PREFIX_PATH}:/opt/ros/humble /usr/bin/cmake /home/fortunato/ros2_ws/src/consenso -DCMAKE_INSTALL_PREFIX=/home/fortunato/ros2_ws/install/consenso_pkg
[0.038s] -- Found ament_cmake: 1.3.12 (/opt/ros/humble/share/ament_cmake/cmake)
[0.177s] -- Found rclcpp: 16.0.16 (/opt/ros/humble/share/rclcpp/cmake)
[0.203s] -- Found rosidl_generator_c: 3.1.7 (/opt/ros/humble/share/rosidl_generator_c/cmake)
[0.205s] -- Found rosidl_adapter: 3.1.7 (/opt/ros/humble/share/rosidl_adapter/cmake)
[0.211s] -- Found rosidl_generator_cpp: 3.1.7 (/opt/ros/humble/share/rosidl_generator_cpp/cmake)
[0.221s] -- Using all available rosidl_typesupport_c: rosidl_typesupport_fastrtps_c;rosidl_typesupport_introspection_c
[0.233s] -- Using all available rosidl_typesupport_cpp: rosidl_typesupport_fastrtps_cpp;rosidl_typesupport_introspection_cpp
[0.264s] -- Found rmw_implementation_cmake: 6.1.2 (/opt/ros/humble/share/rmw_implementation_cmake/cmake)
[0.265s] -- Found rmw_fastrtps_cpp: 6.2.9 (/opt/ros/humble/share/rmw_fastrtps_cpp/cmake)
[0.358s] -- Using RMW implementation 'rmw_fastrtps_cpp' as default
[0.404s] -- Found example_interfaces: 0.9.3 (/opt/ros/humble/share/example_interfaces/cmake)
[0.500s] -- Configuring done
[0.513s] -- Generating done
[0.516s] -- Build files have been written to: /home/fortunato/ros2_ws/build/consenso_pkg
[0.523s] Invoked command in '/home/fortunato/ros2_ws/build/consenso_pkg' returned '0': CMAKE_PREFIX_PATH=${CMAKE_PREFIX_PATH}:/opt/ros/humble /usr/bin/cmake /home/fortunato/ros2_ws/src/consenso -DCMAKE_INSTALL_PREFIX=/home/fortunato/ros2_ws/install/consenso_pkg
[0.525s] Invoking command in '/home/fortunato/ros2_ws/build/consenso_pkg': CMAKE_PREFIX_PATH=${CMAKE_PREFIX_PATH}:/opt/ros/humble /usr/bin/cmake --build /home/fortunato/ros2_ws/build/consenso_pkg -- -j8 -l8
[0.561s] [35m[1mConsolidate compiler generated dependencies of target nodo[0m
[0.578s] [100%] Built target nodo
[0.588s] Invoked command in '/home/fortunato/ros2_ws/build/consenso_pkg' returned '0': CMAKE_PREFIX_PATH=${CMAKE_PREFIX_PATH}:/opt/ros/humble /usr/bin/cmake --build /home/fortunato/ros2_ws/build/consenso_pkg -- -j8 -l8
[0.590s] Invoking command in '/home/fortunato/ros2_ws/build/consenso_pkg': CMAKE_PREFIX_PATH=${CMAKE_PREFIX_PATH}:/opt/ros/humble /usr/bin/cmake --install /home/fortunato/ros2_ws/build/consenso_pkg
[0.596s] -- Install configuration: ""
[0.596s] -- Up-to-date: /home/fortunato/ros2_ws/install/consenso_pkg/lib/consenso_pkg/nodo
[0.597s] -- Installing: /home/fortunato/ros2_ws/install/consenso_pkg/share/ament_index/resource_index/package_run_dependencies/consenso_pkg
[0.597s] -- Up-to-date: /home/fortunato/ros2_ws/install/consenso_pkg/share/ament_index/resource_index/parent_prefix_path/consenso_pkg
[0.597s] -- Up-to-date: /home/fortunato/ros2_ws/install/consenso_pkg/share/consenso_pkg/environment/ament_prefix_path.sh
[0.597s] -- Installing: /home/fortunato/ros2_ws/install/consenso_pkg/share/consenso_pkg/environment/ament_prefix_path.dsv
[0.597s] -- Up-to-date: /home/fortunato/ros2_ws/install/consenso_pkg/share/consenso_pkg/environment/path.sh
[0.597s] -- Installing: /home/fortunato/ros2_ws/install/consenso_pkg/share/consenso_pkg/environment/path.dsv
[0.598s] -- Up-to-date: /home/fortunato/ros2_ws/install/consenso_pkg/share/consenso_pkg/local_setup.bash
[0.598s] -- Up-to-date: /home/fortunato/ros2_ws/install/consenso_pkg/share/consenso_pkg/local_setup.sh
[0.598s] -- Up-to-date: /home/fortunato/ros2_ws/install/consenso_pkg/share/consenso_pkg/local_setup.zsh
[0.598s] -- Installing: /home/fortunato/ros2_ws/install/consenso_pkg/share/consenso_pkg/local_setup.dsv
[0.598s] -- Installing: /home/fortunato/ros2_ws/install/consenso_pkg/share/consenso_pkg/package.dsv
[0.598s] -- Up-to-date: /home/fortunato/ros2_ws/install/consenso_pkg/share/ament_index/resource_index/packages/consenso_pkg
[0.598s] -- Installing: /home/fortunato/ros2_ws/install/consenso_pkg/share/consenso_pkg/cmake/consenso_pkgConfig.cmake
[0.598s] -- Installing: /home/fortunato/ros2_ws/install/consenso_pkg/share/consenso_pkg/cmake/consenso_pkgConfig-version.cmake
[0.599s] -- Installing: /home/fortunato/ros2_ws/install/consenso_pkg/share/consenso_pkg/package.xml
[0.601s] Invoked command in '/home/fortunato/ros2_ws/build/consenso_pkg' returned '0': CMAKE_PREFIX_PATH=${CMAKE_PREFIX_PATH}:/opt/ros/humble /usr/bin/cmake --install /home/fortunato/ros2_ws/build/consenso_pkg
