[0.020s] Invoking command in '/home/fortunato/ros2_ws/build/dynamic_consensus': CMAKE_PREFIX_PATH=${CMAKE_PREFIX_PATH}:/opt/ros/humble /usr/bin/cmake --build /home/fortunato/ros2_ws/build/dynamic_consensus -- -j8 -l8
[0.074s] [ 16%] [32mBuilding CXX object CMakeFiles/consensus_node.dir/src/consensus_node.cpp.o[0m
[0.075s] [ 50%] [32mBuilding CXX object CMakeFiles/average_calc_node.dir/src/average_calc_node.cpp.o[0m
[0.075s] [ 50%] [32mBuilding CXX object CMakeFiles/signal_generator_node.dir/src/signal_generator_node.cpp.o[0m
[5.710s] [ 66%] [32m[1mLinking CXX executable signal_generator_node[0m
[6.048s] [ 66%] Built target signal_generator_node
[10.879s] [ 83%] [32m[1mLinking CXX executable average_calc_node[0m
[10.990s] [100%] [32m[1mLinking CXX executable consensus_node[0m
[11.454s] [100%] Built target average_calc_node
[11.517s] [100%] Built target consensus_node
[11.531s] Invoked command in '/home/fortunato/ros2_ws/build/dynamic_consensus' returned '0': CMAKE_PREFIX_PATH=${CMAKE_PREFIX_PATH}:/opt/ros/humble /usr/bin/cmake --build /home/fortunato/ros2_ws/build/dynamic_consensus -- -j8 -l8
[11.543s] Invoking command in '/home/fortunato/ros2_ws/build/dynamic_consensus': CMAKE_PREFIX_PATH=${CMAKE_PREFIX_PATH}:/opt/ros/humble /usr/bin/cmake --install /home/fortunato/ros2_ws/build/dynamic_consensus
[11.552s] -- Install configuration: ""
[11.552s] -- Installing: /home/fortunato/ros2_ws/install/dynamic_consensus/lib/dynamic_consensus/consensus_node
[11.556s] -- Set runtime path of "/home/fortunato/ros2_ws/install/dynamic_consensus/lib/dynamic_consensus/consensus_node" to ""
[11.557s] -- Installing: /home/fortunato/ros2_ws/install/dynamic_consensus/lib/dynamic_consensus/signal_generator_node
[11.559s] -- Set runtime path of "/home/fortunato/ros2_ws/install/dynamic_consensus/lib/dynamic_consensus/signal_generator_node" to ""
[11.560s] -- Installing: /home/fortunato/ros2_ws/install/dynamic_consensus/lib/dynamic_consensus/average_calc_node
[11.564s] -- Set runtime path of "/home/fortunato/ros2_ws/install/dynamic_consensus/lib/dynamic_consensus/average_calc_node" to ""
[11.564s] -- Up-to-date: /home/fortunato/ros2_ws/install/dynamic_consensus/share/dynamic_consensus/launch
[11.564s] -- Up-to-date: /home/fortunato/ros2_ws/install/dynamic_consensus/share/dynamic_consensus/launch/consensus_system_launch.launch
[11.565s] -- Up-to-date: /home/fortunato/ros2_ws/install/dynamic_consensus/share/ament_index/resource_index/package_run_dependencies/dynamic_consensus
[11.565s] -- Up-to-date: /home/fortunato/ros2_ws/install/dynamic_consensus/share/ament_index/resource_index/parent_prefix_path/dynamic_consensus
[11.565s] -- Up-to-date: /home/fortunato/ros2_ws/install/dynamic_consensus/share/dynamic_consensus/environment/ament_prefix_path.sh
[11.565s] -- Up-to-date: /home/fortunato/ros2_ws/install/dynamic_consensus/share/dynamic_consensus/environment/ament_prefix_path.dsv
[11.565s] -- Up-to-date: /home/fortunato/ros2_ws/install/dynamic_consensus/share/dynamic_consensus/environment/path.sh
[11.565s] -- Up-to-date: /home/fortunato/ros2_ws/install/dynamic_consensus/share/dynamic_consensus/environment/path.dsv
[11.565s] -- Up-to-date: /home/fortunato/ros2_ws/install/dynamic_consensus/share/dynamic_consensus/local_setup.bash
[11.565s] -- Up-to-date: /home/fortunato/ros2_ws/install/dynamic_consensus/share/dynamic_consensus/local_setup.sh
[11.565s] -- Up-to-date: /home/fortunato/ros2_ws/install/dynamic_consensus/share/dynamic_consensus/local_setup.zsh
[11.565s] -- Up-to-date: /home/fortunato/ros2_ws/install/dynamic_consensus/share/dynamic_consensus/local_setup.dsv
[11.565s] -- Installing: /home/fortunato/ros2_ws/install/dynamic_consensus/share/dynamic_consensus/package.dsv
[11.566s] -- Up-to-date: /home/fortunato/ros2_ws/install/dynamic_consensus/share/ament_index/resource_index/packages/dynamic_consensus
[11.566s] -- Up-to-date: /home/fortunato/ros2_ws/install/dynamic_consensus/share/dynamic_consensus/cmake/dynamic_consensusConfig.cmake
[11.566s] -- Up-to-date: /home/fortunato/ros2_ws/install/dynamic_consensus/share/dynamic_consensus/cmake/dynamic_consensusConfig-version.cmake
[11.566s] -- Up-to-date: /home/fortunato/ros2_ws/install/dynamic_consensus/share/dynamic_consensus/package.xml
[11.568s] Invoked command in '/home/fortunato/ros2_ws/build/dynamic_consensus' returned '0': CMAKE_PREFIX_PATH=${CMAKE_PREFIX_PATH}:/opt/ros/humble /usr/bin/cmake --install /home/fortunato/ros2_ws/build/dynamic_consensus
