[0.028s] Invoking command in '/home/fortunato/ros2_ws/build/dynamic_consensus': CMAKE_PREFIX_PATH=${CMAKE_PREFIX_PATH}:/opt/ros/humble /usr/bin/cmake --build /home/fortunato/ros2_ws/build/dynamic_consensus -- -j8 -l8
[0.085s] [35m[1mConsolidate compiler generated dependencies of target consensus_node[0m
[0.103s] [ 33%] Built target signal_generator_node
[0.103s] [ 66%] Built target average_calc_node
[0.108s] [ 83%] [32mBuilding CXX object CMakeFiles/consensus_node.dir/src/consensus_node.cpp.o[0m
[13.592s] [100%] [32m[1mLinking CXX executable consensus_node[0m
[14.427s] [100%] Built target consensus_node
[14.443s] Invoked command in '/home/fortunato/ros2_ws/build/dynamic_consensus' returned '0': CMAKE_PREFIX_PATH=${CMAKE_PREFIX_PATH}:/opt/ros/humble /usr/bin/cmake --build /home/fortunato/ros2_ws/build/dynamic_consensus -- -j8 -l8
[14.457s] Invoking command in '/home/fortunato/ros2_ws/build/dynamic_consensus': CMAKE_PREFIX_PATH=${CMAKE_PREFIX_PATH}:/opt/ros/humble /usr/bin/cmake --install /home/fortunato/ros2_ws/build/dynamic_consensus
[14.466s] -- Install configuration: ""
[14.466s] -- Installing: /home/fortunato/ros2_ws/install/dynamic_consensus/lib/dynamic_consensus/consensus_node
[14.475s] -- Set runtime path of "/home/fortunato/ros2_ws/install/dynamic_consensus/lib/dynamic_consensus/consensus_node" to ""
[14.475s] -- Up-to-date: /home/fortunato/ros2_ws/install/dynamic_consensus/lib/dynamic_consensus/signal_generator_node
[14.476s] -- Up-to-date: /home/fortunato/ros2_ws/install/dynamic_consensus/lib/dynamic_consensus/average_calc_node
[14.476s] -- Up-to-date: /home/fortunato/ros2_ws/install/dynamic_consensus/share/dynamic_consensus/launch
[14.476s] -- Up-to-date: /home/fortunato/ros2_ws/install/dynamic_consensus/share/dynamic_consensus/launch/consensus_system_launch.launch
[14.476s] -- Up-to-date: /home/fortunato/ros2_ws/install/dynamic_consensus/share/ament_index/resource_index/package_run_dependencies/dynamic_consensus
[14.477s] -- Up-to-date: /home/fortunato/ros2_ws/install/dynamic_consensus/share/ament_index/resource_index/parent_prefix_path/dynamic_consensus
[14.477s] -- Up-to-date: /home/fortunato/ros2_ws/install/dynamic_consensus/share/dynamic_consensus/environment/ament_prefix_path.sh
[14.477s] -- Up-to-date: /home/fortunato/ros2_ws/install/dynamic_consensus/share/dynamic_consensus/environment/ament_prefix_path.dsv
[14.477s] -- Up-to-date: /home/fortunato/ros2_ws/install/dynamic_consensus/share/dynamic_consensus/environment/path.sh
[14.477s] -- Up-to-date: /home/fortunato/ros2_ws/install/dynamic_consensus/share/dynamic_consensus/environment/path.dsv
[14.477s] -- Up-to-date: /home/fortunato/ros2_ws/install/dynamic_consensus/share/dynamic_consensus/local_setup.bash
[14.477s] -- Up-to-date: /home/fortunato/ros2_ws/install/dynamic_consensus/share/dynamic_consensus/local_setup.sh
[14.478s] -- Up-to-date: /home/fortunato/ros2_ws/install/dynamic_consensus/share/dynamic_consensus/local_setup.zsh
[14.478s] -- Up-to-date: /home/fortunato/ros2_ws/install/dynamic_consensus/share/dynamic_consensus/local_setup.dsv
[14.478s] -- Installing: /home/fortunato/ros2_ws/install/dynamic_consensus/share/dynamic_consensus/package.dsv
[14.478s] -- Up-to-date: /home/fortunato/ros2_ws/install/dynamic_consensus/share/ament_index/resource_index/packages/dynamic_consensus
[14.478s] -- Up-to-date: /home/fortunato/ros2_ws/install/dynamic_consensus/share/dynamic_consensus/cmake/dynamic_consensusConfig.cmake
[14.478s] -- Up-to-date: /home/fortunato/ros2_ws/install/dynamic_consensus/share/dynamic_consensus/cmake/dynamic_consensusConfig-version.cmake
[14.478s] -- Up-to-date: /home/fortunato/ros2_ws/install/dynamic_consensus/share/dynamic_consensus/package.xml
[14.479s] Invoked command in '/home/fortunato/ros2_ws/build/dynamic_consensus' returned '0': CMAKE_PREFIX_PATH=${CMAKE_PREFIX_PATH}:/opt/ros/humble /usr/bin/cmake --install /home/fortunato/ros2_ws/build/dynamic_consensus
