[0.019s] Invoking command in '/home/fortunato/ros2_ws/build/dynamic_consensus': CMAKE_PREFIX_PATH=${CMAKE_PREFIX_PATH}:/opt/ros/humble /usr/bin/cmake --build /home/fortunato/ros2_ws/build/dynamic_consensus -- -j8 -l8
[0.041s] -- Found ament_cmake: 1.3.12 (/opt/ros/humble/share/ament_cmake/cmake)
[0.163s] -- Found rclcpp: 16.0.15 (/opt/ros/humble/share/rclcpp/cmake)
[0.189s] -- Found rosidl_generator_c: 3.1.7 (/opt/ros/humble/share/rosidl_generator_c/cmake)
[0.191s] -- Found rosidl_adapter: 3.1.7 (/opt/ros/humble/share/rosidl_adapter/cmake)
[0.196s] -- Found rosidl_generator_cpp: 3.1.7 (/opt/ros/humble/share/rosidl_generator_cpp/cmake)
[0.205s] -- Using all available rosidl_typesupport_c: rosidl_typesupport_fastrtps_c;rosidl_typesupport_introspection_c
[0.216s] -- Using all available rosidl_typesupport_cpp: rosidl_typesupport_fastrtps_cpp;rosidl_typesupport_introspection_cpp
[0.246s] -- Found rmw_implementation_cmake: 6.1.2 (/opt/ros/humble/share/rmw_implementation_cmake/cmake)
[0.247s] -- Found rmw_fastrtps_cpp: 6.2.9 (/opt/ros/humble/share/rmw_fastrtps_cpp/cmake)
[0.338s] -- Using RMW implementation 'rmw_fastrtps_cpp' as default
[0.384s] -- Found example_interfaces: 0.9.3 (/opt/ros/humble/share/example_interfaces/cmake)
[0.476s] -- Configuring done
[0.490s] -- Generating done
[0.496s] -- Build files have been written to: /home/fortunato/ros2_ws/build/dynamic_consensus
[0.520s] [35m[1mConsolidate compiler generated dependencies of target average_calc_node[0m
[0.520s] [35m[1mConsolidate compiler generated dependencies of target consensus_node[0m
[0.520s] [35m[1mConsolidate compiler generated dependencies of target signal_generator_node[0m
[0.538s] [ 83%] Built target signal_generator_node
[0.539s] [ 83%] [32mBuilding CXX object CMakeFiles/consensus_node.dir/src/consensus_node.cpp.o[0m
[0.539s] [ 83%] Built target average_calc_node
[3.154s] [01m[K/home/fortunato/ros2_ws/src/dynamic_consensus/src/consensus_node.cpp:[m[K In member function ‘[01m[Kvoid ConsensusICFDynamicNode::timer_callback()[m[K’:
[3.154s] [01m[K/home/fortunato/ros2_ws/src/dynamic_consensus/src/consensus_node.cpp:170:28:[m[K [01;31m[Kerror: [m[Kno matching function for call to ‘[01m[Krclcpp::Publisher<std_msgs::msg::Float64_<std::allocator<void> > >::publish(example_interfaces::msg::Float64MultiArray&)[m[K’
[3.154s]   170 |         [01;31m[Kpub_stima_->publish(msg_icf)[m[K;
[3.154s]       |         [01;31m[K~~~~~~~~~~~~~~~~~~~^~~~~~~~~[m[K
[3.157s] In file included from [01m[K/opt/ros/humble/include/rclcpp/rclcpp/topic_statistics/subscription_topic_statistics.hpp:31[m[K,
[3.157s]                  from [01m[K/opt/ros/humble/include/rclcpp/rclcpp/subscription.hpp:50[m[K,
[3.157s]                  from [01m[K/opt/ros/humble/include/rclcpp/rclcpp/any_executable.hpp:25[m[K,
[3.157s]                  from [01m[K/opt/ros/humble/include/rclcpp/rclcpp/memory_strategy.hpp:25[m[K,
[3.158s]                  from [01m[K/opt/ros/humble/include/rclcpp/rclcpp/memory_strategies.hpp:18[m[K,
[3.158s]                  from [01m[K/opt/ros/humble/include/rclcpp/rclcpp/executor_options.hpp:20[m[K,
[3.158s]                  from [01m[K/opt/ros/humble/include/rclcpp/rclcpp/executor.hpp:37[m[K,
[3.158s]                  from [01m[K/opt/ros/humble/include/rclcpp/rclcpp/executors/multi_threaded_executor.hpp:25[m[K,
[3.158s]                  from [01m[K/opt/ros/humble/include/rclcpp/rclcpp/executors.hpp:21[m[K,
[3.158s]                  from [01m[K/opt/ros/humble/include/rclcpp/rclcpp/rclcpp.hpp:155[m[K,
[3.158s]                  from [01m[K/home/fortunato/ros2_ws/src/dynamic_consensus/src/consensus_node.cpp:2[m[K:
[3.158s] [01m[K/opt/ros/humble/include/rclcpp/rclcpp/publisher.hpp:254:3:[m[K [01;36m[Knote: [m[Kcandidate: ‘[01m[Ktemplate<class T> std::enable_if_t<(rosidl_generator_traits::is_message<T>::value && std::is_same<T, typename rclcpp::TypeAdapter<MessageT>::ros_message_type>::value)> rclcpp::Publisher<MessageT, AllocatorT>::publish(std::unique_ptr<T, typename std::conditional<std::is_same<typename std::allocator_traits<typename std::allocator_traits<_Allocator>::rebind_traits<typename rclcpp::TypeAdapter<MessageT, void, void>::ros_message_type>::allocator_type>::rebind_alloc<typename rclcpp::TypeAdapter<MessageT, void, void>::ros_message_type>, std::allocator<typename rclcpp::TypeAdapter<MessageT>::ros_message_type> >::value, std::default_delete<typename rclcpp::TypeAdapter<MessageT>::ros_message_type>, rclcpp::allocator::AllocatorDeleter<typename std::allocator_traits<_Allocator>::rebind_traits<typename rclcpp::TypeAdapter<MessageT, void, void>::ros_message_type>::allocator_type> >::type>) [with T = T; MessageT = std_msgs::msg::Float64_<std::allocator<void> >; AllocatorT = std::allocator<void>][m[K’
[3.158s]   254 |   [01;36m[Kpublish[m[K(std::unique_ptr<T, ROSMessageTypeDeleter> msg)
[3.158s]       |   [01;36m[K^~~~~~~[m[K
[3.158s] [01m[K/opt/ros/humble/include/rclcpp/rclcpp/publisher.hpp:254:3:[m[K [01;36m[Knote: [m[K  template argument deduction/substitution failed:
[3.158s] [01m[K/home/fortunato/ros2_ws/src/dynamic_consensus/src/consensus_node.cpp:170:28:[m[K [01;36m[Knote: [m[K  ‘[01m[Kexample_interfaces::msg::Float64MultiArray_<std::allocator<void> >[m[K’ is not derived from ‘[01m[Kstd::unique_ptr<T, std::default_delete<std_msgs::msg::Float64_<std::allocator<void> > > >[m[K’
[3.158s]   170 |         [01;36m[Kpub_stima_->publish(msg_icf)[m[K;
[3.158s]       |         [01;36m[K~~~~~~~~~~~~~~~~~~~^~~~~~~~~[m[K
[3.158s] In file included from [01m[K/opt/ros/humble/include/rclcpp/rclcpp/topic_statistics/subscription_topic_statistics.hpp:31[m[K,
[3.159s]                  from [01m[K/opt/ros/humble/include/rclcpp/rclcpp/subscription.hpp:50[m[K,
[3.159s]                  from [01m[K/opt/ros/humble/include/rclcpp/rclcpp/any_executable.hpp:25[m[K,
[3.159s]                  from [01m[K/opt/ros/humble/include/rclcpp/rclcpp/memory_strategy.hpp:25[m[K,
[3.159s]                  from [01m[K/opt/ros/humble/include/rclcpp/rclcpp/memory_strategies.hpp:18[m[K,
[3.159s]                  from [01m[K/opt/ros/humble/include/rclcpp/rclcpp/executor_options.hpp:20[m[K,
[3.159s]                  from [01m[K/opt/ros/humble/include/rclcpp/rclcpp/executor.hpp:37[m[K,
[3.159s]                  from [01m[K/opt/ros/humble/include/rclcpp/rclcpp/executors/multi_threaded_executor.hpp:25[m[K,
[3.159s]                  from [01m[K/opt/ros/humble/include/rclcpp/rclcpp/executors.hpp:21[m[K,
[3.159s]                  from [01m[K/opt/ros/humble/include/rclcpp/rclcpp/rclcpp.hpp:155[m[K,
[3.159s]                  from [01m[K/home/fortunato/ros2_ws/src/dynamic_consensus/src/consensus_node.cpp:2[m[K:
[3.159s] [01m[K/opt/ros/humble/include/rclcpp/rclcpp/publisher.hpp:295:3:[m[K [01;36m[Knote: [m[Kcandidate: ‘[01m[Ktemplate<class T> std::enable_if_t<(rosidl_generator_traits::is_message<T>::value && std::is_same<T, typename rclcpp::TypeAdapter<MessageT>::ros_message_type>::value)> rclcpp::Publisher<MessageT, AllocatorT>::publish(const T&) [with T = T; MessageT = std_msgs::msg::Float64_<std::allocator<void> >; AllocatorT = std::allocator<void>][m[K’
[3.159s]   295 |   [01;36m[Kpublish[m[K(const T & msg)
[3.159s]       |   [01;36m[K^~~~~~~[m[K
[3.159s] [01m[K/opt/ros/humble/include/rclcpp/rclcpp/publisher.hpp:295:3:[m[K [01;36m[Knote: [m[K  template argument deduction/substitution failed:
[3.159s] In file included from [01m[K/usr/include/c++/11/bits/move.h:57[m[K,
[3.159s]                  from [01m[K/usr/include/c++/11/bits/stl_pair.h:59[m[K,
[3.159s]                  from [01m[K/usr/include/c++/11/bits/stl_algobase.h:64[m[K,
[3.159s]                  from [01m[K/usr/include/c++/11/memory:63[m[K,
[3.159s]                  from [01m[K/opt/ros/humble/include/rclcpp/rclcpp/rclcpp.hpp:153[m[K,
[3.160s]                  from [01m[K/home/fortunato/ros2_ws/src/dynamic_consensus/src/consensus_node.cpp:2[m[K:
[3.160s] /usr/include/c++/11/type_traits: In substitution of ‘[01m[Ktemplate<bool _Cond, class _Tp> using enable_if_t = typename std::enable_if::type [with bool _Cond = false; _Tp = void][m[K’:
[3.160s] [01m[K/opt/ros/humble/include/rclcpp/rclcpp/publisher.hpp:295:3:[m[K   required by substitution of ‘[01m[Ktemplate<class T> std::enable_if_t<(rosidl_generator_traits::is_message<T>::value && std::is_same<T, std_msgs::msg::Float64_<std::allocator<void> > >::value), void> rclcpp::Publisher<std_msgs::msg::Float64_<std::allocator<void> > >::publish<T>(const T&) [with T = example_interfaces::msg::Float64MultiArray_<std::allocator<void> >][m[K’
[3.160s] [01m[K/home/fortunato/ros2_ws/src/dynamic_consensus/src/consensus_node.cpp:170:28:[m[K   required from here
[3.160s] [01m[K/usr/include/c++/11/type_traits:2579:11:[m[K [01;31m[Kerror: [m[Kno type named ‘[01m[Ktype[m[K’ in ‘[01m[Kstruct std::enable_if<false, void>[m[K’
[3.160s]  2579 |     using [01;31m[Kenable_if_t[m[K = typename enable_if<_Cond, _Tp>::type;
[3.160s]       |           [01;31m[K^~~~~~~~~~~[m[K
[3.160s] In file included from [01m[K/opt/ros/humble/include/rclcpp/rclcpp/topic_statistics/subscription_topic_statistics.hpp:31[m[K,
[3.160s]                  from [01m[K/opt/ros/humble/include/rclcpp/rclcpp/subscription.hpp:50[m[K,
[3.160s]                  from [01m[K/opt/ros/humble/include/rclcpp/rclcpp/any_executable.hpp:25[m[K,
[3.160s]                  from [01m[K/opt/ros/humble/include/rclcpp/rclcpp/memory_strategy.hpp:25[m[K,
[3.160s]                  from [01m[K/opt/ros/humble/include/rclcpp/rclcpp/memory_strategies.hpp:18[m[K,
[3.160s]                  from [01m[K/opt/ros/humble/include/rclcpp/rclcpp/executor_options.hpp:20[m[K,
[3.160s]                  from [01m[K/opt/ros/humble/include/rclcpp/rclcpp/executor.hpp:37[m[K,
[3.160s]                  from [01m[K/opt/ros/humble/include/rclcpp/rclcpp/executors/multi_threaded_executor.hpp:25[m[K,
[3.160s]                  from [01m[K/opt/ros/humble/include/rclcpp/rclcpp/executors.hpp:21[m[K,
[3.160s]                  from [01m[K/opt/ros/humble/include/rclcpp/rclcpp/rclcpp.hpp:155[m[K,
[3.160s]                  from [01m[K/home/fortunato/ros2_ws/src/dynamic_consensus/src/consensus_node.cpp:2[m[K:
[3.160s] [01m[K/opt/ros/humble/include/rclcpp/rclcpp/publisher.hpp:325:3:[m[K [01;36m[Knote: [m[Kcandidate: ‘[01m[Ktemplate<class T> std::enable_if_t<(typename rclcpp::TypeAdapter<MessageT>::is_specialized::value && std::is_same<T, typename rclcpp::TypeAdapter<MessageT>::custom_type>::value)> rclcpp::Publisher<MessageT, AllocatorT>::publish(std::unique_ptr<T, typename std::conditional<std::is_same<typename std::allocator_traits<typename std::allocator_traits<_Allocator>::rebind_traits<typename rclcpp::TypeAdapter<MessageT, void, void>::custom_type>::allocator_type>::rebind_alloc<typename rclcpp::TypeAdapter<MessageT, void, void>::custom_type>, std::allocator<typename rclcpp::TypeAdapter<MessageT>::custom_type> >::value, std::default_delete<typename rclcpp::TypeAdapter<MessageT>::custom_type>, rclcpp::allocator::AllocatorDeleter<typename std::allocator_traits<_Allocator>::rebind_traits<typename rclcpp::TypeAdapter<MessageT, void, void>::custom_type>::allocator_type> >::type>) [with T = T; MessageT = std_msgs::msg::Float64_<std::allocator<void> >; AllocatorT = std::allocator<void>][m[K’
[3.160s]   325 |   [01;36m[Kpublish[m[K(std::unique_ptr<T, PublishedTypeDeleter> msg)
[3.161s]       |   [01;36m[K^~~~~~~[m[K
[3.161s] [01m[K/opt/ros/humble/include/rclcpp/rclcpp/publisher.hpp:325:3:[m[K [01;36m[Knote: [m[K  template argument deduction/substitution failed:
[3.161s] [01m[K/home/fortunato/ros2_ws/src/dynamic_consensus/src/consensus_node.cpp:170:28:[m[K [01;36m[Knote: [m[K  ‘[01m[Kexample_interfaces::msg::Float64MultiArray_<std::allocator<void> >[m[K’ is not derived from ‘[01m[Kstd::unique_ptr<T, std::default_delete<std_msgs::msg::Float64_<std::allocator<void> > > >[m[K’
[3.161s]   170 |         [01;36m[Kpub_stima_->publish(msg_icf)[m[K;
[3.161s]       |         [01;36m[K~~~~~~~~~~~~~~~~~~~^~~~~~~~~[m[K
[3.161s] In file included from [01m[K/opt/ros/humble/include/rclcpp/rclcpp/topic_statistics/subscription_topic_statistics.hpp:31[m[K,
[3.161s]                  from [01m[K/opt/ros/humble/include/rclcpp/rclcpp/subscription.hpp:50[m[K,
[3.161s]                  from [01m[K/opt/ros/humble/include/rclcpp/rclcpp/any_executable.hpp:25[m[K,
[3.161s]                  from [01m[K/opt/ros/humble/include/rclcpp/rclcpp/memory_strategy.hpp:25[m[K,
[3.161s]                  from [01m[K/opt/ros/humble/include/rclcpp/rclcpp/memory_strategies.hpp:18[m[K,
[3.161s]                  from [01m[K/opt/ros/humble/include/rclcpp/rclcpp/executor_options.hpp:20[m[K,
[3.161s]                  from [01m[K/opt/ros/humble/include/rclcpp/rclcpp/executor.hpp:37[m[K,
[3.161s]                  from [01m[K/opt/ros/humble/include/rclcpp/rclcpp/executors/multi_threaded_executor.hpp:25[m[K,
[3.161s]                  from [01m[K/opt/ros/humble/include/rclcpp/rclcpp/executors.hpp:21[m[K,
[3.161s]                  from [01m[K/opt/ros/humble/include/rclcpp/rclcpp/rclcpp.hpp:155[m[K,
[3.161s]                  from [01m[K/home/fortunato/ros2_ws/src/dynamic_consensus/src/consensus_node.cpp:2[m[K:
[3.161s] [01m[K/opt/ros/humble/include/rclcpp/rclcpp/publisher.hpp:367:3:[m[K [01;36m[Knote: [m[Kcandidate: ‘[01m[Ktemplate<class T> std::enable_if_t<(typename rclcpp::TypeAdapter<MessageT>::is_specialized::value && std::is_same<T, typename rclcpp::TypeAdapter<MessageT>::custom_type>::value)> rclcpp::Publisher<MessageT, AllocatorT>::publish(const T&) [with T = T; MessageT = std_msgs::msg::Float64_<std::allocator<void> >; AllocatorT = std::allocator<void>][m[K’
[3.161s]   367 |   [01;36m[Kpublish[m[K(const T & msg)
[3.161s]       |   [01;36m[K^~~~~~~[m[K
[3.162s] [01m[K/opt/ros/humble/include/rclcpp/rclcpp/publisher.hpp:367:3:[m[K [01;36m[Knote: [m[K  template argument deduction/substitution failed:
[3.162s] [01m[K/opt/ros/humble/include/rclcpp/rclcpp/publisher.hpp:386:3:[m[K [01;36m[Knote: [m[Kcandidate: ‘[01m[Kvoid rclcpp::Publisher<MessageT, AllocatorT>::publish(const rcl_serialized_message_t&) [with MessageT = std_msgs::msg::Float64_<std::allocator<void> >; AllocatorT = std::allocator<void>; rcl_serialized_message_t = rcutils_uint8_array_s][m[K’
[3.162s]   386 |   [01;36m[Kpublish[m[K(const rcl_serialized_message_t & serialized_msg)
[3.162s]       |   [01;36m[K^~~~~~~[m[K
[3.162s] [01m[K/opt/ros/humble/include/rclcpp/rclcpp/publisher.hpp:386:44:[m[K [01;36m[Knote: [m[K  no known conversion for argument 1 from ‘[01m[Kexample_interfaces::msg::Float64MultiArray[m[K’ {aka ‘[01m[Kexample_interfaces::msg::Float64MultiArray_<std::allocator<void> >[m[K’} to ‘[01m[Kconst rcl_serialized_message_t&[m[K’ {aka ‘[01m[Kconst rcutils_uint8_array_s&[m[K’}
[3.162s]   386 |   publish([01;36m[Kconst rcl_serialized_message_t & serialized_msg[m[K)
[3.162s]       |           [01;36m[K~~~~~~~~~~~~~~~~~~~~~~~~~~~~~~~~~^~~~~~~~~~~~~~[m[K
[3.162s] [01m[K/opt/ros/humble/include/rclcpp/rclcpp/publisher.hpp:392:3:[m[K [01;36m[Knote: [m[Kcandidate: ‘[01m[Kvoid rclcpp::Publisher<MessageT, AllocatorT>::publish(const rclcpp::SerializedMessage&) [with MessageT = std_msgs::msg::Float64_<std::allocator<void> >; AllocatorT = std::allocator<void>][m[K’
[3.162s]   392 |   [01;36m[Kpublish[m[K(const SerializedMessage & serialized_msg)
[3.162s]       |   [01;36m[K^~~~~~~[m[K
[3.162s] [01m[K/opt/ros/humble/include/rclcpp/rclcpp/publisher.hpp:392:37:[m[K [01;36m[Knote: [m[K  no known conversion for argument 1 from ‘[01m[Kexample_interfaces::msg::Float64MultiArray[m[K’ {aka ‘[01m[Kexample_interfaces::msg::Float64MultiArray_<std::allocator<void> >[m[K’} to ‘[01m[Kconst rclcpp::SerializedMessage&[m[K’
[3.162s]   392 |   publish([01;36m[Kconst SerializedMessage & serialized_msg[m[K)
[3.162s]       |           [01;36m[K~~~~~~~~~~~~~~~~~~~~~~~~~~^~~~~~~~~~~~~~[m[K
[3.162s] [01m[K/opt/ros/humble/include/rclcpp/rclcpp/publisher.hpp:406:3:[m[K [01;36m[Knote: [m[Kcandidate: ‘[01m[Kvoid rclcpp::Publisher<MessageT, AllocatorT>::publish(rclcpp::LoanedMessage<typename rclcpp::TypeAdapter<MessageT>::ros_message_type, AllocatorT>&&) [with MessageT = std_msgs::msg::Float64_<std::allocator<void> >; AllocatorT = std::allocator<void>; typename rclcpp::TypeAdapter<MessageT>::ros_message_type = std_msgs::msg::Float64_<std::allocator<void> >][m[K’
[3.162s]   406 |   [01;36m[Kpublish[m[K(rclcpp::LoanedMessage<ROSMessageType, AllocatorT> && loaned_msg)
[3.162s]       |   [01;36m[K^~~~~~~[m[K
[3.162s] [01m[K/opt/ros/humble/include/rclcpp/rclcpp/publisher.hpp:406:64:[m[K [01;36m[Knote: [m[K  no known conversion for argument 1 from ‘[01m[Kexample_interfaces::msg::Float64MultiArray[m[K’ {aka ‘[01m[Kexample_interfaces::msg::Float64MultiArray_<std::allocator<void> >[m[K’} to ‘[01m[Krclcpp::LoanedMessage<std_msgs::msg::Float64_<std::allocator<void> >, std::allocator<void> >&&[m[K’
[3.162s]   406 | ublish([01;36m[Krclcpp::LoanedMessage<ROSMessageType, AllocatorT> && loaned_msg[m[K)
[3.162s]       |        [01;36m[K~~~~~~~~~~~~~~~~~~~~~~~~~~~~~~~~~~~~~~~~~~~~~~~~~~~~~^~~~~~~~~~[m[K
[3.162s] 
[6.062s] gmake[2]: *** [CMakeFiles/consensus_node.dir/build.make:76: CMakeFiles/consensus_node.dir/src/consensus_node.cpp.o] Errore 1
[6.062s] gmake[1]: *** [CMakeFiles/Makefile2:141: CMakeFiles/consensus_node.dir/all] Errore 2
[6.062s] gmake: *** [Makefile:146: all] Errore 2
[6.065s] Invoked command in '/home/fortunato/ros2_ws/build/dynamic_consensus' returned '2': CMAKE_PREFIX_PATH=${CMAKE_PREFIX_PATH}:/opt/ros/humble /usr/bin/cmake --build /home/fortunato/ros2_ws/build/dynamic_consensus -- -j8 -l8
