[0.027s] Invoking command in '/home/fortunato/ros2_ws/build/dynamic_consensus': CMAKE_PREFIX_PATH=${CMAKE_PREFIX_PATH}:/opt/ros/humble /usr/bin/cmake --build /home/fortunato/ros2_ws/build/dynamic_consensus -- -j8 -l8
[0.160s] [35m[1mConsolidate compiler generated dependencies of target signal_generator_node[0m
[0.193s] [ 16%] [32mBuilding CXX object CMakeFiles/consensus_node.dir/src/consensus_node.cpp.o[0m
[0.193s] [ 33%] [32mBuilding CXX object CMakeFiles/signal_generator_node.dir/src/signal_generator_node.cpp.o[0m
[0.194s] [ 50%] [32mBuilding CXX object CMakeFiles/average_calc_node.dir/src/average_calc_node.cpp.o[0m
[3.879s] [01m[K/home/fortunato/ros2_ws/src/dynamic_consensus/src/average_calc_node.cpp:58:28:[m[K [01;31m[Kerror: [m[Kexpected ‘[01m[K}[m[K’ at end of input
[3.879s]    58 |         avg_input_pub->publ
[3.879s]       |                            [01;31m[K^[m[K
[3.880s] [01m[K/home/fortunato/ros2_ws/src/dynamic_consensus/src/average_calc_node.cpp:6:1:[m[K [01;36m[Knote: [m[Kto match this ‘[01m[K{[m[K’
[3.880s]     6 | [01;36m[K{[m[K
[3.880s]       | [01;36m[K^[m[K
[3.886s] [01m[K/home/fortunato/ros2_ws/src/dynamic_consensus/src/average_calc_node.cpp:[m[K In constructor ‘[01m[KAverageNode::AverageNode()[m[K’:
[3.886s] [01m[K/home/fortunato/ros2_ws/src/dynamic_consensus/src/average_calc_node.cpp:11:9:[m[K [01;31m[Kerror: [m[K‘[01m[KN[m[K’ was not declared in this scope
[3.886s]    11 |         [01;31m[KN[m[K = this->declare_parameter<int>("num_nodes", 5);
[3.886s]       |         [01;31m[K^[m[K
[3.896s] [01m[K/home/fortunato/ros2_ws/src/dynamic_consensus/src/average_calc_node.cpp:12:9:[m[K [01;31m[Kerror: [m[K‘[01m[Kinputs[m[K’ was not declared in this scope; did you mean ‘[01m[Kputs[m[K’?
[3.896s]    12 |         [01;31m[Kinputs[m[K.assign(N, 0.0);
[3.896s]       |         [01;31m[K^~~~~~[m[K
[3.896s]       |         [32m[Kputs[m[K
[3.902s] [01m[K/home/fortunato/ros2_ws/src/dynamic_consensus/src/average_calc_node.cpp:13:9:[m[K [01;31m[Kerror: [m[K‘[01m[Kstates[m[K’ was not declared in this scope; did you mean ‘[01m[Kstatic[m[K’?
[3.903s]    13 |         [01;31m[Kstates[m[K.assign(N, 0.0);
[3.903s]       |         [01;31m[K^~~~~~[m[K
[3.903s]       |         [32m[Kstatic[m[K
[3.907s] [01m[K/home/fortunato/ros2_ws/src/dynamic_consensus/src/average_calc_node.cpp:[m[K In lambda function:
[3.907s] [01m[K/home/fortunato/ros2_ws/src/dynamic_consensus/src/average_calc_node.cpp:20:21:[m[K [01;31m[Kerror: [m[K‘[01m[Kinputs[m[K’ is not captured
[3.907s]    20 |                     [01;31m[Kinputs[m[K[i] = msg->data;
[3.907s]       |                     [01;31m[K^~~~~~[m[K
[3.907s] [01m[K/home/fortunato/ros2_ws/src/dynamic_consensus/src/average_calc_node.cpp:19:25:[m[K [01;36m[Knote: [m[Kthe lambda has no capture-default
[3.908s]    19 |                 [this, i[01;36m[K][m[K(const std_msgs::msg::Float64::SharedPtr msg) {
[3.908s]       |                         [01;36m[K^[m[K
[3.908s] [01m[K/home/fortunato/ros2_ws/src/dynamic_consensus/src/average_calc_node.cpp:12:9:[m[K [01;36m[Knote: [m[K‘[01m[K<typeprefixerror>inputs[m[K’ declared here
[3.908s]    12 |         [01;36m[Kinputs[m[K.assign(N, 0.0);
[3.908s]       |         [01;36m[K^~~~~~[m[K
[3.978s] [01m[K/home/fortunato/ros2_ws/src/dynamic_consensus/src/average_calc_node.cpp:[m[K In constructor ‘[01m[KAverageNode::AverageNode()[m[K’:
[3.978s] [01m[K/home/fortunato/ros2_ws/src/dynamic_consensus/src/average_calc_node.cpp:22:13:[m[K [01;31m[Kerror: [m[K‘[01m[Ksubs_input[m[K’ was not declared in this scope; did you mean ‘[01m[Ksub_in[m[K’?
[3.978s]    22 |             [01;31m[Ksubs_input[m[K.push_back(sub_in);
[3.979s]       |             [01;31m[K^~~~~~~~~~[m[K
[3.979s]       |             [32m[Ksub_in[m[K
[3.979s] [01m[K/home/fortunato/ros2_ws/src/dynamic_consensus/src/average_calc_node.cpp:[m[K In lambda function:
[3.979s] [01m[K/home/fortunato/ros2_ws/src/dynamic_consensus/src/average_calc_node.cpp:30:21:[m[K [01;31m[Kerror: [m[K‘[01m[Kstates[m[K’ is not captured
[3.979s]    30 |                     [01;31m[Kstates[m[K[i] = msg->data;
[3.979s]       |                     [01;31m[K^~~~~~[m[K
[3.979s] [01m[K/home/fortunato/ros2_ws/src/dynamic_consensus/src/average_calc_node.cpp:29:25:[m[K [01;36m[Knote: [m[Kthe lambda has no capture-default
[3.980s]    29 |                 [this, i[01;36m[K][m[K(const std_msgs::msg::Float64::SharedPtr msg) {
[3.980s]       |                         [01;36m[K^[m[K
[3.980s] [01m[K/home/fortunato/ros2_ws/src/dynamic_consensus/src/average_calc_node.cpp:13:9:[m[K [01;36m[Knote: [m[K‘[01m[K<typeprefixerror>states[m[K’ declared here
[3.980s]    13 |         [01;36m[Kstates[m[K.assign(N, 0.0);
[3.980s]       |         [01;36m[K^~~~~~[m[K
[3.986s] [01m[K/home/fortunato/ros2_ws/src/dynamic_consensus/src/average_calc_node.cpp:[m[K In constructor ‘[01m[KAverageNode::AverageNode()[m[K’:
[3.986s] [01m[K/home/fortunato/ros2_ws/src/dynamic_consensus/src/average_calc_node.cpp:32:13:[m[K [01;31m[Kerror: [m[K‘[01m[Ksubs_state[m[K’ was not declared in this scope; did you mean ‘[01m[Ksetstate[m[K’?
[3.986s]    32 |             [01;31m[Ksubs_state[m[K.push_back(sub_st);
[3.987s]       |             [01;31m[K^~~~~~~~~~[m[K
[3.987s]       |             [32m[Ksetstate[m[K
[3.996s] [01m[K/home/fortunato/ros2_ws/src/dynamic_consensus/src/average_calc_node.cpp:35:9:[m[K [01;31m[Kerror: [m[K‘[01m[Kavg_input_pub[m[K’ was not declared in this scope
[3.996s]    35 |         [01;31m[Kavg_input_pub[m[K = this->create_publisher<std_msgs::msg::Float64>(
[3.997s]       |         [01;31m[K^~~~~~~~~~~~~[m[K
[4.009s] [01m[K/home/fortunato/ros2_ws/src/dynamic_consensus/src/average_calc_node.cpp:37:9:[m[K [01;31m[Kerror: [m[K‘[01m[Kavg_state_pub[m[K’ was not declared in this scope
[4.009s]    37 |         [01;31m[Kavg_state_pub[m[K = this->create_publisher<std_msgs::msg::Float64>(
[4.009s]       |         [01;31m[K^~~~~~~~~~~~~[m[K
[4.014s] [01m[K/home/fortunato/ros2_ws/src/dynamic_consensus/src/average_calc_node.cpp:40:9:[m[K [01;31m[Kerror: [m[K‘[01m[Ktimer[m[K’ was not declared in this scope; did you mean ‘[01m[Ktimex[m[K’?
[4.015s]    40 |         [01;31m[Ktimer[m[K = this->create_wall_timer(
[4.015s]       |         [01;31m[K^~~~~[m[K
[4.015s]       |         [32m[Ktimex[m[K
[4.032s] [01m[K/home/fortunato/ros2_ws/src/dynamic_consensus/src/average_calc_node.cpp:[m[K In member function ‘[01m[Kvoid AverageNode::publish_averages()[m[K’:
[4.033s] [01m[K/home/fortunato/ros2_ws/src/dynamic_consensus/src/average_calc_node.cpp:49:29:[m[K [01;31m[Kerror: [m[K‘[01m[KN[m[K’ was not declared in this scope
[4.033s]    49 |         for (int i = 0; i < [01;31m[KN[m[K; ++i) {
[4.033s]       |                             [01;31m[K^[m[K
[4.039s] [01m[K/home/fortunato/ros2_ws/src/dynamic_consensus/src/average_calc_node.cpp:50:23:[m[K [01;31m[Kerror: [m[K‘[01m[Kinputs[m[K’ was not declared in this scope; did you mean ‘[01m[Kputs[m[K’?
[4.039s]    50 |             sum_in += [01;31m[Kinputs[m[K[i];
[4.039s]       |                       [01;31m[K^~~~~~[m[K
[4.039s]       |                       [32m[Kputs[m[K
[4.048s] [01m[K/home/fortunato/ros2_ws/src/dynamic_consensus/src/average_calc_node.cpp:51:23:[m[K [01;31m[Kerror: [m[K‘[01m[Kstates[m[K’ was not declared in this scope; did you mean ‘[01m[Kstatic[m[K’?
[4.048s]    51 |             sum_st += [01;31m[Kstates[m[K[i];
[4.048s]       |                       [01;31m[K^~~~~~[m[K
[4.048s]       |                       [32m[Kstatic[m[K
[4.053s] [01m[K/home/fortunato/ros2_ws/src/dynamic_consensus/src/average_calc_node.cpp:55:52:[m[K [01;31m[Kerror: [m[K‘[01m[KN[m[K’ was not declared in this scope
[4.053s]    55 |         msg_in.data = sum_in / static_cast<double>([01;31m[KN[m[K);
[4.053s]       |                                                    [01;31m[K^[m[K
[4.064s] [01m[K/home/fortunato/ros2_ws/src/dynamic_consensus/src/average_calc_node.cpp:58:9:[m[K [01;31m[Kerror: [m[K‘[01m[Kavg_input_pub[m[K’ was not declared in this scope
[4.064s]    58 |         [01;31m[Kavg_input_pub[m[K->publ
[4.064s]       |         [01;31m[K^~~~~~~~~~~~~[m[K
[4.064s] [01m[K/home/fortunato/ros2_ws/src/dynamic_consensus/src/average_calc_node.cpp:58:28:[m[K [01;31m[Kerror: [m[Kexpected ‘[01m[K}[m[K’ at end of input
[4.064s]    58 |         avg_input_pub->publ
[4.064s]       |                            [01;31m[K^[m[K
[4.064s] [01m[K/home/fortunato/ros2_ws/src/dynamic_consensus/src/average_calc_node.cpp:47:5:[m[K [01;36m[Knote: [m[Kto match this ‘[01m[K{[m[K’
[4.064s]    47 |     [01;36m[K{[m[K
[4.064s]       |     [01;36m[K^[m[K
[4.064s] [01m[K/home/fortunato/ros2_ws/src/dynamic_consensus/src/average_calc_node.cpp:[m[K At global scope:
[4.065s] [01m[K/home/fortunato/ros2_ws/src/dynamic_consensus/src/average_calc_node.cpp:58:28:[m[K [01;31m[Kerror: [m[Kexpected unqualified-id at end of input
[4.065s]    58 |         avg_input_pub->publ
[4.065s]       |                            [01;31m[K^[m[K
[6.892s] [ 66%] [32m[1mLinking CXX executable signal_generator_node[0m
[7.249s] [ 66%] Built target signal_generator_node
[7.288s] gmake[2]: *** [CMakeFiles/average_calc_node.dir/build.make:76: CMakeFiles/average_calc_node.dir/src/average_calc_node.cpp.o] Errore 1
[7.288s] gmake[1]: *** [CMakeFiles/Makefile2:193: CMakeFiles/average_calc_node.dir/all] Errore 2
[7.288s] gmake[1]: *** Attesa per i processi non terminati....
[11.707s] [ 83%] [32m[1mLinking CXX executable consensus_node[0m
[12.143s] [ 83%] Built target consensus_node
[12.145s] gmake: *** [Makefile:146: all] Errore 2
[12.149s] Invoked command in '/home/fortunato/ros2_ws/build/dynamic_consensus' returned '2': CMAKE_PREFIX_PATH=${CMAKE_PREFIX_PATH}:/opt/ros/humble /usr/bin/cmake --build /home/fortunato/ros2_ws/build/dynamic_consensus -- -j8 -l8
