[0.012s] Invoking command in '/home/fortunato/ros2_ws/build/dynamic_consensus': CMAKE_PREFIX_PATH=/home/fortunato/ros2_ws/install/dynamic_consensus:/opt/ros/humble:/home/fortunato/ros2_ws/install/consenso_pkg:/home/fortunato/ros2_ws/install/cons_pkg /usr/bin/cmake --build /home/fortunato/ros2_ws/build/dynamic_consensus -- -j8 -l8
[0.063s] [35m[1mConsolidate compiler generated dependencies of target nodo[0m
[0.073s] [ 20%] Built target signal_generator_node
[0.077s] [ 60%] Built target consensus_node
[0.077s] [ 60%] Built target traj_generator
[0.077s] [ 80%] Built target average_calc_node
[0.084s] [ 90%] [32mBuilding CXX object CMakeFiles/nodo.dir/src/nodo.cpp.o[0m
[16.065s] [100%] [32m[1mLinking CXX executable nodo[0m
[16.691s] [100%] Built target nodo
[16.702s] Invoked command in '/home/fortunato/ros2_ws/build/dynamic_consensus' returned '0': CMAKE_PREFIX_PATH=/home/fortunato/ros2_ws/install/dynamic_consensus:/opt/ros/humble:/home/fortunato/ros2_ws/install/consenso_pkg:/home/fortunato/ros2_ws/install/cons_pkg /usr/bin/cmake --build /home/fortunato/ros2_ws/build/dynamic_consensus -- -j8 -l8
[16.703s] Invoking command in '/home/fortunato/ros2_ws/build/dynamic_consensus': CMAKE_PREFIX_PATH=/home/fortunato/ros2_ws/install/dynamic_consensus:/opt/ros/humble:/home/fortunato/ros2_ws/install/consenso_pkg:/home/fortunato/ros2_ws/install/cons_pkg /usr/bin/cmake --install /home/fortunato/ros2_ws/build/dynamic_consensus
[16.710s] -- Install configuration: ""
[16.710s] -- Installing: /home/fortunato/ros2_ws/install/dynamic_consensus/lib/dynamic_consensus/nodo
[16.716s] -- Set runtime path of "/home/fortunato/ros2_ws/install/dynamic_consensus/lib/dynamic_consensus/nodo" to ""
[16.717s] -- Up-to-date: /home/fortunato/ros2_ws/install/dynamic_consensus/lib/dynamic_consensus/consensus_node
[16.717s] -- Up-to-date: /home/fortunato/ros2_ws/install/dynamic_consensus/lib/dynamic_consensus/signal_generator_node
[16.717s] -- Up-to-date: /home/fortunato/ros2_ws/install/dynamic_consensus/lib/dynamic_consensus/average_calc_node
[16.718s] -- Up-to-date: /home/fortunato/ros2_ws/install/dynamic_consensus/lib/dynamic_consensus/traj_generator
[16.718s] -- Up-to-date: /home/fortunato/ros2_ws/install/dynamic_consensus/share/dynamic_consensus/launch
[16.718s] -- Up-to-date: /home/fortunato/ros2_ws/install/dynamic_consensus/share/dynamic_consensus/launch/consenso_launch.launch
[16.718s] -- Up-to-date: /home/fortunato/ros2_ws/install/dynamic_consensus/share/dynamic_consensus/launch/consensus_system_launch.launch
[16.718s] -- Up-to-date: /home/fortunato/ros2_ws/install/dynamic_consensus/share/ament_index/resource_index/package_run_dependencies/dynamic_consensus
[16.718s] -- Up-to-date: /home/fortunato/ros2_ws/install/dynamic_consensus/share/ament_index/resource_index/parent_prefix_path/dynamic_consensus
[16.718s] -- Up-to-date: /home/fortunato/ros2_ws/install/dynamic_consensus/share/dynamic_consensus/environment/ament_prefix_path.sh
[16.718s] -- Up-to-date: /home/fortunato/ros2_ws/install/dynamic_consensus/share/dynamic_consensus/environment/ament_prefix_path.dsv
[16.719s] -- Up-to-date: /home/fortunato/ros2_ws/install/dynamic_consensus/share/dynamic_consensus/environment/path.sh
[16.719s] -- Up-to-date: /home/fortunato/ros2_ws/install/dynamic_consensus/share/dynamic_consensus/environment/path.dsv
[16.719s] -- Up-to-date: /home/fortunato/ros2_ws/install/dynamic_consensus/share/dynamic_consensus/local_setup.bash
[16.719s] -- Up-to-date: /home/fortunato/ros2_ws/install/dynamic_consensus/share/dynamic_consensus/local_setup.sh
[16.719s] -- Up-to-date: /home/fortunato/ros2_ws/install/dynamic_consensus/share/dynamic_consensus/local_setup.zsh
[16.719s] -- Up-to-date: /home/fortunato/ros2_ws/install/dynamic_consensus/share/dynamic_consensus/local_setup.dsv
[16.719s] -- Installing: /home/fortunato/ros2_ws/install/dynamic_consensus/share/dynamic_consensus/package.dsv
[16.719s] -- Up-to-date: /home/fortunato/ros2_ws/install/dynamic_consensus/share/ament_index/resource_index/packages/dynamic_consensus
[16.719s] -- Up-to-date: /home/fortunato/ros2_ws/install/dynamic_consensus/share/dynamic_consensus/cmake/dynamic_consensusConfig.cmake
[16.719s] -- Up-to-date: /home/fortunato/ros2_ws/install/dynamic_consensus/share/dynamic_consensus/cmake/dynamic_consensusConfig-version.cmake
[16.719s] -- Up-to-date: /home/fortunato/ros2_ws/install/dynamic_consensus/share/dynamic_consensus/package.xml
[16.721s] Invoked command in '/home/fortunato/ros2_ws/build/dynamic_consensus' returned '0': CMAKE_PREFIX_PATH=/home/fortunato/ros2_ws/install/dynamic_consensus:/opt/ros/humble:/home/fortunato/ros2_ws/install/consenso_pkg:/home/fortunato/ros2_ws/install/cons_pkg /usr/bin/cmake --install /home/fortunato/ros2_ws/build/dynamic_consensus
