[0.012s] Invoking command in '/home/fortunato/ros2_ws/build/dynamic_consensus': CMAKE_PREFIX_PATH=/home/fortunato/ros2_ws/install/dynamic_consensus:/opt/ros/humble:/home/fortunato/ros2_ws/install/consenso_pkg:/home/fortunato/ros2_ws/install/cons_pkg /usr/bin/cmake --build /home/fortunato/ros2_ws/build/dynamic_consensus -- -j8 -l8
[0.059s] [35m[1mConsolidate compiler generated dependencies of target nodo[0m
[0.071s] [ 20%] Built target consensus_node
[0.075s] [ 40%] Built target average_calc_node
[0.078s] [ 60%] Built target signal_generator_node
[0.078s] [ 80%] Built target traj_generator
[0.088s] [ 90%] [32mBuilding CXX object CMakeFiles/nodo.dir/src/nodo.cpp.o[0m
[18.534s] [100%] [32m[1mLinking CXX executable nodo[0m
[19.157s] [100%] Built target nodo
[19.167s] Invoked command in '/home/fortunato/ros2_ws/build/dynamic_consensus' returned '0': CMAKE_PREFIX_PATH=/home/fortunato/ros2_ws/install/dynamic_consensus:/opt/ros/humble:/home/fortunato/ros2_ws/install/consenso_pkg:/home/fortunato/ros2_ws/install/cons_pkg /usr/bin/cmake --build /home/fortunato/ros2_ws/build/dynamic_consensus -- -j8 -l8
[19.169s] Invoking command in '/home/fortunato/ros2_ws/build/dynamic_consensus': CMAKE_PREFIX_PATH=/home/fortunato/ros2_ws/install/dynamic_consensus:/opt/ros/humble:/home/fortunato/ros2_ws/install/consenso_pkg:/home/fortunato/ros2_ws/install/cons_pkg /usr/bin/cmake --install /home/fortunato/ros2_ws/build/dynamic_consensus
[19.175s] -- Install configuration: ""
[19.176s] -- Installing: /home/fortunato/ros2_ws/install/dynamic_consensus/lib/dynamic_consensus/nodo
[19.181s] -- Set runtime path of "/home/fortunato/ros2_ws/install/dynamic_consensus/lib/dynamic_consensus/nodo" to ""
[19.181s] -- Up-to-date: /home/fortunato/ros2_ws/install/dynamic_consensus/lib/dynamic_consensus/consensus_node
[19.181s] -- Up-to-date: /home/fortunato/ros2_ws/install/dynamic_consensus/lib/dynamic_consensus/signal_generator_node
[19.182s] -- Up-to-date: /home/fortunato/ros2_ws/install/dynamic_consensus/lib/dynamic_consensus/average_calc_node
[19.182s] -- Up-to-date: /home/fortunato/ros2_ws/install/dynamic_consensus/lib/dynamic_consensus/traj_generator
[19.182s] -- Up-to-date: /home/fortunato/ros2_ws/install/dynamic_consensus/share/dynamic_consensus/launch
[19.183s] -- Up-to-date: /home/fortunato/ros2_ws/install/dynamic_consensus/share/dynamic_consensus/launch/consenso_launch.launch
[19.183s] -- Up-to-date: /home/fortunato/ros2_ws/install/dynamic_consensus/share/dynamic_consensus/launch/consensus_system_launch.launch
[19.183s] -- Up-to-date: /home/fortunato/ros2_ws/install/dynamic_consensus/share/ament_index/resource_index/package_run_dependencies/dynamic_consensus
[19.183s] -- Up-to-date: /home/fortunato/ros2_ws/install/dynamic_consensus/share/ament_index/resource_index/parent_prefix_path/dynamic_consensus
[19.183s] -- Up-to-date: /home/fortunato/ros2_ws/install/dynamic_consensus/share/dynamic_consensus/environment/ament_prefix_path.sh
[19.183s] -- Up-to-date: /home/fortunato/ros2_ws/install/dynamic_consensus/share/dynamic_consensus/environment/ament_prefix_path.dsv
[19.183s] -- Up-to-date: /home/fortunato/ros2_ws/install/dynamic_consensus/share/dynamic_consensus/environment/path.sh
[19.183s] -- Up-to-date: /home/fortunato/ros2_ws/install/dynamic_consensus/share/dynamic_consensus/environment/path.dsv
[19.183s] -- Up-to-date: /home/fortunato/ros2_ws/install/dynamic_consensus/share/dynamic_consensus/local_setup.bash
[19.183s] -- Up-to-date: /home/fortunato/ros2_ws/install/dynamic_consensus/share/dynamic_consensus/local_setup.sh
[19.183s] -- Up-to-date: /home/fortunato/ros2_ws/install/dynamic_consensus/share/dynamic_consensus/local_setup.zsh
[19.184s] -- Up-to-date: /home/fortunato/ros2_ws/install/dynamic_consensus/share/dynamic_consensus/local_setup.dsv
[19.184s] -- Installing: /home/fortunato/ros2_ws/install/dynamic_consensus/share/dynamic_consensus/package.dsv
[19.184s] -- Up-to-date: /home/fortunato/ros2_ws/install/dynamic_consensus/share/ament_index/resource_index/packages/dynamic_consensus
[19.184s] -- Up-to-date: /home/fortunato/ros2_ws/install/dynamic_consensus/share/dynamic_consensus/cmake/dynamic_consensusConfig.cmake
[19.184s] -- Up-to-date: /home/fortunato/ros2_ws/install/dynamic_consensus/share/dynamic_consensus/cmake/dynamic_consensusConfig-version.cmake
[19.184s] -- Up-to-date: /home/fortunato/ros2_ws/install/dynamic_consensus/share/dynamic_consensus/package.xml
[19.186s] Invoked command in '/home/fortunato/ros2_ws/build/dynamic_consensus' returned '0': CMAKE_PREFIX_PATH=/home/fortunato/ros2_ws/install/dynamic_consensus:/opt/ros/humble:/home/fortunato/ros2_ws/install/consenso_pkg:/home/fortunato/ros2_ws/install/cons_pkg /usr/bin/cmake --install /home/fortunato/ros2_ws/build/dynamic_consensus
