[0.430s] DEBUG:colcon:Command line arguments: ['/home/fortunato/.local/bin/colcon', 'build']
[0.430s] DEBUG:colcon:Parsed command line arguments: Namespace(log_base=None, log_level=None, verb_name='build', build_base='build', install_base='install', merge_install=False, symlink_install=False, test_result_base=None, continue_on_error=False, executor='parallel', parallel_workers=8, event_handlers=None, ignore_user_meta=False, metas=['./colcon.meta'], base_paths=['.'], packages_ignore=None, packages_ignore_regex=None, paths=None, packages_up_to=None, packages_up_to_regex=None, packages_above=None, packages_above_and_dependencies=None, packages_above_depth=None, packages_select_by_dep=None, packages_skip_by_dep=None, packages_skip_up_to=None, packages_select_build_failed=False, packages_skip_build_finished=False, packages_select_test_failures=False, packages_skip_test_passed=False, packages_select=None, packages_skip=None, packages_select_regex=None, packages_skip_regex=None, packages_start=None, packages_end=None, allow_overriding=[], cmake_args=None, cmake_target=None, cmake_target_skip_unavailable=False, cmake_clean_cache=False, cmake_clean_first=False, cmake_force_configure=False, ament_cmake_args=None, catkin_cmake_args=None, catkin_skip_building_tests=False, mixin_files=None, mixin=None, verb_parser=<colcon_mixin.mixin.mixin_argument.MixinArgumentDecorator object at 0x7f81294e0790>, verb_extension=<colcon_core.verb.build.BuildVerb object at 0x7f81294e00d0>, main=<bound method BuildVerb.main of <colcon_core.verb.build.BuildVerb object at 0x7f81294e00d0>>, mixin_verb=('build',))
[0.518s] Level 1:colcon.colcon_core.package_discovery:discover_packages(colcon_meta) check parameters
[0.519s] Level 1:colcon.colcon_core.package_discovery:discover_packages(recursive) check parameters
[0.519s] Level 1:colcon.colcon_core.package_discovery:discover_packages(ignore) check parameters
[0.519s] Level 1:colcon.colcon_core.package_discovery:discover_packages(path) check parameters
[0.519s] Level 1:colcon.colcon_core.package_discovery:discover_packages(colcon_meta) discover
[0.519s] Level 1:colcon.colcon_core.package_discovery:discover_packages(recursive) discover
[0.519s] INFO:colcon.colcon_core.package_discovery:Crawling recursively for packages in '/home/fortunato/ros2_ws'
[0.519s] Level 1:colcon.colcon_core.package_identification:_identify(.) by extensions ['ignore', 'ignore_ament_install']
[0.519s] Level 1:colcon.colcon_core.package_identification:_identify(.) by extension 'ignore'
[0.519s] Level 1:colcon.colcon_core.package_identification:_identify(.) by extension 'ignore_ament_install'
[0.519s] Level 1:colcon.colcon_core.package_identification:_identify(.) by extensions ['colcon_pkg']
[0.519s] Level 1:colcon.colcon_core.package_identification:_identify(.) by extension 'colcon_pkg'
[0.519s] Level 1:colcon.colcon_core.package_identification:_identify(.) by extensions ['colcon_meta']
[0.519s] Level 1:colcon.colcon_core.package_identification:_identify(.) by extension 'colcon_meta'
[0.519s] Level 1:colcon.colcon_core.package_identification:_identify(.) by extensions ['ros']
[0.519s] Level 1:colcon.colcon_core.package_identification:_identify(.) by extension 'ros'
[0.536s] Level 1:colcon.colcon_core.package_identification:_identify(.) by extensions ['cmake', 'python']
[0.536s] Level 1:colcon.colcon_core.package_identification:_identify(.) by extension 'cmake'
[0.536s] Level 1:colcon.colcon_core.package_identification:_identify(.) by extension 'python'
[0.536s] Level 1:colcon.colcon_core.package_identification:_identify(.) by extensions ['python_setup_py']
[0.536s] Level 1:colcon.colcon_core.package_identification:_identify(.) by extension 'python_setup_py'
[0.536s] Level 1:colcon.colcon_core.package_identification:_identify(build) by extensions ['ignore', 'ignore_ament_install']
[0.536s] Level 1:colcon.colcon_core.package_identification:_identify(build) by extension 'ignore'
[0.536s] Level 1:colcon.colcon_core.package_identification:_identify(build) ignored
[0.536s] Level 1:colcon.colcon_core.package_identification:_identify(install) by extensions ['ignore', 'ignore_ament_install']
[0.536s] Level 1:colcon.colcon_core.package_identification:_identify(install) by extension 'ignore'
[0.536s] Level 1:colcon.colcon_core.package_identification:_identify(install) ignored
[0.536s] Level 1:colcon.colcon_core.package_identification:_identify(log) by extensions ['ignore', 'ignore_ament_install']
[0.537s] Level 1:colcon.colcon_core.package_identification:_identify(log) by extension 'ignore'
[0.537s] Level 1:colcon.colcon_core.package_identification:_identify(log) ignored
[0.537s] Level 1:colcon.colcon_core.package_identification:_identify(src) by extensions ['ignore', 'ignore_ament_install']
[0.537s] Level 1:colcon.colcon_core.package_identification:_identify(src) by extension 'ignore'
[0.537s] Level 1:colcon.colcon_core.package_identification:_identify(src) by extension 'ignore_ament_install'
[0.537s] Level 1:colcon.colcon_core.package_identification:_identify(src) by extensions ['colcon_pkg']
[0.537s] Level 1:colcon.colcon_core.package_identification:_identify(src) by extension 'colcon_pkg'
[0.537s] Level 1:colcon.colcon_core.package_identification:_identify(src) by extensions ['colcon_meta']
[0.537s] Level 1:colcon.colcon_core.package_identification:_identify(src) by extension 'colcon_meta'
[0.537s] Level 1:colcon.colcon_core.package_identification:_identify(src) by extensions ['ros']
[0.537s] Level 1:colcon.colcon_core.package_identification:_identify(src) by extension 'ros'
[0.537s] Level 1:colcon.colcon_core.package_identification:_identify(src) by extensions ['cmake', 'python']
[0.537s] Level 1:colcon.colcon_core.package_identification:_identify(src) by extension 'cmake'
[0.537s] Level 1:colcon.colcon_core.package_identification:_identify(src) by extension 'python'
[0.537s] Level 1:colcon.colcon_core.package_identification:_identify(src) by extensions ['python_setup_py']
[0.537s] Level 1:colcon.colcon_core.package_identification:_identify(src) by extension 'python_setup_py'
[0.537s] Level 1:colcon.colcon_core.package_identification:_identify(src/consenso) by extensions ['ignore', 'ignore_ament_install']
[0.537s] Level 1:colcon.colcon_core.package_identification:_identify(src/consenso) by extension 'ignore'
[0.537s] Level 1:colcon.colcon_core.package_identification:_identify(src/consenso) by extension 'ignore_ament_install'
[0.537s] Level 1:colcon.colcon_core.package_identification:_identify(src/consenso) by extensions ['colcon_pkg']
[0.538s] Level 1:colcon.colcon_core.package_identification:_identify(src/consenso) by extension 'colcon_pkg'
[0.538s] Level 1:colcon.colcon_core.package_identification:_identify(src/consenso) by extensions ['colcon_meta']
[0.538s] Level 1:colcon.colcon_core.package_identification:_identify(src/consenso) by extension 'colcon_meta'
[0.538s] Level 1:colcon.colcon_core.package_identification:_identify(src/consenso) by extensions ['ros']
[0.538s] Level 1:colcon.colcon_core.package_identification:_identify(src/consenso) by extension 'ros'
[0.541s] DEBUG:colcon.colcon_core.package_identification:Package 'src/consenso' with type 'ros.catkin' and name 'consenso_pkg'
[0.541s] Level 1:colcon.colcon_core.package_identification:_identify(src/dynamic_consensus) by extensions ['ignore', 'ignore_ament_install']
[0.541s] Level 1:colcon.colcon_core.package_identification:_identify(src/dynamic_consensus) by extension 'ignore'
[0.541s] Level 1:colcon.colcon_core.package_identification:_identify(src/dynamic_consensus) by extension 'ignore_ament_install'
[0.541s] Level 1:colcon.colcon_core.package_identification:_identify(src/dynamic_consensus) by extensions ['colcon_pkg']
[0.541s] Level 1:colcon.colcon_core.package_identification:_identify(src/dynamic_consensus) by extension 'colcon_pkg'
[0.542s] Level 1:colcon.colcon_core.package_identification:_identify(src/dynamic_consensus) by extensions ['colcon_meta']
[0.542s] Level 1:colcon.colcon_core.package_identification:_identify(src/dynamic_consensus) by extension 'colcon_meta'
[0.542s] Level 1:colcon.colcon_core.package_identification:_identify(src/dynamic_consensus) by extensions ['ros']
[0.542s] Level 1:colcon.colcon_core.package_identification:_identify(src/dynamic_consensus) by extension 'ros'
[0.543s] DEBUG:colcon.colcon_core.package_identification:Package 'src/dynamic_consensus' with type 'ros.ament_cmake' and name 'dynamic_consensus'
[0.543s] Level 1:colcon.colcon_core.package_discovery:discover_packages(recursive) using defaults
[0.543s] Level 1:colcon.colcon_core.package_discovery:discover_packages(ignore) discover
[0.543s] Level 1:colcon.colcon_core.package_discovery:discover_packages(ignore) using defaults
[0.543s] Level 1:colcon.colcon_core.package_discovery:discover_packages(path) discover
[0.543s] Level 1:colcon.colcon_core.package_discovery:discover_packages(path) using defaults
[0.573s] Level 1:colcon.colcon_core.package_discovery:discover_packages(prefix_path) check parameters
[0.573s] Level 1:colcon.colcon_core.package_discovery:discover_packages(prefix_path) discover
[0.576s] DEBUG:colcon.colcon_installed_package_information.package_discovery:Found 1 installed packages in /home/fortunato/ros2_ws/install
[0.577s] DEBUG:colcon.colcon_installed_package_information.package_discovery:Found 277 installed packages in /opt/ros/humble
[0.578s] Level 1:colcon.colcon_core.package_discovery:discover_packages(prefix_path) using defaults
[0.615s] Level 5:colcon.colcon_core.verb:set package 'consenso_pkg' build argument 'cmake_args' from command line to 'None'
[0.615s] Level 5:colcon.colcon_core.verb:set package 'consenso_pkg' build argument 'cmake_target' from command line to 'None'
[0.615s] Level 5:colcon.colcon_core.verb:set package 'consenso_pkg' build argument 'cmake_target_skip_unavailable' from command line to 'False'
[0.615s] Level 5:colcon.colcon_core.verb:set package 'consenso_pkg' build argument 'cmake_clean_cache' from command line to 'False'
[0.615s] Level 5:colcon.colcon_core.verb:set package 'consenso_pkg' build argument 'cmake_clean_first' from command line to 'False'
[0.615s] Level 5:colcon.colcon_core.verb:set package 'consenso_pkg' build argument 'cmake_force_configure' from command line to 'False'
[0.615s] Level 5:colcon.colcon_core.verb:set package 'consenso_pkg' build argument 'ament_cmake_args' from command line to 'None'
[0.615s] Level 5:colcon.colcon_core.verb:set package 'consenso_pkg' build argument 'catkin_cmake_args' from command line to 'None'
[0.615s] Level 5:colcon.colcon_core.verb:set package 'consenso_pkg' build argument 'catkin_skip_building_tests' from command line to 'False'
[0.615s] DEBUG:colcon.colcon_core.verb:Building package 'consenso_pkg' with the following arguments: {'ament_cmake_args': None, 'build_base': '/home/fortunato/ros2_ws/build/consenso_pkg', 'catkin_cmake_args': None, 'catkin_skip_building_tests': False, 'cmake_args': None, 'cmake_clean_cache': False, 'cmake_clean_first': False, 'cmake_force_configure': False, 'cmake_target': None, 'cmake_target_skip_unavailable': False, 'install_base': '/home/fortunato/ros2_ws/install/consenso_pkg', 'merge_install': False, 'path': '/home/fortunato/ros2_ws/src/consenso', 'symlink_install': False, 'test_result_base': None}
[0.616s] Level 5:colcon.colcon_core.verb:set package 'dynamic_consensus' build argument 'cmake_args' from command line to 'None'
[0.616s] Level 5:colcon.colcon_core.verb:set package 'dynamic_consensus' build argument 'cmake_target' from command line to 'None'
[0.616s] Level 5:colcon.colcon_core.verb:set package 'dynamic_consensus' build argument 'cmake_target_skip_unavailable' from command line to 'False'
[0.616s] Level 5:colcon.colcon_core.verb:set package 'dynamic_consensus' build argument 'cmake_clean_cache' from command line to 'False'
[0.616s] Level 5:colcon.colcon_core.verb:set package 'dynamic_consensus' build argument 'cmake_clean_first' from command line to 'False'
[0.616s] Level 5:colcon.colcon_core.verb:set package 'dynamic_consensus' build argument 'cmake_force_configure' from command line to 'False'
[0.616s] Level 5:colcon.colcon_core.verb:set package 'dynamic_consensus' build argument 'ament_cmake_args' from command line to 'None'
[0.616s] Level 5:colcon.colcon_core.verb:set package 'dynamic_consensus' build argument 'catkin_cmake_args' from command line to 'None'
[0.616s] Level 5:colcon.colcon_core.verb:set package 'dynamic_consensus' build argument 'catkin_skip_building_tests' from command line to 'False'
[0.616s] DEBUG:colcon.colcon_core.verb:Building package 'dynamic_consensus' with the following arguments: {'ament_cmake_args': None, 'build_base': '/home/fortunato/ros2_ws/build/dynamic_consensus', 'catkin_cmake_args': None, 'catkin_skip_building_tests': False, 'cmake_args': None, 'cmake_clean_cache': False, 'cmake_clean_first': False, 'cmake_force_configure': False, 'cmake_target': None, 'cmake_target_skip_unavailable': False, 'install_base': '/home/fortunato/ros2_ws/install/dynamic_consensus', 'merge_install': False, 'path': '/home/fortunato/ros2_ws/src/dynamic_consensus', 'symlink_install': False, 'test_result_base': None}
[0.616s] INFO:colcon.colcon_core.executor:Executing jobs using 'parallel' executor
[0.617s] DEBUG:colcon.colcon_parallel_executor.executor.parallel:run_until_complete
[0.617s] INFO:colcon.colcon_ros.task.catkin.build:Building ROS package in '/home/fortunato/ros2_ws/src/consenso' with build type 'catkin'
[0.617s] INFO:colcon.colcon_cmake.task.cmake.build:Building CMake package in '/home/fortunato/ros2_ws/src/consenso'
[0.623s] INFO:colcon.colcon_core.plugin_system:Skipping extension 'colcon_core.shell.bat': Not used on non-Windows systems
[0.623s] INFO:colcon.colcon_core.shell:Skip shell extension 'powershell' for command environment: Not usable outside of PowerShell
[0.623s] DEBUG:colcon.colcon_core.shell:Skip shell extension 'dsv' for command environment
[0.636s] INFO:colcon.colcon_ros.task.ament_cmake.build:Building ROS package in '/home/fortunato/ros2_ws/src/dynamic_consensus' with build type 'ament_cmake'
[0.636s] INFO:colcon.colcon_cmake.task.cmake.build:Building CMake package in '/home/fortunato/ros2_ws/src/dynamic_consensus'
[0.636s] INFO:colcon.colcon_core.shell:Skip shell extension 'powershell' for command environment: Not usable outside of PowerShell
[0.636s] DEBUG:colcon.colcon_core.shell:Skip shell extension 'dsv' for command environment
[0.643s] DEBUG:colcon.colcon_core.event_handler.log_command:Invoking command in '/home/fortunato/ros2_ws/build/consenso_pkg': /usr/bin/cmake /home/fortunato/ros2_ws/src/consenso -DCATKIN_INSTALL_INTO_PREFIX_ROOT=0 -DCMAKE_INSTALL_PREFIX=/home/fortunato/ros2_ws/install/consenso_pkg
[0.650s] DEBUG:colcon.colcon_core.event_handler.log_command:Invoking command in '/home/fortunato/ros2_ws/build/dynamic_consensus': CMAKE_PREFIX_PATH=${CMAKE_PREFIX_PATH}:/opt/ros/humble /usr/bin/cmake --build /home/fortunato/ros2_ws/build/dynamic_consensus -- -j8 -l8
[0.806s] DEBUG:colcon.colcon_core.event_handler.log_command:Invoked command in '/home/fortunato/ros2_ws/build/dynamic_consensus' returned '0': CMAKE_PREFIX_PATH=${CMAKE_PREFIX_PATH}:/opt/ros/humble /usr/bin/cmake --build /home/fortunato/ros2_ws/build/dynamic_consensus -- -j8 -l8
[0.816s] DEBUG:colcon.colcon_core.event_handler.log_command:Invoking command in '/home/fortunato/ros2_ws/build/dynamic_consensus': CMAKE_PREFIX_PATH=${CMAKE_PREFIX_PATH}:/opt/ros/humble /usr/bin/cmake --install /home/fortunato/ros2_ws/build/dynamic_consensus
[0.833s] Level 1:colcon.colcon_core.environment:create_environment_scripts_only(dynamic_consensus)
[0.833s] DEBUG:colcon.colcon_core.event_handler.log_command:Invoked command in '/home/fortunato/ros2_ws/build/dynamic_consensus' returned '0': CMAKE_PREFIX_PATH=${CMAKE_PREFIX_PATH}:/opt/ros/humble /usr/bin/cmake --install /home/fortunato/ros2_ws/build/dynamic_consensus
[0.843s] Level 1:colcon.colcon_core.environment:checking '/home/fortunato/ros2_ws/install/dynamic_consensus' for CMake module files
[0.844s] Level 1:colcon.colcon_core.environment:checking '/home/fortunato/ros2_ws/install/dynamic_consensus' for CMake config files
[0.844s] Level 1:colcon.colcon_core.shell:create_environment_hook('dynamic_consensus', 'cmake_prefix_path')
[0.845s] INFO:colcon.colcon_core.shell:Creating environment hook '/home/fortunato/ros2_ws/install/dynamic_consensus/share/dynamic_consensus/hook/cmake_prefix_path.ps1'
[0.846s] INFO:colcon.colcon_core.shell:Creating environment descriptor '/home/fortunato/ros2_ws/install/dynamic_consensus/share/dynamic_consensus/hook/cmake_prefix_path.dsv'
[0.846s] INFO:colcon.colcon_core.shell:Creating environment hook '/home/fortunato/ros2_ws/install/dynamic_consensus/share/dynamic_consensus/hook/cmake_prefix_path.sh'
[0.847s] Level 1:colcon.colcon_core.environment:checking '/home/fortunato/ros2_ws/install/dynamic_consensus/lib'
[0.848s] Level 1:colcon.colcon_core.environment:checking '/home/fortunato/ros2_ws/install/dynamic_consensus/bin'
[0.848s] Level 1:colcon.colcon_core.environment:checking '/home/fortunato/ros2_ws/install/dynamic_consensus/lib/pkgconfig/dynamic_consensus.pc'
[0.848s] Level 1:colcon.colcon_core.environment:checking '/home/fortunato/ros2_ws/install/dynamic_consensus/lib/python3.10/site-packages'
[0.848s] Level 1:colcon.colcon_core.environment:checking '/home/fortunato/ros2_ws/install/dynamic_consensus/bin'
[0.848s] INFO:colcon.colcon_core.shell:Creating package script '/home/fortunato/ros2_ws/install/dynamic_consensus/share/dynamic_consensus/package.ps1'
[0.850s] INFO:colcon.colcon_core.shell:Creating package descriptor '/home/fortunato/ros2_ws/install/dynamic_consensus/share/dynamic_consensus/package.dsv'
[0.851s] INFO:colcon.colcon_core.shell:Creating package script '/home/fortunato/ros2_ws/install/dynamic_consensus/share/dynamic_consensus/package.sh'
[0.851s] INFO:colcon.colcon_core.shell:Creating package script '/home/fortunato/ros2_ws/install/dynamic_consensus/share/dynamic_consensus/package.bash'
[0.853s] INFO:colcon.colcon_core.shell:Creating package script '/home/fortunato/ros2_ws/install/dynamic_consensus/share/dynamic_consensus/package.zsh'
[0.854s] Level 1:colcon.colcon_core.environment:create_file_with_runtime_dependencies(/home/fortunato/ros2_ws/install/dynamic_consensus/share/colcon-core/packages/dynamic_consensus)
[0.855s] Level 1:colcon.colcon_core.environment:create_environment_scripts_only(dynamic_consensus)
[0.855s] Level 1:colcon.colcon_core.environment:checking '/home/fortunato/ros2_ws/install/dynamic_consensus' for CMake module files
[0.856s] Level 1:colcon.colcon_core.environment:checking '/home/fortunato/ros2_ws/install/dynamic_consensus' for CMake config files
[0.856s] Level 1:colcon.colcon_core.shell:create_environment_hook('dynamic_consensus', 'cmake_prefix_path')
[0.856s] INFO:colcon.colcon_core.shell:Creating environment hook '/home/fortunato/ros2_ws/install/dynamic_consensus/share/dynamic_consensus/hook/cmake_prefix_path.ps1'
[0.856s] INFO:colcon.colcon_core.shell:Creating environment descriptor '/home/fortunato/ros2_ws/install/dynamic_consensus/share/dynamic_consensus/hook/cmake_prefix_path.dsv'
[0.857s] INFO:colcon.colcon_core.shell:Creating environment hook '/home/fortunato/ros2_ws/install/dynamic_consensus/share/dynamic_consensus/hook/cmake_prefix_path.sh'
[0.857s] Level 1:colcon.colcon_core.environment:checking '/home/fortunato/ros2_ws/install/dynamic_consensus/lib'
[0.857s] Level 1:colcon.colcon_core.environment:checking '/home/fortunato/ros2_ws/install/dynamic_consensus/bin'
[0.857s] Level 1:colcon.colcon_core.environment:checking '/home/fortunato/ros2_ws/install/dynamic_consensus/lib/pkgconfig/dynamic_consensus.pc'
[0.858s] Level 1:colcon.colcon_core.environment:checking '/home/fortunato/ros2_ws/install/dynamic_consensus/lib/python3.10/site-packages'
[0.858s] Level 1:colcon.colcon_core.environment:checking '/home/fortunato/ros2_ws/install/dynamic_consensus/bin'
[0.858s] INFO:colcon.colcon_core.shell:Creating package script '/home/fortunato/ros2_ws/install/dynamic_consensus/share/dynamic_consensus/package.ps1'
[0.859s] INFO:colcon.colcon_core.shell:Creating package descriptor '/home/fortunato/ros2_ws/install/dynamic_consensus/share/dynamic_consensus/package.dsv'
[0.859s] INFO:colcon.colcon_core.shell:Creating package script '/home/fortunato/ros2_ws/install/dynamic_consensus/share/dynamic_consensus/package.sh'
[0.859s] INFO:colcon.colcon_core.shell:Creating package script '/home/fortunato/ros2_ws/install/dynamic_consensus/share/dynamic_consensus/package.bash'
[0.860s] INFO:colcon.colcon_core.shell:Creating package script '/home/fortunato/ros2_ws/install/dynamic_consensus/share/dynamic_consensus/package.zsh'
[0.860s] Level 1:colcon.colcon_core.environment:create_file_with_runtime_dependencies(/home/fortunato/ros2_ws/install/dynamic_consensus/share/colcon-core/packages/dynamic_consensus)
[2.204s] DEBUG:colcon.colcon_core.event_handler.log_command:Invoked command in '/home/fortunato/ros2_ws/build/consenso_pkg' returned '1': /usr/bin/cmake /home/fortunato/ros2_ws/src/consenso -DCATKIN_INSTALL_INTO_PREFIX_ROOT=0 -DCMAKE_INSTALL_PREFIX=/home/fortunato/ros2_ws/install/consenso_pkg
[2.215s] Level 1:colcon.colcon_core.environment:create_environment_scripts_only(consenso_pkg)
[2.215s] Level 1:colcon.colcon_core.environment:checking '/home/fortunato/ros2_ws/install/consenso_pkg' for CMake module files
[2.215s] Level 1:colcon.colcon_core.environment:checking '/home/fortunato/ros2_ws/install/consenso_pkg' for CMake config files
[2.215s] Level 1:colcon.colcon_core.environment:checking '/home/fortunato/ros2_ws/install/consenso_pkg/bin'
[2.216s] Level 1:colcon.colcon_core.environment:checking '/home/fortunato/ros2_ws/install/consenso_pkg/lib/pkgconfig/consenso_pkg.pc'
[2.216s] Level 1:colcon.colcon_core.environment:checking '/home/fortunato/ros2_ws/install/consenso_pkg/lib/python3.10/site-packages'
[2.216s] Level 1:colcon.colcon_core.environment:checking '/home/fortunato/ros2_ws/install/consenso_pkg/bin'
[2.216s] INFO:colcon.colcon_core.shell:Creating package script '/home/fortunato/ros2_ws/install/consenso_pkg/share/consenso_pkg/package.ps1'
[2.217s] INFO:colcon.colcon_core.shell:Creating package descriptor '/home/fortunato/ros2_ws/install/consenso_pkg/share/consenso_pkg/package.dsv'
[2.217s] INFO:colcon.colcon_core.shell:Creating package script '/home/fortunato/ros2_ws/install/consenso_pkg/share/consenso_pkg/package.sh'
[2.217s] INFO:colcon.colcon_core.shell:Creating package script '/home/fortunato/ros2_ws/install/consenso_pkg/share/consenso_pkg/package.bash'
[2.217s] INFO:colcon.colcon_core.shell:Creating package script '/home/fortunato/ros2_ws/install/consenso_pkg/share/consenso_pkg/package.zsh'
[2.218s] Level 1:colcon.colcon_core.environment:create_file_with_runtime_dependencies(/home/fortunato/ros2_ws/install/consenso_pkg/share/colcon-core/packages/consenso_pkg)
[2.228s] DEBUG:colcon.colcon_parallel_executor.executor.parallel:closing loop
[2.228s] DEBUG:colcon.colcon_parallel_executor.executor.parallel:loop closed
[2.228s] DEBUG:colcon.colcon_parallel_executor.executor.parallel:run_until_complete finished with '1'
[2.228s] DEBUG:colcon.colcon_core.event_reactor:joining thread
[2.235s] INFO:colcon.colcon_core.plugin_system:Skipping extension 'colcon_notification.desktop_notification.terminal_notifier': Not used on non-Darwin systems
[2.235s] INFO:colcon.colcon_core.plugin_system:Skipping extension 'colcon_notification.desktop_notification.win32': Not used on non-Windows systems
[2.235s] INFO:colcon.colcon_notification.desktop_notification:Sending desktop notification using 'notify2'
[2.257s] DEBUG:colcon.colcon_core.event_reactor:joined thread
[2.257s] INFO:colcon.colcon_core.shell:Creating prefix script '/home/fortunato/ros2_ws/install/local_setup.ps1'
[2.259s] INFO:colcon.colcon_core.shell:Creating prefix util module '/home/fortunato/ros2_ws/install/_local_setup_util_ps1.py'
[2.260s] INFO:colcon.colcon_core.shell:Creating prefix chain script '/home/fortunato/ros2_ws/install/setup.ps1'
[2.262s] INFO:colcon.colcon_core.shell:Creating prefix script '/home/fortunato/ros2_ws/install/local_setup.sh'
[2.263s] INFO:colcon.colcon_core.shell:Creating prefix util module '/home/fortunato/ros2_ws/install/_local_setup_util_sh.py'
[2.263s] INFO:colcon.colcon_core.shell:Creating prefix chain script '/home/fortunato/ros2_ws/install/setup.sh'
[2.265s] INFO:colcon.colcon_core.shell:Creating prefix script '/home/fortunato/ros2_ws/install/local_setup.bash'
[2.266s] INFO:colcon.colcon_core.shell:Creating prefix chain script '/home/fortunato/ros2_ws/install/setup.bash'
[2.267s] INFO:colcon.colcon_core.shell:Creating prefix script '/home/fortunato/ros2_ws/install/local_setup.zsh'
[2.268s] INFO:colcon.colcon_core.shell:Creating prefix chain script '/home/fortunato/ros2_ws/install/setup.zsh'
