-- Found ament_cmake: 1.3.12 (/opt/ros/humble/share/ament_cmake/cmake)
-- Found rclcpp: 16.0.16 (/opt/ros/humble/share/rclcpp/cmake)
-- Found rosidl_generator_c: 3.1.7 (/opt/ros/humble/share/rosidl_generator_c/cmake)
-- Found rosidl_adapter: 3.1.7 (/opt/ros/humble/share/rosidl_adapter/cmake)
-- Found rosidl_generator_cpp: 3.1.7 (/opt/ros/humble/share/rosidl_generator_cpp/cmake)
-- Using all available rosidl_typesupport_c: rosidl_typesupport_fastrtps_c;rosidl_typesupport_introspection_c
-- Using all available rosidl_typesupport_cpp: rosidl_typesupport_fastrtps_cpp;rosidl_typesupport_introspection_cpp
-- Found rmw_implementation_cmake: 6.1.2 (/opt/ros/humble/share/rmw_implementation_cmake/cmake)
-- Found rmw_fastrtps_cpp: 6.2.9 (/opt/ros/humble/share/rmw_fastrtps_cpp/cmake)
-- Using RMW implementation 'rmw_fastrtps_cpp' as default
-- Found example_interfaces: 0.9.3 (/opt/ros/humble/share/example_interfaces/cmake)
-- Configuring done
-- Generating done
-- Build files have been written to: /home/fortunato/ros2_ws/build/consenso_pkg
[35m[1mConsolidate compiler generated dependencies of target nodo[0m
[100%] Built target nodo
-- Install configuration: ""
-- Up-to-date: /home/fortunato/ros2_ws/install/consenso_pkg/lib/consenso_pkg/nodo
-- Installing: /home/fortunato/ros2_ws/install/consenso_pkg/share/consenso_pkg/launch
-- Installing: /home/fortunato/ros2_ws/install/consenso_pkg/share/consenso_pkg/launch/consenso_launch.launch
-- Up-to-date: /home/fortunato/ros2_ws/install/consenso_pkg/share/ament_index/resource_index/package_run_dependencies/consenso_pkg
-- Up-to-date: /home/fortunato/ros2_ws/install/consenso_pkg/share/ament_index/resource_index/parent_prefix_path/consenso_pkg
-- Up-to-date: /home/fortunato/ros2_ws/install/consenso_pkg/share/consenso_pkg/environment/ament_prefix_path.sh
-- Installing: /home/fortunato/ros2_ws/install/consenso_pkg/share/consenso_pkg/environment/ament_prefix_path.dsv
-- Up-to-date: /home/fortunato/ros2_ws/install/consenso_pkg/share/consenso_pkg/environment/path.sh
-- Installing: /home/fortunato/ros2_ws/install/consenso_pkg/share/consenso_pkg/environment/path.dsv
-- Up-to-date: /home/fortunato/ros2_ws/install/consenso_pkg/share/consenso_pkg/local_setup.bash
-- Up-to-date: /home/fortunato/ros2_ws/install/consenso_pkg/share/consenso_pkg/local_setup.sh
-- Up-to-date: /home/fortunato/ros2_ws/install/consenso_pkg/share/consenso_pkg/local_setup.zsh
-- Installing: /home/fortunato/ros2_ws/install/consenso_pkg/share/consenso_pkg/local_setup.dsv
-- Installing: /home/fortunato/ros2_ws/install/consenso_pkg/share/consenso_pkg/package.dsv
-- Up-to-date: /home/fortunato/ros2_ws/install/consenso_pkg/share/ament_index/resource_index/packages/consenso_pkg
-- Up-to-date: /home/fortunato/ros2_ws/install/consenso_pkg/share/consenso_pkg/cmake/consenso_pkgConfig.cmake
-- Up-to-date: /home/fortunato/ros2_ws/install/consenso_pkg/share/consenso_pkg/cmake/consenso_pkgConfig-version.cmake
-- Up-to-date: /home/fortunato/ros2_ws/install/consenso_pkg/share/consenso_pkg/package.xml
