[0.025s] Invoking command in '/home/fortunato/ros2_ws/build/dynamic_consensus': CMAKE_PREFIX_PATH=${CMAKE_PREFIX_PATH}:/opt/ros/humble /usr/bin/cmake --build /home/fortunato/ros2_ws/build/dynamic_consensus -- -j8 -l8
[0.083s] [35m[1mConsolidate compiler generated dependencies of target consensus_node[0m
[0.107s] [ 50%] [32mBuilding CXX object CMakeFiles/consensus_node.dir/src/consensus_node.cpp.o[0m
[12.165s] [100%] [32m[1mLinking CXX executable consensus_node[0m
[12.739s] [100%] Built target consensus_node
[12.749s] Invoked command in '/home/fortunato/ros2_ws/build/dynamic_consensus' returned '0': CMAKE_PREFIX_PATH=${CMAKE_PREFIX_PATH}:/opt/ros/humble /usr/bin/cmake --build /home/fortunato/ros2_ws/build/dynamic_consensus -- -j8 -l8
[12.759s] Invoking command in '/home/fortunato/ros2_ws/build/dynamic_consensus': CMAKE_PREFIX_PATH=${CMAKE_PREFIX_PATH}:/opt/ros/humble /usr/bin/cmake --install /home/fortunato/ros2_ws/build/dynamic_consensus
[12.766s] -- Install configuration: ""
[12.768s] -- Installing: /home/fortunato/ros2_ws/install/dynamic_consensus/lib/dynamic_consensus/consensus_node
[12.771s] -- Set runtime path of "/home/fortunato/ros2_ws/install/dynamic_consensus/lib/dynamic_consensus/consensus_node" to ""
[12.771s] -- Up-to-date: /home/fortunato/ros2_ws/install/dynamic_consensus/share/dynamic_consensus/fastrtps_profile.xml
[12.772s] -- Up-to-date: /home/fortunato/ros2_ws/install/dynamic_consensus/share/dynamic_consensus/launch
[12.772s] -- Installing: /home/fortunato/ros2_ws/install/dynamic_consensus/share/dynamic_consensus/launch/consensus_launch.launch
[12.772s] -- Up-to-date: /home/fortunato/ros2_ws/install/dynamic_consensus/share/ament_index/resource_index/package_run_dependencies/dynamic_consensus
[12.772s] -- Up-to-date: /home/fortunato/ros2_ws/install/dynamic_consensus/share/ament_index/resource_index/parent_prefix_path/dynamic_consensus
[12.772s] -- Up-to-date: /home/fortunato/ros2_ws/install/dynamic_consensus/share/dynamic_consensus/environment/ament_prefix_path.sh
[12.772s] -- Up-to-date: /home/fortunato/ros2_ws/install/dynamic_consensus/share/dynamic_consensus/environment/ament_prefix_path.dsv
[12.772s] -- Up-to-date: /home/fortunato/ros2_ws/install/dynamic_consensus/share/dynamic_consensus/environment/path.sh
[12.772s] -- Up-to-date: /home/fortunato/ros2_ws/install/dynamic_consensus/share/dynamic_consensus/environment/path.dsv
[12.773s] -- Up-to-date: /home/fortunato/ros2_ws/install/dynamic_consensus/share/dynamic_consensus/local_setup.bash
[12.773s] -- Up-to-date: /home/fortunato/ros2_ws/install/dynamic_consensus/share/dynamic_consensus/local_setup.sh
[12.773s] -- Up-to-date: /home/fortunato/ros2_ws/install/dynamic_consensus/share/dynamic_consensus/local_setup.zsh
[12.773s] -- Up-to-date: /home/fortunato/ros2_ws/install/dynamic_consensus/share/dynamic_consensus/local_setup.dsv
[12.773s] -- Installing: /home/fortunato/ros2_ws/install/dynamic_consensus/share/dynamic_consensus/package.dsv
[12.773s] -- Up-to-date: /home/fortunato/ros2_ws/install/dynamic_consensus/share/ament_index/resource_index/packages/dynamic_consensus
[12.773s] -- Up-to-date: /home/fortunato/ros2_ws/install/dynamic_consensus/share/dynamic_consensus/cmake/dynamic_consensusConfig.cmake
[12.773s] -- Up-to-date: /home/fortunato/ros2_ws/install/dynamic_consensus/share/dynamic_consensus/cmake/dynamic_consensusConfig-version.cmake
[12.773s] -- Up-to-date: /home/fortunato/ros2_ws/install/dynamic_consensus/share/dynamic_consensus/package.xml
[12.775s] Invoked command in '/home/fortunato/ros2_ws/build/dynamic_consensus' returned '0': CMAKE_PREFIX_PATH=${CMAKE_PREFIX_PATH}:/opt/ros/humble /usr/bin/cmake --install /home/fortunato/ros2_ws/build/dynamic_consensus
