[0.022s] Invoking command in '/home/fortunato/ros2_ws/build/cons_pkg': CMAKE_PREFIX_PATH=${CMAKE_PREFIX_PATH}:/opt/ros/humble /usr/bin/cmake /home/fortunato/ros2_ws/src/consenso -DCMAKE_INSTALL_PREFIX=/home/fortunato/ros2_ws/install/cons_pkg
[0.125s] -- The C compiler identification is GNU 11.4.0
[0.188s] -- The CXX compiler identification is GNU 11.4.0
[0.197s] -- Detecting C compiler ABI info
[0.264s] -- Detecting C compiler ABI info - done
[0.271s] -- Check for working C compiler: /usr/bin/cc - skipped
[0.273s] -- Detecting C compile features
[0.273s] -- Detecting C compile features - done
[0.276s] -- Detecting CXX compiler ABI info
[0.353s] -- Detecting CXX compiler ABI info - done
[0.360s] -- Check for working CXX compiler: /usr/bin/c++ - skipped
[0.360s] -- Detecting CXX compile features
[0.360s] -- Detecting CXX compile features - done
[0.363s] -- Found ament_cmake: 1.3.12 (/opt/ros/humble/share/ament_cmake/cmake)
[0.687s] -- Found Python3: /usr/bin/python3 (found version "3.10.12") found components: Interpreter 
[0.767s] -- Found rclcpp: 16.0.16 (/opt/ros/humble/share/rclcpp/cmake)
[0.813s] -- Found rosidl_generator_c: 3.1.7 (/opt/ros/humble/share/rosidl_generator_c/cmake)
[0.818s] -- Found rosidl_adapter: 3.1.7 (/opt/ros/humble/share/rosidl_adapter/cmake)
[0.825s] -- Found rosidl_generator_cpp: 3.1.7 (/opt/ros/humble/share/rosidl_generator_cpp/cmake)
[0.837s] -- Using all available rosidl_typesupport_c: rosidl_typesupport_fastrtps_c;rosidl_typesupport_introspection_c
[0.851s] -- Using all available rosidl_typesupport_cpp: rosidl_typesupport_fastrtps_cpp;rosidl_typesupport_introspection_cpp
[0.889s] -- Found rmw_implementation_cmake: 6.1.2 (/opt/ros/humble/share/rmw_implementation_cmake/cmake)
[0.891s] -- Found rmw_fastrtps_cpp: 6.2.9 (/opt/ros/humble/share/rmw_fastrtps_cpp/cmake)
[0.971s] -- Found OpenSSL: /usr/lib/x86_64-linux-gnu/libcrypto.so (found version "3.0.2")  
[0.996s] -- Found FastRTPS: /opt/ros/humble/include  
[1.032s] -- Using RMW implementation 'rmw_fastrtps_cpp' as default
[1.040s] -- Looking for pthread.h
[1.105s] -- Looking for pthread.h - found
[1.106s] -- Performing Test CMAKE_HAVE_LIBC_PTHREAD
[1.174s] -- Performing Test CMAKE_HAVE_LIBC_PTHREAD - Success
[1.175s] -- Found Threads: TRUE  
[1.222s] -- Found example_interfaces: 0.9.3 (/opt/ros/humble/share/example_interfaces/cmake)
[1.330s] -- Configuring done
[1.339s] -- Generating done
[1.342s] -- Build files have been written to: /home/fortunato/ros2_ws/build/cons_pkg
[1.352s] Invoked command in '/home/fortunato/ros2_ws/build/cons_pkg' returned '0': CMAKE_PREFIX_PATH=${CMAKE_PREFIX_PATH}:/opt/ros/humble /usr/bin/cmake /home/fortunato/ros2_ws/src/consenso -DCMAKE_INSTALL_PREFIX=/home/fortunato/ros2_ws/install/cons_pkg
[1.353s] Invoking command in '/home/fortunato/ros2_ws/build/cons_pkg': CMAKE_PREFIX_PATH=${CMAKE_PREFIX_PATH}:/opt/ros/humble /usr/bin/cmake --build /home/fortunato/ros2_ws/build/cons_pkg -- -j8 -l8
[1.397s] [ 50%] [32mBuilding CXX object CMakeFiles/nodo.dir/src/nodo.cpp.o[0m
[12.148s] [100%] [32m[1mLinking CXX executable nodo[0m
[12.535s] [100%] Built target nodo
[12.545s] Invoked command in '/home/fortunato/ros2_ws/build/cons_pkg' returned '0': CMAKE_PREFIX_PATH=${CMAKE_PREFIX_PATH}:/opt/ros/humble /usr/bin/cmake --build /home/fortunato/ros2_ws/build/cons_pkg -- -j8 -l8
[12.546s] Invoking command in '/home/fortunato/ros2_ws/build/cons_pkg': CMAKE_PREFIX_PATH=${CMAKE_PREFIX_PATH}:/opt/ros/humble /usr/bin/cmake --install /home/fortunato/ros2_ws/build/cons_pkg
[12.553s] -- Install configuration: ""
[12.554s] -- Installing: /home/fortunato/ros2_ws/install/cons_pkg/lib/cons_pkg/nodo
[12.557s] -- Set runtime path of "/home/fortunato/ros2_ws/install/cons_pkg/lib/cons_pkg/nodo" to ""
[12.557s] -- Installing: /home/fortunato/ros2_ws/install/cons_pkg/share/cons_pkg/launch
[12.557s] -- Installing: /home/fortunato/ros2_ws/install/cons_pkg/share/cons_pkg/launch/consenso_launch.launch
[12.557s] -- Installing: /home/fortunato/ros2_ws/install/cons_pkg/share/ament_index/resource_index/package_run_dependencies/cons_pkg
[12.557s] -- Installing: /home/fortunato/ros2_ws/install/cons_pkg/share/ament_index/resource_index/parent_prefix_path/cons_pkg
[12.558s] -- Installing: /home/fortunato/ros2_ws/install/cons_pkg/share/cons_pkg/environment/ament_prefix_path.sh
[12.558s] -- Installing: /home/fortunato/ros2_ws/install/cons_pkg/share/cons_pkg/environment/ament_prefix_path.dsv
[12.558s] -- Installing: /home/fortunato/ros2_ws/install/cons_pkg/share/cons_pkg/environment/path.sh
[12.558s] -- Installing: /home/fortunato/ros2_ws/install/cons_pkg/share/cons_pkg/environment/path.dsv
[12.558s] -- Installing: /home/fortunato/ros2_ws/install/cons_pkg/share/cons_pkg/local_setup.bash
[12.559s] -- Installing: /home/fortunato/ros2_ws/install/cons_pkg/share/cons_pkg/local_setup.sh
[12.559s] -- Installing: /home/fortunato/ros2_ws/install/cons_pkg/share/cons_pkg/local_setup.zsh
[12.559s] -- Installing: /home/fortunato/ros2_ws/install/cons_pkg/share/cons_pkg/local_setup.dsv
[12.559s] -- Installing: /home/fortunato/ros2_ws/install/cons_pkg/share/cons_pkg/package.dsv
[12.559s] -- Installing: /home/fortunato/ros2_ws/install/cons_pkg/share/ament_index/resource_index/packages/cons_pkg
[12.559s] -- Installing: /home/fortunato/ros2_ws/install/cons_pkg/share/cons_pkg/cmake/cons_pkgConfig.cmake
[12.559s] -- Installing: /home/fortunato/ros2_ws/install/cons_pkg/share/cons_pkg/cmake/cons_pkgConfig-version.cmake
[12.560s] -- Installing: /home/fortunato/ros2_ws/install/cons_pkg/share/cons_pkg/package.xml
[12.562s] Invoked command in '/home/fortunato/ros2_ws/build/cons_pkg' returned '0': CMAKE_PREFIX_PATH=${CMAKE_PREFIX_PATH}:/opt/ros/humble /usr/bin/cmake --install /home/fortunato/ros2_ws/build/cons_pkg
