[01m[K/home/fortunato/ros2_ws/src/dynamic_consensus/src/signal_generator_node.cpp:43:2:[m[K [01;31m[Kerror: [m[Kexpected ‘[01m[K}[m[K’ at end of input
   43 | }
      |  [01;31m[K^[m[K
[01m[K/home/fortunato/ros2_ws/src/dynamic_consensus/src/signal_generator_node.cpp:7:49:[m[K [01;36m[Knote: [m[Kto match this ‘[01m[K{[m[K’
    7 | class SignalGeneratorNode : public rclcpp::Node [01;36m[K{[m[K
      |                                                 [01;36m[K^[m[K
[01m[K/home/fortunato/ros2_ws/src/dynamic_consensus/src/signal_generator_node.cpp:[m[K In constructor ‘[01m[KSignalGeneratorNode::SignalGeneratorNode()[m[K’:
[01m[K/home/fortunato/ros2_ws/src/dynamic_consensus/src/signal_generator_node.cpp:10:1:[m[K [01;31m[Kerror: [m[K‘[01m[Knode_id_[m[K’ was not declared in this scope; did you mean ‘[01m[Knode_base_[m[K’?
   10 | [01;31m[Knode_id_[m[K = this->declare_parameter<int>("node_id", 0);
      | [01;31m[K^~~~~~~~[m[K
      | [32m[Knode_base_[m[K
[01m[K/home/fortunato/ros2_ws/src/dynamic_consensus/src/signal_generator_node.cpp:11:1:[m[K [01;31m[Kerror: [m[K‘[01m[Kdt_[m[K’ was not declared in this scope
   11 | [01;31m[Kdt_[m[K = 0.05;
      | [01;31m[K^~~[m[K
[01m[K/home/fortunato/ros2_ws/src/dynamic_consensus/src/signal_generator_node.cpp:16:1:[m[K [01;31m[Kerror: [m[K‘[01m[Kpub_[m[K’ was not declared in this scope
   16 | [01;31m[Kpub_[m[K = this->create_publisher<std_msgs::msg::Float64>(ns.str(), 10);
      | [01;31m[K^~~~[m[K
[01m[K/home/fortunato/ros2_ws/src/dynamic_consensus/src/signal_generator_node.cpp:19:1:[m[K [01;31m[Kerror: [m[K‘[01m[Ktimer_[m[K’ was not declared in this scope; did you mean ‘[01m[Ktimer_t[m[K’?
   19 | [01;31m[Ktimer_[m[K = this->create_wall_timer(
      | [01;31m[K^~~~~~[m[K
      | [32m[Ktimer_t[m[K
[01m[K/home/fortunato/ros2_ws/src/dynamic_consensus/src/signal_generator_node.cpp:21:33:[m[K [01;31m[Kerror: [m[K‘[01m[Kstep[m[K’ is not a member of ‘[01m[KSignalGeneratorNode[m[K’
   21 | std::bind(&SignalGeneratorNode::[01;31m[Kstep[m[K, this));
      |                                 [01;31m[K^~~~[m[K
[01m[K/home/fortunato/ros2_ws/src/dynamic_consensus/src/signal_generator_node.cpp:[m[K In member function ‘[01m[Kdouble SignalGeneratorNode::node_variant(double, double)[m[K’:
[01m[K/home/fortunato/ros2_ws/src/dynamic_consensus/src/signal_generator_node.cpp:35:9:[m[K [01;31m[Kerror: [m[K‘[01m[Knode_id_[m[K’ was not declared in this scope; did you mean ‘[01m[Knode_base_[m[K’?
   35 | switch ([01;31m[Knode_id_[m[K) {
      |         [01;31m[K^~~~~~~~[m[K
      |         [32m[Knode_base_[m[K
[01m[K/home/fortunato/ros2_ws/src/dynamic_consensus/src/signal_generator_node.cpp:43:2:[m[K [01;31m[Kerror: [m[Kexpected ‘[01m[K}[m[K’ at end of input
   43 | }
      |  [01;31m[K^[m[K
[01m[K/home/fortunato/ros2_ws/src/dynamic_consensus/src/signal_generator_node.cpp:34:44:[m[K [01;36m[Knote: [m[Kto match this ‘[01m[K{[m[K’
   34 | double node_variant(double base, double t) [01;36m[K{[m[K
      |                                            [01;36m[K^[m[K
[01m[K/home/fortunato/ros2_ws/src/dynamic_consensus/src/signal_generator_node.cpp:[m[K At global scope:
[01m[K/home/fortunato/ros2_ws/src/dynamic_consensus/src/signal_generator_node.cpp:43:2:[m[K [01;31m[Kerror: [m[Kexpected unqualified-id at end of input
   43 | }
      |  [01;31m[K^[m[K
gmake[2]: *** [CMakeFiles/signal_generator_node.dir/build.make:76: CMakeFiles/signal_generator_node.dir/src/signal_generator_node.cpp.o] Errore 1
gmake[1]: *** [CMakeFiles/Makefile2:165: CMakeFiles/signal_generator_node.dir/all] Errore 2
gmake[1]: *** Attesa per i processi non terminati....
gmake: *** [Makefile:146: all] Errore 2
