[01m[K/home/fortunato/ros2_ws/src/dynamic_consensus/src/consensus_node.cpp:2:1:[m[K [01;31m[Kerror: [m[K‘[01m[Kneighbors_[m[K’ does not name a type
    2 | [01;31m[Kneighbors_[m[K[j] = msg->data;
      | [01;31m[K^~~~~~~~~~[m[K
[01m[K/home/fortunato/ros2_ws/src/dynamic_consensus/src/consensus_node.cpp:3:1:[m[K [01;31m[Kerror: [m[Kexpected declaration before ‘[01m[K}[m[K’ token
    3 | [01;31m[K}[m[K);
      | [01;31m[K^[m[K
[01m[K/home/fortunato/ros2_ws/src/dynamic_consensus/src/consensus_node.cpp:3:2:[m[K [01;31m[Kerror: [m[Kexpected unqualified-id before ‘[01m[K)[m[K’ token
    3 | }[01;31m[K)[m[K;
      |  [01;31m[K^[m[K
[01m[K/home/fortunato/ros2_ws/src/dynamic_consensus/src/consensus_node.cpp:4:1:[m[K [01;31m[Kerror: [m[K‘[01m[Ksubs_[m[K’ does not name a type
    4 | [01;31m[Ksubs_[m[K.push_back(sub);
      | [01;31m[K^~~~~[m[K
[01m[K/home/fortunato/ros2_ws/src/dynamic_consensus/src/consensus_node.cpp:5:1:[m[K [01;31m[Kerror: [m[Kexpected declaration before ‘[01m[K}[m[K’ token
    5 | [01;31m[K}[m[K
      | [01;31m[K^[m[K
[01m[K/home/fortunato/ros2_ws/src/dynamic_consensus/src/consensus_node.cpp:6:1:[m[K [01;31m[Kerror: [m[Kexpected declaration before ‘[01m[K}[m[K’ token
    6 | [01;31m[K}[m[K
      | [01;31m[K^[m[K
[01m[K/home/fortunato/ros2_ws/src/dynamic_consensus/src/consensus_node.cpp:9:1:[m[K [01;31m[Kerror: [m[K‘[01m[Kx_[m[K’ does not name a type
    9 | [01;31m[Kx_[m[K = 0.0; p_ = 0.0; has_input_ = false;
      | [01;31m[K^~[m[K
[01m[K/home/fortunato/ros2_ws/src/dynamic_consensus/src/consensus_node.cpp:9:11:[m[K [01;31m[Kerror: [m[K‘[01m[Kp_[m[K’ does not name a type
    9 | x_ = 0.0; [01;31m[Kp_[m[K = 0.0; has_input_ = false;
      |           [01;31m[K^~[m[K
[01m[K/home/fortunato/ros2_ws/src/dynamic_consensus/src/consensus_node.cpp:9:21:[m[K [01;31m[Kerror: [m[K‘[01m[Khas_input_[m[K’ does not name a type
    9 | x_ = 0.0; p_ = 0.0; [01;31m[Khas_input_[m[K = false;
      |                     [01;31m[K^~~~~~~~~~[m[K
[01m[K/home/fortunato/ros2_ws/src/dynamic_consensus/src/consensus_node.cpp:12:1:[m[K [01;31m[Kerror: [m[K‘[01m[Ktimer_[m[K’ does not name a type; did you mean ‘[01m[Ktimer_t[m[K’?
   12 | [01;31m[Ktimer_[m[K = this->create_wall_timer(
      | [01;31m[K^~~~~~[m[K
      | [32m[Ktimer_t[m[K
In file included from [01m[K/opt/ros/humble/include/rclcpp/rclcpp/client.hpp:40[m[K,
                 from [01m[K/opt/ros/humble/include/rclcpp/rclcpp/callback_group.hpp:24[m[K,
                 from [01m[K/opt/ros/humble/include/rclcpp/rclcpp/any_executable.hpp:20[m[K,
                 from [01m[K/opt/ros/humble/include/rclcpp/rclcpp/memory_strategy.hpp:25[m[K,
                 from [01m[K/opt/ros/humble/include/rclcpp/rclcpp/memory_strategies.hpp:18[m[K,
                 from [01m[K/opt/ros/humble/include/rclcpp/rclcpp/executor_options.hpp:20[m[K,
                 from [01m[K/opt/ros/humble/include/rclcpp/rclcpp/executor.hpp:37[m[K,
                 from [01m[K/opt/ros/humble/include/rclcpp/rclcpp/executors/multi_threaded_executor.hpp:25[m[K,
                 from [01m[K/opt/ros/humble/include/rclcpp/rclcpp/executors.hpp:21[m[K,
                 from [01m[K/opt/ros/humble/include/rclcpp/rclcpp/rclcpp.hpp:155[m[K,
                 from [01m[K/home/fortunato/ros2_ws/src/dynamic_consensus/src/consensus_node.cpp:1[m[K:
[01m[K/home/fortunato/ros2_ws/src/dynamic_consensus/src/consensus_node.cpp:17:1:[m[K [01;31m[Kerror: [m[Kexpected unqualified-id before ‘[01m[Kdo[m[K’
   17 | [01;31m[KRCLCPP_INFO[m[K(this->get_logger(), "Consensus node_%d initialized (N=%d)", node_id_, N_);
      | [01;31m[K^~~~~~~~~~~[m[K
[01m[K/home/fortunato/ros2_ws/src/dynamic_consensus/src/consensus_node.cpp:17:1:[m[K [01;31m[Kerror: [m[Kexpected unqualified-id before ‘[01m[Kwhile[m[K’
   17 | [01;31m[KRCLCPP_INFO[m[K(this->get_logger(), "Consensus node_%d initialized (N=%d)", node_id_, N_);
      | [01;31m[K^~~~~~~~~~~[m[K
[01m[K/home/fortunato/ros2_ws/src/dynamic_consensus/src/consensus_node.cpp:18:1:[m[K [01;31m[Kerror: [m[Kexpected declaration before ‘[01m[K}[m[K’ token
   18 | [01;31m[K}[m[K
      | [01;31m[K^[m[K
[01m[K/home/fortunato/ros2_ws/src/dynamic_consensus/src/consensus_node.cpp:21:1:[m[K [01;31m[Kerror: [m[Kexpected unqualified-id before ‘[01m[Kprivate[m[K’
   21 | [01;31m[Kprivate[m[K:
      | [01;31m[K^~~~~~~[m[K
[01m[K/home/fortunato/ros2_ws/src/dynamic_consensus/src/consensus_node.cpp:[m[K In function ‘[01m[Kvoid step()[m[K’:
[01m[K/home/fortunato/ros2_ws/src/dynamic_consensus/src/consensus_node.cpp:32:6:[m[K [01;31m[Kerror: [m[K‘[01m[Khas_input_[m[K’ was not declared in this scope
   32 | if (![01;31m[Khas_input_[m[K) return;
      |      [01;31m[K^~~~~~~~~~[m[K
[01m[K/home/fortunato/ros2_ws/src/dynamic_consensus/src/consensus_node.cpp:37:31:[m[K [01;31m[Kerror: [m[K‘[01m[Kmu_[m[K’ was not declared in this scope
   37 | std::lock_guard<std::mutex> g([01;31m[Kmu_[m[K);
      |                               [01;31m[K^~~[m[K
[01m[K/home/fortunato/ros2_ws/src/dynamic_consensus/src/consensus_node.cpp:38:10:[m[K [01;31m[Kerror: [m[K‘[01m[Ku_meas_[m[K’ was not declared in this scope; did you mean ‘[01m[Ku_meas[m[K’?
   38 | u_meas = [01;31m[Ku_meas_[m[K;
      |          [01;31m[K^~~~~~~[m[K
      |          [32m[Ku_meas[m[K
[01m[K/home/fortunato/ros2_ws/src/dynamic_consensus/src/consensus_node.cpp:43:21:[m[K [01;31m[Kerror: [m[K‘[01m[KN_[m[K’ was not declared in this scope
   43 | for (int j = 0; j < [01;31m[KN_[m[K; ++j) {
      |                     [01;31m[K^~[m[K
[01m[K/home/fortunato/ros2_ws/src/dynamic_consensus/src/consensus_node.cpp:44:10:[m[K [01;31m[Kerror: [m[K‘[01m[Knode_id_[m[K’ was not declared in this scope
   44 | if (j == [01;31m[Knode_id_[m[K) continue;
      |          [01;31m[K^~~~~~~~[m[K
[01m[K/home/fortunato/ros2_ws/src/dynamic_consensus/src/consensus_node.cpp:45:14:[m[K [01;31m[Kerror: [m[K‘[01m[Kadj_[m[K’ was not declared in this scope
   45 | double aij = [01;31m[Kadj_[m[K[node_id_][j];
      |              [01;31m[K^~~~[m[K
[01m[K/home/fortunato/ros2_ws/src/dynamic_consensus/src/consensus_node.cpp:45:19:[m[K [01;31m[Kerror: [m[K‘[01m[Knode_id_[m[K’ was not declared in this scope
   45 | double aij = adj_[[01;31m[Knode_id_[m[K][j];
      |                   [01;31m[K^~~~~~~~[m[K
[01m[K/home/fortunato/ros2_ws/src/dynamic_consensus/src/consensus_node.cpp:46:31:[m[K [01;31m[Kerror: [m[K‘[01m[Kx_[m[K’ was not declared in this scope
   46 | if (aij != 0.0) lap += aij * ([01;31m[Kx_[m[K - neighbors_[j]);
      |                               [01;31m[K^~[m[K
[01m[K/home/fortunato/ros2_ws/src/dynamic_consensus/src/consensus_node.cpp:46:36:[m[K [01;31m[Kerror: [m[K‘[01m[Kneighbors_[m[K’ was not declared in this scope
   46 | if (aij != 0.0) lap += aij * (x_ - [01;31m[Kneighbors_[m[K[j]);
      |                                    [01;31m[K^~~~~~~~~~[m[K
[01m[K/home/fortunato/ros2_ws/src/dynamic_consensus/src/consensus_node.cpp:51:1:[m[K [01;31m[Kerror: [m[K‘[01m[Kp_[m[K’ was not declared in this scope
   51 | [01;31m[Kp_[m[K += ki_ * dp * dt_;
      | [01;31m[K^~[m[K
[01m[K/home/fortunato/ros2_ws/src/dynamic_consensus/src/consensus_node.cpp:51:7:[m[K [01;31m[Kerror: [m[K‘[01m[Kki_[m[K’ was not declared in this scope
   51 | p_ += [01;31m[Kki_[m[K * dp * dt_;
      |       [01;31m[K^~~[m[K
[01m[K/home/fortunato/ros2_ws/src/dynamic_consensus/src/consensus_node.cpp:51:18:[m[K [01;31m[Kerror: [m[K‘[01m[Kdt_[m[K’ was not declared in this scope
   51 | p_ += ki_ * dp * [01;31m[Kdt_[m[K;
      |                  [01;31m[K^~~[m[K
[01m[K/home/fortunato/ros2_ws/src/dynamic_consensus/src/consensus_node.cpp:52:16:[m[K [01;31m[Kerror: [m[K‘[01m[Kkp_[m[K’ was not declared in this scope
   52 | double xdot = -[01;31m[Kkp_[m[K * lap - p_;
      |                [01;31m[K^~~[m[K
[01m[K/home/fortunato/ros2_ws/src/dynamic_consensus/src/consensus_node.cpp:53:1:[m[K [01;31m[Kerror: [m[K‘[01m[Kx_[m[K’ was not declared in this scope
   53 | [01;31m[Kx_[m[K += xdot * dt_ + alpha_ * (u_meas - x_) * dt_;
      | [01;31m[K^~[m[K
[01m[K/home/fortunato/ros2_ws/src/dynamic_consensus/src/consensus_node.cpp:53:20:[m[K [01;31m[Kerror: [m[K‘[01m[Kalpha_[m[K’ was not declared in this scope; did you mean ‘[01m[Kisalpha_l[m[K’?
   53 | x_ += xdot * dt_ + [01;31m[Kalpha_[m[K * (u_meas - x_) * dt_;
      |                    [01;31m[K^~~~~~[m[K
      |                    [32m[Kisalpha_l[m[K
[01m[K/home/fortunato/ros2_ws/src/dynamic_consensus/src/consensus_node.cpp:56:12:[m[K [01;31m[Kerror: [m[K‘[01m[Kstd_msgs[m[K’ has not been declared
   56 | auto msg = [01;31m[Kstd_msgs[m[K::msg::Float64();
      |            [01;31m[K^~~~~~~~[m[K
[01m[K/home/fortunato/ros2_ws/src/dynamic_consensus/src/consensus_node.cpp:58:1:[m[K [01;31m[Kerror: [m[K‘[01m[Kstate_pub_[m[K’ was not declared in this scope
   58 | [01;31m[Kstate_pub_[m[K->publish(msg);
      | [01;31m[K^~~~~~~~~~[m[K
[01m[K/home/fortunato/ros2_ws/src/dynamic_consensus/src/consensus_node.cpp:[m[K At global scope:
[01m[K/home/fortunato/ros2_ws/src/dynamic_consensus/src/consensus_node.cpp:68:34:[m[K [01;31m[Kerror: [m[K‘[01m[Kstd_msgs[m[K’ was not declared in this scope
   68 | std::vector<rclcpp::Subscription<[01;31m[Kstd_msgs[m[K::msg::Float64>::SharedPtr> subs_;
      |                                  [01;31m[K^~~~~~~~[m[K
[01m[K/home/fortunato/ros2_ws/src/dynamic_consensus/src/consensus_node.cpp:68:56:[m[K [01;31m[Kerror: [m[Ktemplate argument 1 is invalid
   68 | std::vector<rclcpp::Subscription<std_msgs::msg::Float64[01;31m[K>[m[K::SharedPtr> subs_;
      |                                                        [01;31m[K^[m[K
[01m[K/home/fortunato/ros2_ws/src/dynamic_consensus/src/consensus_node.cpp:68:56:[m[K [01;31m[Kerror: [m[Ktemplate argument 3 is invalid
[01m[K/home/fortunato/ros2_ws/src/dynamic_consensus/src/consensus_node.cpp:68:56:[m[K [01;31m[Kerror: [m[Ktemplate argument 4 is invalid
[01m[K/home/fortunato/ros2_ws/src/dynamic_consensus/src/consensus_node.cpp:68:56:[m[K [01;31m[Kerror: [m[Ktemplate argument 5 is invalid
[01m[K/home/fortunato/ros2_ws/src/dynamic_consensus/src/consensus_node.cpp:68:68:[m[K [01;31m[Kerror: [m[Ktemplate argument 1 is invalid
   68 | :vector<rclcpp::Subscription<std_msgs::msg::Float64>::SharedPtr[01;31m[K>[m[K subs_;
      |                                                                [01;31m[K^[m[K

[01m[K/home/fortunato/ros2_ws/src/dynamic_consensus/src/consensus_node.cpp:68:68:[m[K [01;31m[Kerror: [m[Ktemplate argument 2 is invalid
[01m[K/home/fortunato/ros2_ws/src/dynamic_consensus/src/consensus_node.cpp:71:19:[m[K [01;31m[Kerror: [m[K‘[01m[Kstd_msgs[m[K’ was not declared in this scope
   71 | rclcpp::Publisher<[01;31m[Kstd_msgs[m[K::msg::Float64>::SharedPtr state_pub_;
      |                   [01;31m[K^~~~~~~~[m[K
[01m[K/home/fortunato/ros2_ws/src/dynamic_consensus/src/consensus_node.cpp:71:41:[m[K [01;31m[Kerror: [m[Ktemplate argument 1 is invalid
   71 | rclcpp::Publisher<std_msgs::msg::Float64[01;31m[K>[m[K::SharedPtr state_pub_;
      |                                         [01;31m[K^[m[K
[01m[K/home/fortunato/ros2_ws/src/dynamic_consensus/src/consensus_node.cpp:71:54:[m[K [01;31m[Kerror: [m[Kexpected initializer before ‘[01m[Kstate_pub_[m[K’
   71 | rclcpp::Publisher<std_msgs::msg::Float64>::SharedPtr [01;31m[Kstate_pub_[m[K;
      |                                                      [01;31m[K^~~~~~~~~~[m[K
[01m[K/home/fortunato/ros2_ws/src/dynamic_consensus/src/consensus_node.cpp:72:22:[m[K [01;31m[Kerror: [m[K‘[01m[Kstd_msgs[m[K’ was not declared in this scope
   72 | rclcpp::Subscription<[01;31m[Kstd_msgs[m[K::msg::Float64>::SharedPtr input_sub_;
      |                      [01;31m[K^~~~~~~~[m[K
[01m[K/home/fortunato/ros2_ws/src/dynamic_consensus/src/consensus_node.cpp:72:44:[m[K [01;31m[Kerror: [m[Ktemplate argument 1 is invalid
   72 | rclcpp::Subscription<std_msgs::msg::Float64[01;31m[K>[m[K::SharedPtr input_sub_;
      |                                            [01;31m[K^[m[K
[01m[K/home/fortunato/ros2_ws/src/dynamic_consensus/src/consensus_node.cpp:72:44:[m[K [01;31m[Kerror: [m[Ktemplate argument 3 is invalid
[01m[K/home/fortunato/ros2_ws/src/dynamic_consensus/src/consensus_node.cpp:72:44:[m[K [01;31m[Kerror: [m[Ktemplate argument 4 is invalid
[01m[K/home/fortunato/ros2_ws/src/dynamic_consensus/src/consensus_node.cpp:72:44:[m[K [01;31m[Kerror: [m[Ktemplate argument 5 is invalid
[01m[K/home/fortunato/ros2_ws/src/dynamic_consensus/src/consensus_node.cpp:72:57:[m[K [01;31m[Kerror: [m[Kexpected initializer before ‘[01m[Kinput_sub_[m[K’
   72 | rclcpp::Subscription<std_msgs::msg::Float64>::SharedPtr [01;31m[Kinput_sub_[m[K;
      |                                                         [01;31m[K^~~~~~~~~~[m[K
[01m[K/home/fortunato/ros2_ws/src/dynamic_consensus/src/consensus_node.cpp:74:1:[m[K [01;31m[Kerror: [m[Kexpected declaration before ‘[01m[K}[m[K’ token
   74 | [01;31m[K}[m[K;
      | [01;31m[K^[m[K
[01m[K/home/fortunato/ros2_ws/src/dynamic_consensus/src/consensus_node.cpp:[m[K In function ‘[01m[Kint main(int, char**)[m[K’:
[01m[K/home/fortunato/ros2_ws/src/dynamic_consensus/src/consensus_node.cpp:79:30:[m[K [01;31m[Kerror: [m[K‘[01m[KConsensusNode[m[K’ was not declared in this scope
   79 | auto node = std::make_shared<[01;31m[KConsensusNode[m[K>();
      |                              [01;31m[K^~~~~~~~~~~~~[m[K
[01m[K/home/fortunato/ros2_ws/src/dynamic_consensus/src/consensus_node.cpp:79:44:[m[K [01;31m[Kerror: [m[Kno matching function for call to ‘[01m[Kmake_shared<<expression error> >()[m[K’
   79 | auto node = [01;31m[Kstd::make_shared<ConsensusNode>()[m[K;
      |             [01;31m[K~~~~~~~~~~~~~~~~~~~~~~~~~~~~~~~^~[m[K
In file included from [01m[K/usr/include/c++/11/memory:77[m[K,
                 from [01m[K/opt/ros/humble/include/rclcpp/rclcpp/rclcpp.hpp:153[m[K,
                 from [01m[K/home/fortunato/ros2_ws/src/dynamic_consensus/src/consensus_node.cpp:1[m[K:
[01m[K/usr/include/c++/11/bits/shared_ptr.h:875:5:[m[K [01;36m[Knote: [m[Kcandidate: ‘[01m[Ktemplate<class _Tp, class ... _Args> std::shared_ptr<_Tp> std::make_shared(_Args&& ...)[m[K’
  875 |     [01;36m[Kmake_shared[m[K(_Args&&... __args)
      |     [01;36m[K^~~~~~~~~~~[m[K
[01m[K/usr/include/c++/11/bits/shared_ptr.h:875:5:[m[K [01;36m[Knote: [m[K  template argument deduction/substitution failed:
[01m[K/home/fortunato/ros2_ws/src/dynamic_consensus/src/consensus_node.cpp:79:44:[m[K [01;31m[Kerror: [m[Ktemplate argument 1 is invalid
   79 | auto node = [01;31m[Kstd::make_shared<ConsensusNode>()[m[K;
      |             [01;31m[K~~~~~~~~~~~~~~~~~~~~~~~~~~~~~~~^~[m[K
gmake[2]: *** [CMakeFiles/consensus_node.dir/build.make:76: CMakeFiles/consensus_node.dir/src/consensus_node.cpp.o] Errore 1
gmake[1]: *** [CMakeFiles/Makefile2:137: CMakeFiles/consensus_node.dir/all] Errore 2
gmake: *** [Makefile:146: all] Errore 2
