[ 50%] [32mBuilding CXX object CMakeFiles/nodo.dir/src/nodo.cpp.o[0m
[100%] [32m[1mLinking CXX executable nodo[0m
[100%] Built target nodo
-- Install configuration: ""
-- Installing: /home/fortunato/ros2_ws/install/consenso_pkg/lib/consenso_pkg/nodo
-- Set runtime path of "/home/fortunato/ros2_ws/install/consenso_pkg/lib/consenso_pkg/nodo" to ""
-- Up-to-date: /home/fortunato/ros2_ws/install/consenso_pkg/share/consenso_pkg/launch
-- Up-to-date: /home/fortunato/ros2_ws/install/consenso_pkg/share/consenso_pkg/launch/consenso_launch.launch
-- Up-to-date: /home/fortunato/ros2_ws/install/consenso_pkg/share/ament_index/resource_index/package_run_dependencies/consenso_pkg
-- Up-to-date: /home/fortunato/ros2_ws/install/consenso_pkg/share/ament_index/resource_index/parent_prefix_path/consenso_pkg
-- Up-to-date: /home/fortunato/ros2_ws/install/consenso_pkg/share/consenso_pkg/environment/ament_prefix_path.sh
-- Up-to-date: /home/fortunato/ros2_ws/install/consenso_pkg/share/consenso_pkg/environment/ament_prefix_path.dsv
-- Up-to-date: /home/fortunato/ros2_ws/install/consenso_pkg/share/consenso_pkg/environment/path.sh
-- Up-to-date: /home/fortunato/ros2_ws/install/consenso_pkg/share/consenso_pkg/environment/path.dsv
-- Up-to-date: /home/fortunato/ros2_ws/install/consenso_pkg/share/consenso_pkg/local_setup.bash
-- Up-to-date: /home/fortunato/ros2_ws/install/consenso_pkg/share/consenso_pkg/local_setup.sh
-- Up-to-date: /home/fortunato/ros2_ws/install/consenso_pkg/share/consenso_pkg/local_setup.zsh
-- Up-to-date: /home/fortunato/ros2_ws/install/consenso_pkg/share/consenso_pkg/local_setup.dsv
-- Up-to-date: /home/fortunato/ros2_ws/install/consenso_pkg/share/consenso_pkg/package.dsv
-- Up-to-date: /home/fortunato/ros2_ws/install/consenso_pkg/share/ament_index/resource_index/packages/consenso_pkg
-- Up-to-date: /home/fortunato/ros2_ws/install/consenso_pkg/share/consenso_pkg/cmake/consenso_pkgConfig.cmake
-- Up-to-date: /home/fortunato/ros2_ws/install/consenso_pkg/share/consenso_pkg/cmake/consenso_pkgConfig-version.cmake
-- Up-to-date: /home/fortunato/ros2_ws/install/consenso_pkg/share/consenso_pkg/package.xml
