[0.027s] Invoking command in '/home/fortunato/ros2_ws/build/consenso_pkg': /usr/bin/cmake --build /home/fortunato/ros2_ws/build/consenso_pkg -- -j8 -l8
[0.075s] [35m[1mConsolidate compiler generated dependencies of target nodo[0m
[0.097s] [ 50%] [32mBuilding CXX object CMakeFiles/nodo.dir/src/nodo.cpp.o[0m
[3.074s] [01m[K/home/fortunato/ros2_ws/src/consenso/src/nodo.cpp:[m[K In constructor ‘[01m[KNodoConsenso::NodoConsenso()[m[K’:
[3.074s] [01m[K/home/fortunato/ros2_ws/src/consenso/src/nodo.cpp:17:20:[m[K [01;31m[Kerror: [m[Kexpected identifier before numeric constant
[3.074s]    17 |         neighbors=[[01;31m[K0[m[K,0];
[3.074s]       |                    [01;31m[K^[m[K
[3.074s] [01m[K/home/fortunato/ros2_ws/src/consenso/src/nodo.cpp:17:21:[m[K [01;31m[Kerror: [m[Kexpected ‘[01m[K][m[K’ before ‘[01m[K,[m[K’ token
[3.074s]    17 |         neighbors=[0[01;31m[K,[m[K0];
[3.074s]       |                     [01;31m[K^[m[K
[3.074s] [01m[K/home/fortunato/ros2_ws/src/consenso/src/nodo.cpp:[m[K In lambda function:
[3.074s] [01m[K/home/fortunato/ros2_ws/src/consenso/src/nodo.cpp:17:21:[m[K [01;31m[Kerror: [m[Kexpected ‘[01m[K{[m[K’ before ‘[01m[K,[m[K’ token
[3.074s] [01m[K/home/fortunato/ros2_ws/src/consenso/src/nodo.cpp:[m[K In constructor ‘[01m[KNodoConsenso::NodoConsenso()[m[K’:
[3.075s] [01m[K/home/fortunato/ros2_ws/src/consenso/src/nodo.cpp:17:21:[m[K [01;31m[Kerror: [m[Kno match for ‘[01m[Koperator=[m[K’ (operand types are ‘[01m[KEigen::VectorXd[m[K’ {aka ‘[01m[KEigen::Matrix<double, -1, 1>[m[K’} and ‘[01m[KNodoConsenso::NodoConsenso()::<lambda()>[m[K’)
[3.075s] In file included from [01m[K/usr/include/eigen3/Eigen/Core:295[m[K,
[3.075s]                  from [01m[K/usr/include/eigen3/Eigen/Dense:1[m[K,
[3.075s]                  from [01m[K/home/fortunato/ros2_ws/src/consenso/src/nodo.cpp:3[m[K:
[3.075s] [01m[K/usr/include/eigen3/Eigen/src/Core/Matrix.h:223:33:[m[K [01;36m[Knote: [m[Kcandidate: ‘[01m[Ktemplate<class OtherDerived> Eigen::Matrix<_Scalar, _Rows, _Cols, _Options, _MaxRows, _MaxCols>& Eigen::Matrix<_Scalar, _Rows, _Cols, _Options, _MaxRows, _MaxCols>::operator=(const Eigen::DenseBase<OtherDerived>&) [with OtherDerived = OtherDerived; _Scalar = double; int _Rows = -1; int _Cols = 1; int _Options = 0; int _MaxRows = -1; int _MaxCols = 1][m[K’
[3.075s]   223 |     EIGEN_STRONG_INLINE Matrix& [01;36m[Koperator[m[K=(const DenseBase<OtherDerived>& other)
[3.075s]       |                                 [01;36m[K^~~~~~~~[m[K
[3.075s] [01m[K/usr/include/eigen3/Eigen/src/Core/Matrix.h:223:33:[m[K [01;36m[Knote: [m[K  template argument deduction/substitution failed:
[3.075s] [01m[K/home/fortunato/ros2_ws/src/consenso/src/nodo.cpp:17:21:[m[K [01;36m[Knote: [m[K  ‘[01m[KNodoConsenso::NodoConsenso()::<lambda()>[m[K’ is not derived from ‘[01m[Kconst Eigen::DenseBase<Derived>[m[K’
[3.075s]    17 |         neighbors=[0[01;36m[K,[m[K0];
[3.075s]       |                     [01;36m[K^[m[K
[3.075s] In file included from [01m[K/usr/include/eigen3/Eigen/Core:295[m[K,
[3.075s]                  from [01m[K/usr/include/eigen3/Eigen/Dense:1[m[K,
[3.075s]                  from [01m[K/home/fortunato/ros2_ws/src/consenso/src/nodo.cpp:3[m[K:
[3.075s] [01m[K/usr/include/eigen3/Eigen/src/Core/Matrix.h:236:33:[m[K [01;36m[Knote: [m[Kcandidate: ‘[01m[Ktemplate<class OtherDerived> Eigen::Matrix<_Scalar, _Rows, _Cols, _Options, _MaxRows, _MaxCols>& Eigen::Matrix<_Scalar, _Rows, _Cols, _Options, _MaxRows, _MaxCols>::operator=(const Eigen::EigenBase<OtherDerived>&) [with OtherDerived = OtherDerived; _Scalar = double; int _Rows = -1; int _Cols = 1; int _Options = 0; int _MaxRows = -1; int _MaxCols = 1][m[K’
[3.075s]   236 |     EIGEN_STRONG_INLINE Matrix& [01;36m[Koperator[m[K=(const EigenBase<OtherDerived> &other)
[3.076s]       |                                 [01;36m[K^~~~~~~~[m[K
[3.076s] [01m[K/usr/include/eigen3/Eigen/src/Core/Matrix.h:236:33:[m[K [01;36m[Knote: [m[K  template argument deduction/substitution failed:
[3.076s] [01m[K/home/fortunato/ros2_ws/src/consenso/src/nodo.cpp:17:21:[m[K [01;36m[Knote: [m[K  ‘[01m[KNodoConsenso::NodoConsenso()::<lambda()>[m[K’ is not derived from ‘[01m[Kconst Eigen::EigenBase<Derived>[m[K’
[3.076s]    17 |         neighbors=[0[01;36m[K,[m[K0];
[3.076s]       |                     [01;36m[K^[m[K
[3.076s] In file included from [01m[K/usr/include/eigen3/Eigen/Core:295[m[K,
[3.076s]                  from [01m[K/usr/include/eigen3/Eigen/Dense:1[m[K,
[3.076s]                  from [01m[K/home/fortunato/ros2_ws/src/consenso/src/nodo.cpp:3[m[K:
[3.076s] [01m[K/usr/include/eigen3/Eigen/src/Core/Matrix.h:243:33:[m[K [01;36m[Knote: [m[Kcandidate: ‘[01m[Ktemplate<class OtherDerived> Eigen::Matrix<_Scalar, _Rows, _Cols, _Options, _MaxRows, _MaxCols>& Eigen::Matrix<_Scalar, _Rows, _Cols, _Options, _MaxRows, _MaxCols>::operator=(const Eigen::ReturnByValue<OtherDerived>&) [with OtherDerived = OtherDerived; _Scalar = double; int _Rows = -1; int _Cols = 1; int _Options = 0; int _MaxRows = -1; int _MaxCols = 1][m[K’
[3.076s]   243 |     EIGEN_STRONG_INLINE Matrix& [01;36m[Koperator[m[K=(const ReturnByValue<OtherDerived>& func)
[3.076s]       |                                 [01;36m[K^~~~~~~~[m[K
[3.076s] [01m[K/usr/include/eigen3/Eigen/src/Core/Matrix.h:243:33:[m[K [01;36m[Knote: [m[K  template argument deduction/substitution failed:
[3.076s] [01m[K/home/fortunato/ros2_ws/src/consenso/src/nodo.cpp:17:21:[m[K [01;36m[Knote: [m[K  ‘[01m[KNodoConsenso::NodoConsenso()::<lambda()>[m[K’ is not derived from ‘[01m[Kconst Eigen::ReturnByValue<Derived>[m[K’
[3.076s]    17 |         neighbors=[0[01;36m[K,[m[K0];
[3.076s]       |                     [01;36m[K^[m[K
[3.076s] In file included from [01m[K/usr/include/eigen3/Eigen/Core:295[m[K,
[3.076s]                  from [01m[K/usr/include/eigen3/Eigen/Dense:1[m[K,
[3.076s]                  from [01m[K/home/fortunato/ros2_ws/src/consenso/src/nodo.cpp:3[m[K:
[3.076s] [01m[K/usr/include/eigen3/Eigen/src/Core/Matrix.h:438:13:[m[K [01;36m[Knote: [m[Kcandidate: ‘[01m[Ktemplate<class OtherDerived> Eigen::Matrix<_Scalar, _Rows, _Cols, _Options, _MaxRows, _MaxCols>& Eigen::Matrix<_Scalar, _Rows, _Cols, _Options, _MaxRows, _MaxCols>::operator=(const Eigen::RotationBase<OtherDerived, Eigen::Matrix<_Scalar, _Rows, _Cols, _Options, _MaxRows, _MaxCols>::ColsAtCompileTime>&) [with OtherDerived = OtherDerived; _Scalar = double; int _Rows = -1; int _Cols = 1; int _Options = 0; int _MaxRows = -1; int _MaxCols = 1][m[K’
[3.077s]   438 |     Matrix& [01;36m[Koperator[m[K=(const RotationBase<OtherDerived,ColsAtCompileTime>& r);
[3.077s]       |             [01;36m[K^~~~~~~~[m[K
[3.077s] [01m[K/usr/include/eigen3/Eigen/src/Core/Matrix.h:438:13:[m[K [01;36m[Knote: [m[K  template argument deduction/substitution failed:
[3.077s] [01m[K/home/fortunato/ros2_ws/src/consenso/src/nodo.cpp:17:21:[m[K [01;36m[Knote: [m[K  ‘[01m[KNodoConsenso::NodoConsenso()::<lambda()>[m[K’ is not derived from ‘[01m[Kconst Eigen::RotationBase<OtherDerived, 1>[m[K’
[3.077s]    17 |         neighbors=[0[01;36m[K,[m[K0];
[3.077s]       |                     [01;36m[K^[m[K
[3.077s] In file included from [01m[K/usr/include/eigen3/Eigen/Core:295[m[K,
[3.077s]                  from [01m[K/usr/include/eigen3/Eigen/Dense:1[m[K,
[3.077s]                  from [01m[K/home/fortunato/ros2_ws/src/consenso/src/nodo.cpp:3[m[K:
[3.077s] [01m[K/usr/include/eigen3/Eigen/src/Core/Matrix.h:206:33:[m[K [01;36m[Knote: [m[Kcandidate: ‘[01m[KEigen::Matrix<_Scalar, _Rows, _Cols, _Options, _MaxRows, _MaxCols>& Eigen::Matrix<_Scalar, _Rows, _Cols, _Options, _MaxRows, _MaxCols>::operator=(const Eigen::Matrix<_Scalar, _Rows, _Cols, _Options, _MaxRows, _MaxCols>&) [with _Scalar = double; int _Rows = -1; int _Cols = 1; int _Options = 0; int _MaxRows = -1; int _MaxCols = 1][m[K’
[3.078s]   206 |     EIGEN_STRONG_INLINE Matrix& [01;36m[Koperator[m[K=(const Matrix& other)
[3.078s]       |                                 [01;36m[K^~~~~~~~[m[K
[3.078s] [01m[K/usr/include/eigen3/Eigen/src/Core/Matrix.h:206:57:[m[K [01;36m[Knote: [m[K  no known conversion for argument 1 from ‘[01m[KNodoConsenso::NodoConsenso()::<lambda()>[m[K’ to ‘[01m[Kconst Eigen::Matrix<double, -1, 1>&[m[K’
[3.078s]   206 |     EIGEN_STRONG_INLINE Matrix& operator=([01;36m[Kconst Matrix& other[m[K)
[3.078s]       |                                           [01;36m[K~~~~~~~~~~~~~~^~~~~[m[K
[3.078s] [01m[K/usr/include/eigen3/Eigen/src/Core/Matrix.h:279:13:[m[K [01;36m[Knote: [m[Kcandidate: ‘[01m[KEigen::Matrix<_Scalar, _Rows, _Cols, _Options, _MaxRows, _MaxCols>& Eigen::Matrix<_Scalar, _Rows, _Cols, _Options, _MaxRows, _MaxCols>::operator=(Eigen::Matrix<_Scalar, _Rows, _Cols, _Options, _MaxRows, _MaxCols>&&) [with _Scalar = double; int _Rows = -1; int _Cols = 1; int _Options = 0; int _MaxRows = -1; int _MaxCols = 1][m[K’
[3.078s]   279 |     Matrix& [01;36m[Koperator[m[K=(Matrix&& other) EIGEN_NOEXCEPT_IF(std::is_nothrow_move_assignable<Scalar>::value)
[3.078s]       |             [01;36m[K^~~~~~~~[m[K
[3.078s] [01m[K/usr/include/eigen3/Eigen/src/Core/Matrix.h:279:32:[m[K [01;36m[Knote: [m[K  no known conversion for argument 1 from ‘[01m[KNodoConsenso::NodoConsenso()::<lambda()>[m[K’ to ‘[01m[KEigen::Matrix<double, -1, 1>&&[m[K’
[3.078s]   279 |     Matrix& operator=([01;36m[KMatrix&& other[m[K) EIGEN_NOEXCEPT_IF(std::is_nothrow_move_assignable<Scalar>::value)
[3.078s]       |                       [01;36m[K~~~~~~~~~^~~~~[m[K
[3.078s] [01m[K/home/fortunato/ros2_ws/src/consenso/src/nodo.cpp:40:20:[m[K [01;31m[Kerror: [m[Kcapture of non-variable ‘[01m[KNodoConsenso::idl[m[K’
[3.078s]    40 |             [this, [01;31m[Kidl[m[K](const example_interfaces::msg::Float64MultiArray::SharedPtr msg)
[3.078s]       |                    [01;31m[K^~~[m[K
[3.078s] [01m[K/home/fortunato/ros2_ws/src/consenso/src/nodo.cpp:125:9:[m[K [01;36m[Knote: [m[K‘[01m[Kint NodoConsenso::idl[m[K’ declared here
[3.078s]   125 |     int [01;36m[Kidl[m[K,idr;
[3.079s]       |         [01;36m[K^~~[m[K
[3.079s] [01m[K/home/fortunato/ros2_ws/src/consenso/src/nodo.cpp:[m[K In lambda function:
[3.079s] [01m[K/home/fortunato/ros2_ws/src/consenso/src/nodo.cpp:43:40:[m[K [01;31m[Kerror: [m[Kno match for ‘[01m[Koperator=[m[K’ (operand types are ‘[01m[KEigen::MatrixXd[m[K’ {aka ‘[01m[KEigen::Matrix<double, -1, -1>[m[K’} and ‘[01m[Kexample_interfaces::msg::Float64MultiArray_<std::allocator<void> >::_data_type[m[K’ {aka ‘[01m[Kstd::vector<double, std::allocator<double> >[m[K’})
[3.079s]    43 |                     neighbor_Vl = msg->[01;31m[Kdata[m[K;
[3.079s]       |                                        [01;31m[K^~~~[m[K
[3.079s] In file included from [01m[K/usr/include/eigen3/Eigen/Core:295[m[K,
[3.079s]                  from [01m[K/usr/include/eigen3/Eigen/Dense:1[m[K,
[3.079s]                  from [01m[K/home/fortunato/ros2_ws/src/consenso/src/nodo.cpp:3[m[K:
[3.079s] [01m[K/usr/include/eigen3/Eigen/src/Core/Matrix.h:223:33:[m[K [01;36m[Knote: [m[Kcandidate: ‘[01m[Ktemplate<class OtherDerived> Eigen::Matrix<_Scalar, _Rows, _Cols, _Options, _MaxRows, _MaxCols>& Eigen::Matrix<_Scalar, _Rows, _Cols, _Options, _MaxRows, _MaxCols>::operator=(const Eigen::DenseBase<OtherDerived>&) [with OtherDerived = OtherDerived; _Scalar = double; int _Rows = -1; int _Cols = -1; int _Options = 0; int _MaxRows = -1; int _MaxCols = -1][m[K’
[3.079s]   223 |     EIGEN_STRONG_INLINE Matrix& [01;36m[Koperator[m[K=(const DenseBase<OtherDerived>& other)
[3.079s]       |                                 [01;36m[K^~~~~~~~[m[K
[3.079s] [01m[K/usr/include/eigen3/Eigen/src/Core/Matrix.h:223:33:[m[K [01;36m[Knote: [m[K  template argument deduction/substitution failed:
[3.079s] [01m[K/home/fortunato/ros2_ws/src/consenso/src/nodo.cpp:43:40:[m[K [01;36m[Knote: [m[K  ‘[01m[Kexample_interfaces::msg::Float64MultiArray_<std::allocator<void> >::_data_type[m[K’ {aka ‘[01m[Kstd::vector<double, std::allocator<double> >[m[K’} is not derived from ‘[01m[Kconst Eigen::DenseBase<Derived>[m[K’
[3.079s]    43 |                     neighbor_Vl = msg->[01;36m[Kdata[m[K;
[3.079s]       |                                        [01;36m[K^~~~[m[K
[3.079s] In file included from [01m[K/usr/include/eigen3/Eigen/Core:295[m[K,
[3.079s]                  from [01m[K/usr/include/eigen3/Eigen/Dense:1[m[K,
[3.079s]                  from [01m[K/home/fortunato/ros2_ws/src/consenso/src/nodo.cpp:3[m[K:
[3.079s] [01m[K/usr/include/eigen3/Eigen/src/Core/Matrix.h:236:33:[m[K [01;36m[Knote: [m[Kcandidate: ‘[01m[Ktemplate<class OtherDerived> Eigen::Matrix<_Scalar, _Rows, _Cols, _Options, _MaxRows, _MaxCols>& Eigen::Matrix<_Scalar, _Rows, _Cols, _Options, _MaxRows, _MaxCols>::operator=(const Eigen::EigenBase<OtherDerived>&) [with OtherDerived = OtherDerived; _Scalar = double; int _Rows = -1; int _Cols = -1; int _Options = 0; int _MaxRows = -1; int _MaxCols = -1][m[K’
[3.079s]   236 |     EIGEN_STRONG_INLINE Matrix& [01;36m[Koperator[m[K=(const EigenBase<OtherDerived> &other)
[3.080s]       |                                 [01;36m[K^~~~~~~~[m[K
[3.080s] [01m[K/usr/include/eigen3/Eigen/src/Core/Matrix.h:236:33:[m[K [01;36m[Knote: [m[K  template argument deduction/substitution failed:
[3.080s] [01m[K/home/fortunato/ros2_ws/src/consenso/src/nodo.cpp:43:40:[m[K [01;36m[Knote: [m[K  ‘[01m[Kexample_interfaces::msg::Float64MultiArray_<std::allocator<void> >::_data_type[m[K’ {aka ‘[01m[Kstd::vector<double, std::allocator<double> >[m[K’} is not derived from ‘[01m[Kconst Eigen::EigenBase<Derived>[m[K’
[3.080s]    43 |                     neighbor_Vl = msg->[01;36m[Kdata[m[K;
[3.080s]       |                                        [01;36m[K^~~~[m[K
[3.080s] In file included from [01m[K/usr/include/eigen3/Eigen/Core:295[m[K,
[3.080s]                  from [01m[K/usr/include/eigen3/Eigen/Dense:1[m[K,
[3.080s]                  from [01m[K/home/fortunato/ros2_ws/src/consenso/src/nodo.cpp:3[m[K:
[3.080s] [01m[K/usr/include/eigen3/Eigen/src/Core/Matrix.h:243:33:[m[K [01;36m[Knote: [m[Kcandidate: ‘[01m[Ktemplate<class OtherDerived> Eigen::Matrix<_Scalar, _Rows, _Cols, _Options, _MaxRows, _MaxCols>& Eigen::Matrix<_Scalar, _Rows, _Cols, _Options, _MaxRows, _MaxCols>::operator=(const Eigen::ReturnByValue<OtherDerived>&) [with OtherDerived = OtherDerived; _Scalar = double; int _Rows = -1; int _Cols = -1; int _Options = 0; int _MaxRows = -1; int _MaxCols = -1][m[K’
[3.080s]   243 |     EIGEN_STRONG_INLINE Matrix& [01;36m[Koperator[m[K=(const ReturnByValue<OtherDerived>& func)
[3.080s]       |                                 [01;36m[K^~~~~~~~[m[K
[3.080s] [01m[K/usr/include/eigen3/Eigen/src/Core/Matrix.h:243:33:[m[K [01;36m[Knote: [m[K  template argument deduction/substitution failed:
[3.080s] [01m[K/home/fortunato/ros2_ws/src/consenso/src/nodo.cpp:43:40:[m[K [01;36m[Knote: [m[K  ‘[01m[Kexample_interfaces::msg::Float64MultiArray_<std::allocator<void> >::_data_type[m[K’ {aka ‘[01m[Kstd::vector<double, std::allocator<double> >[m[K’} is not derived from ‘[01m[Kconst Eigen::ReturnByValue<Derived>[m[K’
[3.080s]    43 |                     neighbor_Vl = msg->[01;36m[Kdata[m[K;
[3.080s]       |                                        [01;36m[K^~~~[m[K
[3.080s] In file included from [01m[K/usr/include/eigen3/Eigen/Core:295[m[K,
[3.080s]                  from [01m[K/usr/include/eigen3/Eigen/Dense:1[m[K,
[3.081s]                  from [01m[K/home/fortunato/ros2_ws/src/consenso/src/nodo.cpp:3[m[K:
[3.081s] [01m[K/usr/include/eigen3/Eigen/src/Core/Matrix.h:438:13:[m[K [01;36m[Knote: [m[Kcandidate: ‘[01m[Ktemplate<class OtherDerived> Eigen::Matrix<_Scalar, _Rows, _Cols, _Options, _MaxRows, _MaxCols>& Eigen::Matrix<_Scalar, _Rows, _Cols, _Options, _MaxRows, _MaxCols>::operator=(const Eigen::RotationBase<OtherDerived, Eigen::Matrix<_Scalar, _Rows, _Cols, _Options, _MaxRows, _MaxCols>::ColsAtCompileTime>&) [with OtherDerived = OtherDerived; _Scalar = double; int _Rows = -1; int _Cols = -1; int _Options = 0; int _MaxRows = -1; int _MaxCols = -1][m[K’
[3.081s]   438 |     Matrix& [01;36m[Koperator[m[K=(const RotationBase<OtherDerived,ColsAtCompileTime>& r);
[3.081s]       |             [01;36m[K^~~~~~~~[m[K
[3.081s] [01m[K/usr/include/eigen3/Eigen/src/Core/Matrix.h:438:13:[m[K [01;36m[Knote: [m[K  template argument deduction/substitution failed:
[3.081s] [01m[K/home/fortunato/ros2_ws/src/consenso/src/nodo.cpp:43:40:[m[K [01;36m[Knote: [m[K  ‘[01m[Kexample_interfaces::msg::Float64MultiArray_<std::allocator<void> >::_data_type[m[K’ {aka ‘[01m[Kstd::vector<double, std::allocator<double> >[m[K’} is not derived from ‘[01m[Kconst Eigen::RotationBase<OtherDerived, -1>[m[K’
[3.081s]    43 |                     neighbor_Vl = msg->[01;36m[Kdata[m[K;
[3.081s]       |                                        [01;36m[K^~~~[m[K
[3.082s] In file included from [01m[K/usr/include/eigen3/Eigen/Core:295[m[K,
[3.082s]                  from [01m[K/usr/include/eigen3/Eigen/Dense:1[m[K,
[3.082s]                  from [01m[K/home/fortunato/ros2_ws/src/consenso/src/nodo.cpp:3[m[K:
[3.082s] [01m[K/usr/include/eigen3/Eigen/src/Core/Matrix.h:206:33:[m[K [01;36m[Knote: [m[Kcandidate: ‘[01m[KEigen::Matrix<_Scalar, _Rows, _Cols, _Options, _MaxRows, _MaxCols>& Eigen::Matrix<_Scalar, _Rows, _Cols, _Options, _MaxRows, _MaxCols>::operator=(const Eigen::Matrix<_Scalar, _Rows, _Cols, _Options, _MaxRows, _MaxCols>&) [with _Scalar = double; int _Rows = -1; int _Cols = -1; int _Options = 0; int _MaxRows = -1; int _MaxCols = -1][m[K’
[3.082s]   206 |     EIGEN_STRONG_INLINE Matrix& [01;36m[Koperator[m[K=(const Matrix& other)
[3.082s]       |                                 [01;36m[K^~~~~~~~[m[K
[3.082s] [01m[K/usr/include/eigen3/Eigen/src/Core/Matrix.h:206:57:[m[K [01;36m[Knote: [m[K  no known conversion for argument 1 from ‘[01m[Kexample_interfaces::msg::Float64MultiArray_<std::allocator<void> >::_data_type[m[K’ {aka ‘[01m[Kstd::vector<double, std::allocator<double> >[m[K’} to ‘[01m[Kconst Eigen::Matrix<double, -1, -1>&[m[K’
[3.082s]   206 |     EIGEN_STRONG_INLINE Matrix& operator=([01;36m[Kconst Matrix& other[m[K)
[3.082s]       |                                           [01;36m[K~~~~~~~~~~~~~~^~~~~[m[K
[3.083s] [01m[K/usr/include/eigen3/Eigen/src/Core/Matrix.h:279:13:[m[K [01;36m[Knote: [m[Kcandidate: ‘[01m[KEigen::Matrix<_Scalar, _Rows, _Cols, _Options, _MaxRows, _MaxCols>& Eigen::Matrix<_Scalar, _Rows, _Cols, _Options, _MaxRows, _MaxCols>::operator=(Eigen::Matrix<_Scalar, _Rows, _Cols, _Options, _MaxRows, _MaxCols>&&) [with _Scalar = double; int _Rows = -1; int _Cols = -1; int _Options = 0; int _MaxRows = -1; int _MaxCols = -1][m[K’
[3.083s]   279 |     Matrix& [01;36m[Koperator[m[K=(Matrix&& other) EIGEN_NOEXCEPT_IF(std::is_nothrow_move_assignable<Scalar>::value)
[3.083s]       |             [01;36m[K^~~~~~~~[m[K
[3.083s] [01m[K/usr/include/eigen3/Eigen/src/Core/Matrix.h:279:32:[m[K [01;36m[Knote: [m[K  no known conversion for argument 1 from ‘[01m[Kexample_interfaces::msg::Float64MultiArray_<std::allocator<void> >::_data_type[m[K’ {aka ‘[01m[Kstd::vector<double, std::allocator<double> >[m[K’} to ‘[01m[KEigen::Matrix<double, -1, -1>&&[m[K’
[3.083s]   279 |     Matrix& operator=([01;36m[KMatrix&& other[m[K) EIGEN_NOEXCEPT_IF(std::is_nothrow_move_assignable<Scalar>::value)
[3.083s]       |                       [01;36m[K~~~~~~~~~^~~~~[m[K
[3.083s] [01m[K/home/fortunato/ros2_ws/src/consenso/src/nodo.cpp:[m[K In constructor ‘[01m[KNodoConsenso::NodoConsenso()[m[K’:
[3.083s] [01m[K/home/fortunato/ros2_ws/src/consenso/src/nodo.cpp:50:20:[m[K [01;31m[Kerror: [m[Kcapture of non-variable ‘[01m[KNodoConsenso::idl[m[K’
[3.083s]    50 |             [this, [01;31m[Kidl[m[K](const example_interfaces::msg::Float64MultiArray::SharedPtr msg)
[3.083s]       |                    [01;31m[K^~~[m[K
[3.083s] [01m[K/home/fortunato/ros2_ws/src/consenso/src/nodo.cpp:125:9:[m[K [01;36m[Knote: [m[K‘[01m[Kint NodoConsenso::idl[m[K’ declared here
[3.083s]   125 |     int [01;36m[Kidl[m[K,idr;
[3.083s]       |         [01;36m[K^~~[m[K
[3.083s] [01m[K/home/fortunato/ros2_ws/src/consenso/src/nodo.cpp:[m[K In lambda function:
[3.083s] [01m[K/home/fortunato/ros2_ws/src/consenso/src/nodo.cpp:53:40:[m[K [01;31m[Kerror: [m[Kno match for ‘[01m[Koperator=[m[K’ (operand types are ‘[01m[KEigen::MatrixXd[m[K’ {aka ‘[01m[KEigen::Matrix<double, -1, -1>[m[K’} and ‘[01m[Kexample_interfaces::msg::Float64MultiArray_<std::allocator<void> >::_data_type[m[K’ {aka ‘[01m[Kstd::vector<double, std::allocator<double> >[m[K’})
[3.083s]    53 |                     neighbor_vl = msg->[01;31m[Kdata[m[K;
[3.083s]       |                                        [01;31m[K^~~~[m[K
[3.084s] In file included from [01m[K/usr/include/eigen3/Eigen/Core:295[m[K,
[3.084s]                  from [01m[K/usr/include/eigen3/Eigen/Dense:1[m[K,
[3.084s]                  from [01m[K/home/fortunato/ros2_ws/src/consenso/src/nodo.cpp:3[m[K:
[3.084s] [01m[K/usr/include/eigen3/Eigen/src/Core/Matrix.h:223:33:[m[K [01;36m[Knote: [m[Kcandidate: ‘[01m[Ktemplate<class OtherDerived> Eigen::Matrix<_Scalar, _Rows, _Cols, _Options, _MaxRows, _MaxCols>& Eigen::Matrix<_Scalar, _Rows, _Cols, _Options, _MaxRows, _MaxCols>::operator=(const Eigen::DenseBase<OtherDerived>&) [with OtherDerived = OtherDerived; _Scalar = double; int _Rows = -1; int _Cols = -1; int _Options = 0; int _MaxRows = -1; int _MaxCols = -1][m[K’
[3.084s]   223 |     EIGEN_STRONG_INLINE Matrix& [01;36m[Koperator[m[K=(const DenseBase<OtherDerived>& other)
[3.084s]       |                                 [01;36m[K^~~~~~~~[m[K
[3.084s] [01m[K/usr/include/eigen3/Eigen/src/Core/Matrix.h:223:33:[m[K [01;36m[Knote: [m[K  template argument deduction/substitution failed:
[3.084s] [01m[K/home/fortunato/ros2_ws/src/consenso/src/nodo.cpp:53:40:[m[K [01;36m[Knote: [m[K  ‘[01m[Kexample_interfaces::msg::Float64MultiArray_<std::allocator<void> >::_data_type[m[K’ {aka ‘[01m[Kstd::vector<double, std::allocator<double> >[m[K’} is not derived from ‘[01m[Kconst Eigen::DenseBase<Derived>[m[K’
[3.084s]    53 |                     neighbor_vl = msg->[01;36m[Kdata[m[K;
[3.084s]       |                                        [01;36m[K^~~~[m[K
[3.084s] In file included from [01m[K/usr/include/eigen3/Eigen/Core:295[m[K,
[3.084s]                  from [01m[K/usr/include/eigen3/Eigen/Dense:1[m[K,
[3.084s]                  from [01m[K/home/fortunato/ros2_ws/src/consenso/src/nodo.cpp:3[m[K:
[3.084s] [01m[K/usr/include/eigen3/Eigen/src/Core/Matrix.h:236:33:[m[K [01;36m[Knote: [m[Kcandidate: ‘[01m[Ktemplate<class OtherDerived> Eigen::Matrix<_Scalar, _Rows, _Cols, _Options, _MaxRows, _MaxCols>& Eigen::Matrix<_Scalar, _Rows, _Cols, _Options, _MaxRows, _MaxCols>::operator=(const Eigen::EigenBase<OtherDerived>&) [with OtherDerived = OtherDerived; _Scalar = double; int _Rows = -1; int _Cols = -1; int _Options = 0; int _MaxRows = -1; int _MaxCols = -1][m[K’
[3.084s]   236 |     EIGEN_STRONG_INLINE Matrix& [01;36m[Koperator[m[K=(const EigenBase<OtherDerived> &other)
[3.084s]       |                                 [01;36m[K^~~~~~~~[m[K
[3.084s] [01m[K/usr/include/eigen3/Eigen/src/Core/Matrix.h:236:33:[m[K [01;36m[Knote: [m[K  template argument deduction/substitution failed:
[3.084s] [01m[K/home/fortunato/ros2_ws/src/consenso/src/nodo.cpp:53:40:[m[K [01;36m[Knote: [m[K  ‘[01m[Kexample_interfaces::msg::Float64MultiArray_<std::allocator<void> >::_data_type[m[K’ {aka ‘[01m[Kstd::vector<double, std::allocator<double> >[m[K’} is not derived from ‘[01m[Kconst Eigen::EigenBase<Derived>[m[K’
[3.084s]    53 |                     neighbor_vl = msg->[01;36m[Kdata[m[K;
[3.085s]       |                                        [01;36m[K^~~~[m[K
[3.085s] In file included from [01m[K/usr/include/eigen3/Eigen/Core:295[m[K,
[3.085s]                  from [01m[K/usr/include/eigen3/Eigen/Dense:1[m[K,
[3.085s]                  from [01m[K/home/fortunato/ros2_ws/src/consenso/src/nodo.cpp:3[m[K:
[3.085s] [01m[K/usr/include/eigen3/Eigen/src/Core/Matrix.h:243:33:[m[K [01;36m[Knote: [m[Kcandidate: ‘[01m[Ktemplate<class OtherDerived> Eigen::Matrix<_Scalar, _Rows, _Cols, _Options, _MaxRows, _MaxCols>& Eigen::Matrix<_Scalar, _Rows, _Cols, _Options, _MaxRows, _MaxCols>::operator=(const Eigen::ReturnByValue<OtherDerived>&) [with OtherDerived = OtherDerived; _Scalar = double; int _Rows = -1; int _Cols = -1; int _Options = 0; int _MaxRows = -1; int _MaxCols = -1][m[K’
[3.085s]   243 |     EIGEN_STRONG_INLINE Matrix& [01;36m[Koperator[m[K=(const ReturnByValue<OtherDerived>& func)
[3.085s]       |                                 [01;36m[K^~~~~~~~[m[K
[3.085s] [01m[K/usr/include/eigen3/Eigen/src/Core/Matrix.h:243:33:[m[K [01;36m[Knote: [m[K  template argument deduction/substitution failed:
[3.085s] [01m[K/home/fortunato/ros2_ws/src/consenso/src/nodo.cpp:53:40:[m[K [01;36m[Knote: [m[K  ‘[01m[Kexample_interfaces::msg::Float64MultiArray_<std::allocator<void> >::_data_type[m[K’ {aka ‘[01m[Kstd::vector<double, std::allocator<double> >[m[K’} is not derived from ‘[01m[Kconst Eigen::ReturnByValue<Derived>[m[K’
[3.085s]    53 |                     neighbor_vl = msg->[01;36m[Kdata[m[K;
[3.085s]       |                                        [01;36m[K^~~~[m[K
[3.085s] In file included from [01m[K/usr/include/eigen3/Eigen/Core:295[m[K,
[3.085s]                  from [01m[K/usr/include/eigen3/Eigen/Dense:1[m[K,
[3.085s]                  from [01m[K/home/fortunato/ros2_ws/src/consenso/src/nodo.cpp:3[m[K:
[3.085s] [01m[K/usr/include/eigen3/Eigen/src/Core/Matrix.h:438:13:[m[K [01;36m[Knote: [m[Kcandidate: ‘[01m[Ktemplate<class OtherDerived> Eigen::Matrix<_Scalar, _Rows, _Cols, _Options, _MaxRows, _MaxCols>& Eigen::Matrix<_Scalar, _Rows, _Cols, _Options, _MaxRows, _MaxCols>::operator=(const Eigen::RotationBase<OtherDerived, Eigen::Matrix<_Scalar, _Rows, _Cols, _Options, _MaxRows, _MaxCols>::ColsAtCompileTime>&) [with OtherDerived = OtherDerived; _Scalar = double; int _Rows = -1; int _Cols = -1; int _Options = 0; int _MaxRows = -1; int _MaxCols = -1][m[K’
[3.085s]   438 |     Matrix& [01;36m[Koperator[m[K=(const RotationBase<OtherDerived,ColsAtCompileTime>& r);
[3.085s]       |             [01;36m[K^~~~~~~~[m[K
[3.085s] [01m[K/usr/include/eigen3/Eigen/src/Core/Matrix.h:438:13:[m[K [01;36m[Knote: [m[K  template argument deduction/substitution failed:
[3.085s] [01m[K/home/fortunato/ros2_ws/src/consenso/src/nodo.cpp:53:40:[m[K [01;36m[Knote: [m[K  ‘[01m[Kexample_interfaces::msg::Float64MultiArray_<std::allocator<void> >::_data_type[m[K’ {aka ‘[01m[Kstd::vector<double, std::allocator<double> >[m[K’} is not derived from ‘[01m[Kconst Eigen::RotationBase<OtherDerived, -1>[m[K’
[3.085s]    53 |                     neighbor_vl = msg->[01;36m[Kdata[m[K;
[3.085s]       |                                        [01;36m[K^~~~[m[K
[3.086s] In file included from [01m[K/usr/include/eigen3/Eigen/Core:295[m[K,
[3.086s]                  from [01m[K/usr/include/eigen3/Eigen/Dense:1[m[K,
[3.086s]                  from [01m[K/home/fortunato/ros2_ws/src/consenso/src/nodo.cpp:3[m[K:
[3.086s] [01m[K/usr/include/eigen3/Eigen/src/Core/Matrix.h:206:33:[m[K [01;36m[Knote: [m[Kcandidate: ‘[01m[KEigen::Matrix<_Scalar, _Rows, _Cols, _Options, _MaxRows, _MaxCols>& Eigen::Matrix<_Scalar, _Rows, _Cols, _Options, _MaxRows, _MaxCols>::operator=(const Eigen::Matrix<_Scalar, _Rows, _Cols, _Options, _MaxRows, _MaxCols>&) [with _Scalar = double; int _Rows = -1; int _Cols = -1; int _Options = 0; int _MaxRows = -1; int _MaxCols = -1][m[K’
[3.086s]   206 |     EIGEN_STRONG_INLINE Matrix& [01;36m[Koperator[m[K=(const Matrix& other)
[3.086s]       |                                 [01;36m[K^~~~~~~~[m[K
[3.086s] [01m[K/usr/include/eigen3/Eigen/src/Core/Matrix.h:206:57:[m[K [01;36m[Knote: [m[K  no known conversion for argument 1 from ‘[01m[Kexample_interfaces::msg::Float64MultiArray_<std::allocator<void> >::_data_type[m[K’ {aka ‘[01m[Kstd::vector<double, std::allocator<double> >[m[K’} to ‘[01m[Kconst Eigen::Matrix<double, -1, -1>&[m[K’
[3.086s]   206 |     EIGEN_STRONG_INLINE Matrix& operator=([01;36m[Kconst Matrix& other[m[K)
[3.086s]       |                                           [01;36m[K~~~~~~~~~~~~~~^~~~~[m[K
[3.086s] [01m[K/usr/include/eigen3/Eigen/src/Core/Matrix.h:279:13:[m[K [01;36m[Knote: [m[Kcandidate: ‘[01m[KEigen::Matrix<_Scalar, _Rows, _Cols, _Options, _MaxRows, _MaxCols>& Eigen::Matrix<_Scalar, _Rows, _Cols, _Options, _MaxRows, _MaxCols>::operator=(Eigen::Matrix<_Scalar, _Rows, _Cols, _Options, _MaxRows, _MaxCols>&&) [with _Scalar = double; int _Rows = -1; int _Cols = -1; int _Options = 0; int _MaxRows = -1; int _MaxCols = -1][m[K’
[3.086s]   279 |     Matrix& [01;36m[Koperator[m[K=(Matrix&& other) EIGEN_NOEXCEPT_IF(std::is_nothrow_move_assignable<Scalar>::value)
[3.086s]       |             [01;36m[K^~~~~~~~[m[K
[3.086s] [01m[K/usr/include/eigen3/Eigen/src/Core/Matrix.h:279:32:[m[K [01;36m[Knote: [m[K  no known conversion for argument 1 from ‘[01m[Kexample_interfaces::msg::Float64MultiArray_<std::allocator<void> >::_data_type[m[K’ {aka ‘[01m[Kstd::vector<double, std::allocator<double> >[m[K’} to ‘[01m[KEigen::Matrix<double, -1, -1>&&[m[K’
[3.086s]   279 |     Matrix& operator=([01;36m[KMatrix&& other[m[K) EIGEN_NOEXCEPT_IF(std::is_nothrow_move_assignable<Scalar>::value)
[3.086s]       |                       [01;36m[K~~~~~~~~~^~~~~[m[K
[3.086s] [01m[K/home/fortunato/ros2_ws/src/consenso/src/nodo.cpp:[m[K In constructor ‘[01m[KNodoConsenso::NodoConsenso()[m[K’:
[3.086s] [01m[K/home/fortunato/ros2_ws/src/consenso/src/nodo.cpp:59:20:[m[K [01;31m[Kerror: [m[Kcapture of non-variable ‘[01m[KNodoConsenso::idr[m[K’
[3.086s]    59 |             [this, [01;31m[Kidr[m[K](const example_interfaces::msg::Float64MultiArray::SharedPtr msg)
[3.086s]       |                    [01;31m[K^~~[m[K
[3.087s] [01m[K/home/fortunato/ros2_ws/src/consenso/src/nodo.cpp:125:13:[m[K [01;36m[Knote: [m[K‘[01m[Kint NodoConsenso::idr[m[K’ declared here
[3.087s]   125 |     int idl,[01;36m[Kidr[m[K;
[3.087s]       |             [01;36m[K^~~[m[K
[3.087s] [01m[K/home/fortunato/ros2_ws/src/consenso/src/nodo.cpp:[m[K In lambda function:
[3.087s] [01m[K/home/fortunato/ros2_ws/src/consenso/src/nodo.cpp:62:40:[m[K [01;31m[Kerror: [m[Kno match for ‘[01m[Koperator=[m[K’ (operand types are ‘[01m[KEigen::MatrixXd[m[K’ {aka ‘[01m[KEigen::Matrix<double, -1, -1>[m[K’} and ‘[01m[Kexample_interfaces::msg::Float64MultiArray_<std::allocator<void> >::_data_type[m[K’ {aka ‘[01m[Kstd::vector<double, std::allocator<double> >[m[K’})
[3.087s]    62 |                     neighbor_Vr = msg->[01;31m[Kdata[m[K;
[3.087s]       |                                        [01;31m[K^~~~[m[K
[3.087s] In file included from [01m[K/usr/include/eigen3/Eigen/Core:295[m[K,
[3.087s]                  from [01m[K/usr/include/eigen3/Eigen/Dense:1[m[K,
[3.087s]                  from [01m[K/home/fortunato/ros2_ws/src/consenso/src/nodo.cpp:3[m[K:
[3.087s] [01m[K/usr/include/eigen3/Eigen/src/Core/Matrix.h:223:33:[m[K [01;36m[Knote: [m[Kcandidate: ‘[01m[Ktemplate<class OtherDerived> Eigen::Matrix<_Scalar, _Rows, _Cols, _Options, _MaxRows, _MaxCols>& Eigen::Matrix<_Scalar, _Rows, _Cols, _Options, _MaxRows, _MaxCols>::operator=(const Eigen::DenseBase<OtherDerived>&) [with OtherDerived = OtherDerived; _Scalar = double; int _Rows = -1; int _Cols = -1; int _Options = 0; int _MaxRows = -1; int _MaxCols = -1][m[K’
[3.087s]   223 |     EIGEN_STRONG_INLINE Matrix& [01;36m[Koperator[m[K=(const DenseBase<OtherDerived>& other)
[3.087s]       |                                 [01;36m[K^~~~~~~~[m[K
[3.087s] [01m[K/usr/include/eigen3/Eigen/src/Core/Matrix.h:223:33:[m[K [01;36m[Knote: [m[K  template argument deduction/substitution failed:
[3.087s] [01m[K/home/fortunato/ros2_ws/src/consenso/src/nodo.cpp:62:40:[m[K [01;36m[Knote: [m[K  ‘[01m[Kexample_interfaces::msg::Float64MultiArray_<std::allocator<void> >::_data_type[m[K’ {aka ‘[01m[Kstd::vector<double, std::allocator<double> >[m[K’} is not derived from ‘[01m[Kconst Eigen::DenseBase<Derived>[m[K’
[3.087s]    62 |                     neighbor_Vr = msg->[01;36m[Kdata[m[K;
[3.087s]       |                                        [01;36m[K^~~~[m[K
[3.087s] In file included from [01m[K/usr/include/eigen3/Eigen/Core:295[m[K,
[3.087s]                  from [01m[K/usr/include/eigen3/Eigen/Dense:1[m[K,
[3.088s]                  from [01m[K/home/fortunato/ros2_ws/src/consenso/src/nodo.cpp:3[m[K:
[3.088s] [01m[K/usr/include/eigen3/Eigen/src/Core/Matrix.h:236:33:[m[K [01;36m[Knote: [m[Kcandidate: ‘[01m[Ktemplate<class OtherDerived> Eigen::Matrix<_Scalar, _Rows, _Cols, _Options, _MaxRows, _MaxCols>& Eigen::Matrix<_Scalar, _Rows, _Cols, _Options, _MaxRows, _MaxCols>::operator=(const Eigen::EigenBase<OtherDerived>&) [with OtherDerived = OtherDerived; _Scalar = double; int _Rows = -1; int _Cols = -1; int _Options = 0; int _MaxRows = -1; int _MaxCols = -1][m[K’
[3.088s]   236 |     EIGEN_STRONG_INLINE Matrix& [01;36m[Koperator[m[K=(const EigenBase<OtherDerived> &other)
[3.088s]       |                                 [01;36m[K^~~~~~~~[m[K
[3.088s] [01m[K/usr/include/eigen3/Eigen/src/Core/Matrix.h:236:33:[m[K [01;36m[Knote: [m[K  template argument deduction/substitution failed:
[3.088s] [01m[K/home/fortunato/ros2_ws/src/consenso/src/nodo.cpp:62:40:[m[K [01;36m[Knote: [m[K  ‘[01m[Kexample_interfaces::msg::Float64MultiArray_<std::allocator<void> >::_data_type[m[K’ {aka ‘[01m[Kstd::vector<double, std::allocator<double> >[m[K’} is not derived from ‘[01m[Kconst Eigen::EigenBase<Derived>[m[K’
[3.088s]    62 |                     neighbor_Vr = msg->[01;36m[Kdata[m[K;
[3.088s]       |                                        [01;36m[K^~~~[m[K
[3.088s] In file included from [01m[K/usr/include/eigen3/Eigen/Core:295[m[K,
[3.088s]                  from [01m[K/usr/include/eigen3/Eigen/Dense:1[m[K,
[3.088s]                  from [01m[K/home/fortunato/ros2_ws/src/consenso/src/nodo.cpp:3[m[K:
[3.088s] [01m[K/usr/include/eigen3/Eigen/src/Core/Matrix.h:243:33:[m[K [01;36m[Knote: [m[Kcandidate: ‘[01m[Ktemplate<class OtherDerived> Eigen::Matrix<_Scalar, _Rows, _Cols, _Options, _MaxRows, _MaxCols>& Eigen::Matrix<_Scalar, _Rows, _Cols, _Options, _MaxRows, _MaxCols>::operator=(const Eigen::ReturnByValue<OtherDerived>&) [with OtherDerived = OtherDerived; _Scalar = double; int _Rows = -1; int _Cols = -1; int _Options = 0; int _MaxRows = -1; int _MaxCols = -1][m[K’
[3.088s]   243 |     EIGEN_STRONG_INLINE Matrix& [01;36m[Koperator[m[K=(const ReturnByValue<OtherDerived>& func)
[3.088s]       |                                 [01;36m[K^~~~~~~~[m[K
[3.088s] [01m[K/usr/include/eigen3/Eigen/src/Core/Matrix.h:243:33:[m[K [01;36m[Knote: [m[K  template argument deduction/substitution failed:
[3.088s] [01m[K/home/fortunato/ros2_ws/src/consenso/src/nodo.cpp:62:40:[m[K [01;36m[Knote: [m[K  ‘[01m[Kexample_interfaces::msg::Float64MultiArray_<std::allocator<void> >::_data_type[m[K’ {aka ‘[01m[Kstd::vector<double, std::allocator<double> >[m[K’} is not derived from ‘[01m[Kconst Eigen::ReturnByValue<Derived>[m[K’
[3.088s]    62 |                     neighbor_Vr = msg->[01;36m[Kdata[m[K;
[3.088s]       |                                        [01;36m[K^~~~[m[K
[3.088s] In file included from [01m[K/usr/include/eigen3/Eigen/Core:295[m[K,
[3.089s]                  from [01m[K/usr/include/eigen3/Eigen/Dense:1[m[K,
[3.089s]                  from [01m[K/home/fortunato/ros2_ws/src/consenso/src/nodo.cpp:3[m[K:
[3.089s] [01m[K/usr/include/eigen3/Eigen/src/Core/Matrix.h:438:13:[m[K [01;36m[Knote: [m[Kcandidate: ‘[01m[Ktemplate<class OtherDerived> Eigen::Matrix<_Scalar, _Rows, _Cols, _Options, _MaxRows, _MaxCols>& Eigen::Matrix<_Scalar, _Rows, _Cols, _Options, _MaxRows, _MaxCols>::operator=(const Eigen::RotationBase<OtherDerived, Eigen::Matrix<_Scalar, _Rows, _Cols, _Options, _MaxRows, _MaxCols>::ColsAtCompileTime>&) [with OtherDerived = OtherDerived; _Scalar = double; int _Rows = -1; int _Cols = -1; int _Options = 0; int _MaxRows = -1; int _MaxCols = -1][m[K’
[3.089s]   438 |     Matrix& [01;36m[Koperator[m[K=(const RotationBase<OtherDerived,ColsAtCompileTime>& r);
[3.089s]       |             [01;36m[K^~~~~~~~[m[K
[3.089s] [01m[K/usr/include/eigen3/Eigen/src/Core/Matrix.h:438:13:[m[K [01;36m[Knote: [m[K  template argument deduction/substitution failed:
[3.089s] [01m[K/home/fortunato/ros2_ws/src/consenso/src/nodo.cpp:62:40:[m[K [01;36m[Knote: [m[K  ‘[01m[Kexample_interfaces::msg::Float64MultiArray_<std::allocator<void> >::_data_type[m[K’ {aka ‘[01m[Kstd::vector<double, std::allocator<double> >[m[K’} is not derived from ‘[01m[Kconst Eigen::RotationBase<OtherDerived, -1>[m[K’
[3.089s]    62 |                     neighbor_Vr = msg->[01;36m[Kdata[m[K;
[3.089s]       |                                        [01;36m[K^~~~[m[K
[3.089s] In file included from [01m[K/usr/include/eigen3/Eigen/Core:295[m[K,
[3.089s]                  from [01m[K/usr/include/eigen3/Eigen/Dense:1[m[K,
[3.089s]                  from [01m[K/home/fortunato/ros2_ws/src/consenso/src/nodo.cpp:3[m[K:
[3.089s] [01m[K/usr/include/eigen3/Eigen/src/Core/Matrix.h:206:33:[m[K [01;36m[Knote: [m[Kcandidate: ‘[01m[KEigen::Matrix<_Scalar, _Rows, _Cols, _Options, _MaxRows, _MaxCols>& Eigen::Matrix<_Scalar, _Rows, _Cols, _Options, _MaxRows, _MaxCols>::operator=(const Eigen::Matrix<_Scalar, _Rows, _Cols, _Options, _MaxRows, _MaxCols>&) [with _Scalar = double; int _Rows = -1; int _Cols = -1; int _Options = 0; int _MaxRows = -1; int _MaxCols = -1][m[K’
[3.089s]   206 |     EIGEN_STRONG_INLINE Matrix& [01;36m[Koperator[m[K=(const Matrix& other)
[3.089s]       |                                 [01;36m[K^~~~~~~~[m[K
[3.089s] [01m[K/usr/include/eigen3/Eigen/src/Core/Matrix.h:206:57:[m[K [01;36m[Knote: [m[K  no known conversion for argument 1 from ‘[01m[Kexample_interfaces::msg::Float64MultiArray_<std::allocator<void> >::_data_type[m[K’ {aka ‘[01m[Kstd::vector<double, std::allocator<double> >[m[K’} to ‘[01m[Kconst Eigen::Matrix<double, -1, -1>&[m[K’
[3.090s]   206 |     EIGEN_STRONG_INLINE Matrix& operator=([01;36m[Kconst Matrix& other[m[K)
[3.090s]       |                                           [01;36m[K~~~~~~~~~~~~~~^~~~~[m[K
[3.090s] [01m[K/usr/include/eigen3/Eigen/src/Core/Matrix.h:279:13:[m[K [01;36m[Knote: [m[Kcandidate: ‘[01m[KEigen::Matrix<_Scalar, _Rows, _Cols, _Options, _MaxRows, _MaxCols>& Eigen::Matrix<_Scalar, _Rows, _Cols, _Options, _MaxRows, _MaxCols>::operator=(Eigen::Matrix<_Scalar, _Rows, _Cols, _Options, _MaxRows, _MaxCols>&&) [with _Scalar = double; int _Rows = -1; int _Cols = -1; int _Options = 0; int _MaxRows = -1; int _MaxCols = -1][m[K’
[3.090s]   279 |     Matrix& [01;36m[Koperator[m[K=(Matrix&& other) EIGEN_NOEXCEPT_IF(std::is_nothrow_move_assignable<Scalar>::value)
[3.090s]       |             [01;36m[K^~~~~~~~[m[K
[3.090s] [01m[K/usr/include/eigen3/Eigen/src/Core/Matrix.h:279:32:[m[K [01;36m[Knote: [m[K  no known conversion for argument 1 from ‘[01m[Kexample_interfaces::msg::Float64MultiArray_<std::allocator<void> >::_data_type[m[K’ {aka ‘[01m[Kstd::vector<double, std::allocator<double> >[m[K’} to ‘[01m[KEigen::Matrix<double, -1, -1>&&[m[K’
[3.090s]   279 |     Matrix& operator=([01;36m[KMatrix&& other[m[K) EIGEN_NOEXCEPT_IF(std::is_nothrow_move_assignable<Scalar>::value)
[3.090s]       |                       [01;36m[K~~~~~~~~~^~~~~[m[K
[3.090s] [01m[K/home/fortunato/ros2_ws/src/consenso/src/nodo.cpp:[m[K In constructor ‘[01m[KNodoConsenso::NodoConsenso()[m[K’:
[3.090s] [01m[K/home/fortunato/ros2_ws/src/consenso/src/nodo.cpp:69:20:[m[K [01;31m[Kerror: [m[Kcapture of non-variable ‘[01m[KNodoConsenso::idr[m[K’
[3.090s]    69 |             [this, [01;31m[Kidr[m[K](const example_interfaces::msg::Float64MultiArray::SharedPtr msg)
[3.090s]       |                    [01;31m[K^~~[m[K
[3.090s] [01m[K/home/fortunato/ros2_ws/src/consenso/src/nodo.cpp:125:13:[m[K [01;36m[Knote: [m[K‘[01m[Kint NodoConsenso::idr[m[K’ declared here
[3.090s]   125 |     int idl,[01;36m[Kidr[m[K;
[3.090s]       |             [01;36m[K^~~[m[K
[3.090s] [01m[K/home/fortunato/ros2_ws/src/consenso/src/nodo.cpp:[m[K In lambda function:
[3.090s] [01m[K/home/fortunato/ros2_ws/src/consenso/src/nodo.cpp:72:40:[m[K [01;31m[Kerror: [m[Kno match for ‘[01m[Koperator=[m[K’ (operand types are ‘[01m[KEigen::MatrixXd[m[K’ {aka ‘[01m[KEigen::Matrix<double, -1, -1>[m[K’} and ‘[01m[Kexample_interfaces::msg::Float64MultiArray_<std::allocator<void> >::_data_type[m[K’ {aka ‘[01m[Kstd::vector<double, std::allocator<double> >[m[K’})
[3.090s]    72 |                     neighbor_vr = msg->[01;31m[Kdata[m[K;
[3.090s]       |                                        [01;31m[K^~~~[m[K
[3.091s] In file included from [01m[K/usr/include/eigen3/Eigen/Core:295[m[K,
[3.091s]                  from [01m[K/usr/include/eigen3/Eigen/Dense:1[m[K,
[3.091s]                  from [01m[K/home/fortunato/ros2_ws/src/consenso/src/nodo.cpp:3[m[K:
[3.091s] [01m[K/usr/include/eigen3/Eigen/src/Core/Matrix.h:223:33:[m[K [01;36m[Knote: [m[Kcandidate: ‘[01m[Ktemplate<class OtherDerived> Eigen::Matrix<_Scalar, _Rows, _Cols, _Options, _MaxRows, _MaxCols>& Eigen::Matrix<_Scalar, _Rows, _Cols, _Options, _MaxRows, _MaxCols>::operator=(const Eigen::DenseBase<OtherDerived>&) [with OtherDerived = OtherDerived; _Scalar = double; int _Rows = -1; int _Cols = -1; int _Options = 0; int _MaxRows = -1; int _MaxCols = -1][m[K’
[3.091s]   223 |     EIGEN_STRONG_INLINE Matrix& [01;36m[Koperator[m[K=(const DenseBase<OtherDerived>& other)
[3.091s]       |                                 [01;36m[K^~~~~~~~[m[K
[3.091s] [01m[K/usr/include/eigen3/Eigen/src/Core/Matrix.h:223:33:[m[K [01;36m[Knote: [m[K  template argument deduction/substitution failed:
[3.091s] [01m[K/home/fortunato/ros2_ws/src/consenso/src/nodo.cpp:72:40:[m[K [01;36m[Knote: [m[K  ‘[01m[Kexample_interfaces::msg::Float64MultiArray_<std::allocator<void> >::_data_type[m[K’ {aka ‘[01m[Kstd::vector<double, std::allocator<double> >[m[K’} is not derived from ‘[01m[Kconst Eigen::DenseBase<Derived>[m[K’
[3.091s]    72 |                     neighbor_vr = msg->[01;36m[Kdata[m[K;
[3.091s]       |                                        [01;36m[K^~~~[m[K
[3.091s] In file included from [01m[K/usr/include/eigen3/Eigen/Core:295[m[K,
[3.091s]                  from [01m[K/usr/include/eigen3/Eigen/Dense:1[m[K,
[3.091s]                  from [01m[K/home/fortunato/ros2_ws/src/consenso/src/nodo.cpp:3[m[K:
[3.091s] [01m[K/usr/include/eigen3/Eigen/src/Core/Matrix.h:236:33:[m[K [01;36m[Knote: [m[Kcandidate: ‘[01m[Ktemplate<class OtherDerived> Eigen::Matrix<_Scalar, _Rows, _Cols, _Options, _MaxRows, _MaxCols>& Eigen::Matrix<_Scalar, _Rows, _Cols, _Options, _MaxRows, _MaxCols>::operator=(const Eigen::EigenBase<OtherDerived>&) [with OtherDerived = OtherDerived; _Scalar = double; int _Rows = -1; int _Cols = -1; int _Options = 0; int _MaxRows = -1; int _MaxCols = -1][m[K’
[3.091s]   236 |     EIGEN_STRONG_INLINE Matrix& [01;36m[Koperator[m[K=(const EigenBase<OtherDerived> &other)
[3.091s]       |                                 [01;36m[K^~~~~~~~[m[K
[3.091s] [01m[K/usr/include/eigen3/Eigen/src/Core/Matrix.h:236:33:[m[K [01;36m[Knote: [m[K  template argument deduction/substitution failed:
[3.092s] [01m[K/home/fortunato/ros2_ws/src/consenso/src/nodo.cpp:72:40:[m[K [01;36m[Knote: [m[K  ‘[01m[Kexample_interfaces::msg::Float64MultiArray_<std::allocator<void> >::_data_type[m[K’ {aka ‘[01m[Kstd::vector<double, std::allocator<double> >[m[K’} is not derived from ‘[01m[Kconst Eigen::EigenBase<Derived>[m[K’
[3.092s]    72 |                     neighbor_vr = msg->[01;36m[Kdata[m[K;
[3.092s]       |                                        [01;36m[K^~~~[m[K
[3.092s] In file included from [01m[K/usr/include/eigen3/Eigen/Core:295[m[K,
[3.092s]                  from [01m[K/usr/include/eigen3/Eigen/Dense:1[m[K,
[3.092s]                  from [01m[K/home/fortunato/ros2_ws/src/consenso/src/nodo.cpp:3[m[K:
[3.092s] [01m[K/usr/include/eigen3/Eigen/src/Core/Matrix.h:243:33:[m[K [01;36m[Knote: [m[Kcandidate: ‘[01m[Ktemplate<class OtherDerived> Eigen::Matrix<_Scalar, _Rows, _Cols, _Options, _MaxRows, _MaxCols>& Eigen::Matrix<_Scalar, _Rows, _Cols, _Options, _MaxRows, _MaxCols>::operator=(const Eigen::ReturnByValue<OtherDerived>&) [with OtherDerived = OtherDerived; _Scalar = double; int _Rows = -1; int _Cols = -1; int _Options = 0; int _MaxRows = -1; int _MaxCols = -1][m[K’
[3.092s]   243 |     EIGEN_STRONG_INLINE Matrix& [01;36m[Koperator[m[K=(const ReturnByValue<OtherDerived>& func)
[3.092s]       |                                 [01;36m[K^~~~~~~~[m[K
[3.092s] [01m[K/usr/include/eigen3/Eigen/src/Core/Matrix.h:243:33:[m[K [01;36m[Knote: [m[K  template argument deduction/substitution failed:
[3.092s] [01m[K/home/fortunato/ros2_ws/src/consenso/src/nodo.cpp:72:40:[m[K [01;36m[Knote: [m[K  ‘[01m[Kexample_interfaces::msg::Float64MultiArray_<std::allocator<void> >::_data_type[m[K’ {aka ‘[01m[Kstd::vector<double, std::allocator<double> >[m[K’} is not derived from ‘[01m[Kconst Eigen::ReturnByValue<Derived>[m[K’
[3.092s]    72 |                     neighbor_vr = msg->[01;36m[Kdata[m[K;
[3.092s]       |                                        [01;36m[K^~~~[m[K
[3.092s] In file included from [01m[K/usr/include/eigen3/Eigen/Core:295[m[K,
[3.092s]                  from [01m[K/usr/include/eigen3/Eigen/Dense:1[m[K,
[3.092s]                  from [01m[K/home/fortunato/ros2_ws/src/consenso/src/nodo.cpp:3[m[K:
[3.092s] [01m[K/usr/include/eigen3/Eigen/src/Core/Matrix.h:438:13:[m[K [01;36m[Knote: [m[Kcandidate: ‘[01m[Ktemplate<class OtherDerived> Eigen::Matrix<_Scalar, _Rows, _Cols, _Options, _MaxRows, _MaxCols>& Eigen::Matrix<_Scalar, _Rows, _Cols, _Options, _MaxRows, _MaxCols>::operator=(const Eigen::RotationBase<OtherDerived, Eigen::Matrix<_Scalar, _Rows, _Cols, _Options, _MaxRows, _MaxCols>::ColsAtCompileTime>&) [with OtherDerived = OtherDerived; _Scalar = double; int _Rows = -1; int _Cols = -1; int _Options = 0; int _MaxRows = -1; int _MaxCols = -1][m[K’
[3.092s]   438 |     Matrix& [01;36m[Koperator[m[K=(const RotationBase<OtherDerived,ColsAtCompileTime>& r);
[3.092s]       |             [01;36m[K^~~~~~~~[m[K
[3.092s] [01m[K/usr/include/eigen3/Eigen/src/Core/Matrix.h:438:13:[m[K [01;36m[Knote: [m[K  template argument deduction/substitution failed:
[3.093s] [01m[K/home/fortunato/ros2_ws/src/consenso/src/nodo.cpp:72:40:[m[K [01;36m[Knote: [m[K  ‘[01m[Kexample_interfaces::msg::Float64MultiArray_<std::allocator<void> >::_data_type[m[K’ {aka ‘[01m[Kstd::vector<double, std::allocator<double> >[m[K’} is not derived from ‘[01m[Kconst Eigen::RotationBase<OtherDerived, -1>[m[K’
[3.093s]    72 |                     neighbor_vr = msg->[01;36m[Kdata[m[K;
[3.093s]       |                                        [01;36m[K^~~~[m[K
[3.093s] In file included from [01m[K/usr/include/eigen3/Eigen/Core:295[m[K,
[3.093s]                  from [01m[K/usr/include/eigen3/Eigen/Dense:1[m[K,
[3.093s]                  from [01m[K/home/fortunato/ros2_ws/src/consenso/src/nodo.cpp:3[m[K:
[3.093s] [01m[K/usr/include/eigen3/Eigen/src/Core/Matrix.h:206:33:[m[K [01;36m[Knote: [m[Kcandidate: ‘[01m[KEigen::Matrix<_Scalar, _Rows, _Cols, _Options, _MaxRows, _MaxCols>& Eigen::Matrix<_Scalar, _Rows, _Cols, _Options, _MaxRows, _MaxCols>::operator=(const Eigen::Matrix<_Scalar, _Rows, _Cols, _Options, _MaxRows, _MaxCols>&) [with _Scalar = double; int _Rows = -1; int _Cols = -1; int _Options = 0; int _MaxRows = -1; int _MaxCols = -1][m[K’
[3.093s]   206 |     EIGEN_STRONG_INLINE Matrix& [01;36m[Koperator[m[K=(const Matrix& other)
[3.093s]       |                                 [01;36m[K^~~~~~~~[m[K
[3.093s] [01m[K/usr/include/eigen3/Eigen/src/Core/Matrix.h:206:57:[m[K [01;36m[Knote: [m[K  no known conversion for argument 1 from ‘[01m[Kexample_interfaces::msg::Float64MultiArray_<std::allocator<void> >::_data_type[m[K’ {aka ‘[01m[Kstd::vector<double, std::allocator<double> >[m[K’} to ‘[01m[Kconst Eigen::Matrix<double, -1, -1>&[m[K’
[3.093s]   206 |     EIGEN_STRONG_INLINE Matrix& operator=([01;36m[Kconst Matrix& other[m[K)
[3.093s]       |                                           [01;36m[K~~~~~~~~~~~~~~^~~~~[m[K
[3.093s] [01m[K/usr/include/eigen3/Eigen/src/Core/Matrix.h:279:13:[m[K [01;36m[Knote: [m[Kcandidate: ‘[01m[KEigen::Matrix<_Scalar, _Rows, _Cols, _Options, _MaxRows, _MaxCols>& Eigen::Matrix<_Scalar, _Rows, _Cols, _Options, _MaxRows, _MaxCols>::operator=(Eigen::Matrix<_Scalar, _Rows, _Cols, _Options, _MaxRows, _MaxCols>&&) [with _Scalar = double; int _Rows = -1; int _Cols = -1; int _Options = 0; int _MaxRows = -1; int _MaxCols = -1][m[K’
[3.093s]   279 |     Matrix& [01;36m[Koperator[m[K=(Matrix&& other) EIGEN_NOEXCEPT_IF(std::is_nothrow_move_assignable<Scalar>::value)
[3.093s]       |             [01;36m[K^~~~~~~~[m[K
[3.093s] [01m[K/usr/include/eigen3/Eigen/src/Core/Matrix.h:279:32:[m[K [01;36m[Knote: [m[K  no known conversion for argument 1 from ‘[01m[Kexample_interfaces::msg::Float64MultiArray_<std::allocator<void> >::_data_type[m[K’ {aka ‘[01m[Kstd::vector<double, std::allocator<double> >[m[K’} to ‘[01m[KEigen::Matrix<double, -1, -1>&&[m[K’
[3.093s]   279 |     Matrix& operator=([01;36m[KMatrix&& other[m[K) EIGEN_NOEXCEPT_IF(std::is_nothrow_move_assignable<Scalar>::value)
[3.093s]       |                       [01;36m[K~~~~~~~~~^~~~~[m[K
[3.093s] [01m[K/home/fortunato/ros2_ws/src/consenso/src/nodo.cpp:[m[K In constructor ‘[01m[KNodoConsenso::NodoConsenso()[m[K’:
[3.094s] [01m[K/home/fortunato/ros2_ws/src/consenso/src/nodo.cpp:77:16:[m[K [01;31m[Kerror: [m[K‘[01m[Kusing SharedPtr = class std::shared_ptr<rclcpp::Subscription<example_interfaces::msg::Float64MultiArray_<std::allocator<void> > > >[m[K’ {aka ‘[01m[Kclass std::shared_ptr<rclcpp::Subscription<example_interfaces::msg::Float64MultiArray_<std::allocator<void> > > >[m[K’} has no member named ‘[01m[Kpush_back[m[K’
[3.094s]    77 |         V_subs.[01;31m[Kpush_back[m[K(V_subl);
[3.094s]       |                [01;31m[K^~~~~~~~~[m[K
[3.094s] [01m[K/home/fortunato/ros2_ws/src/consenso/src/nodo.cpp:78:16:[m[K [01;31m[Kerror: [m[K‘[01m[Kusing SharedPtr = class std::shared_ptr<rclcpp::Subscription<example_interfaces::msg::Float64MultiArray_<std::allocator<void> > > >[m[K’ {aka ‘[01m[Kclass std::shared_ptr<rclcpp::Subscription<example_interfaces::msg::Float64MultiArray_<std::allocator<void> > > >[m[K’} has no member named ‘[01m[Kpush_back[m[K’
[3.094s]    78 |         v_subs.[01;31m[Kpush_back[m[K(v_subl);
[3.094s]       |                [01;31m[K^~~~~~~~~[m[K
[3.094s] [01m[K/home/fortunato/ros2_ws/src/consenso/src/nodo.cpp:79:16:[m[K [01;31m[Kerror: [m[K‘[01m[Kusing SharedPtr = class std::shared_ptr<rclcpp::Subscription<example_interfaces::msg::Float64MultiArray_<std::allocator<void> > > >[m[K’ {aka ‘[01m[Kclass std::shared_ptr<rclcpp::Subscription<example_interfaces::msg::Float64MultiArray_<std::allocator<void> > > >[m[K’} has no member named ‘[01m[Kpush_back[m[K’
[3.094s]    79 |         V_subs.[01;31m[Kpush_back[m[K(V_subr);
[3.094s]       |                [01;31m[K^~~~~~~~~[m[K
[3.094s] [01m[K/home/fortunato/ros2_ws/src/consenso/src/nodo.cpp:80:16:[m[K [01;31m[Kerror: [m[K‘[01m[Kusing SharedPtr = class std::shared_ptr<rclcpp::Subscription<example_interfaces::msg::Float64MultiArray_<std::allocator<void> > > >[m[K’ {aka ‘[01m[Kclass std::shared_ptr<rclcpp::Subscription<example_interfaces::msg::Float64MultiArray_<std::allocator<void> > > >[m[K’} has no member named ‘[01m[Kpush_back[m[K’
[3.094s]    80 |         v_subs.[01;31m[Kpush_back[m[K(v_subr);
[3.094s]       |                [01;31m[K^~~~~~~~~[m[K
[3.094s] [01m[K/home/fortunato/ros2_ws/src/consenso/src/nodo.cpp:90:9:[m[K [01;31m[Kerror: [m[K‘[01m[Kinput_sub[m[K’ was not declared in this scope
[3.094s]    90 |         [01;31m[Kinput_sub[m[K = this->create_subscription<example_interfaces::msg::Float64MultiArray>(
[3.094s]       |         [01;31m[K^~~~~~~~~[m[K
[3.094s] [01m[K/home/fortunato/ros2_ws/src/consenso/src/nodo.cpp:91:39:[m[K [01;31m[Kerror: [m[K‘[01m[Kid[m[K’ was not declared in this scope; did you mean ‘[01m[Kid_[m[K’?
[3.095s]    91 |             "/node_" + std::to_string([01;31m[Kid[m[K) + "/input",
[3.095s]       |                                       [01;31m[K^~[m[K
[3.095s]       |                                       [32m[Kid_[m[K
[3.225s] [01m[K/home/fortunato/ros2_ws/src/consenso/src/nodo.cpp:[m[K In member function ‘[01m[Kvoid NodoConsenso::icf12()[m[K’:
[3.225s] [01m[K/home/fortunato/ros2_ws/src/consenso/src/nodo.cpp:173:78:[m[K [01;31m[Kerror: [m[K‘[01m[Kz[m[K’ was not declared in this scope
[3.225s]   173 | v_ = (1 / N) * J_priori * x_priori + H_.transpose() * R_.inverse() * [01;31m[Kz[m[K;
[3.225s]       |                                                                      [01;31m[K^[m[K
[3.225s] 
[7.609s] gmake[2]: *** [CMakeFiles/nodo.dir/build.make:76: CMakeFiles/nodo.dir/src/nodo.cpp.o] Errore 1
[7.609s] gmake[1]: *** [CMakeFiles/Makefile2:137: CMakeFiles/nodo.dir/all] Errore 2
[7.609s] gmake: *** [Makefile:146: all] Errore 2
[7.612s] Invoked command in '/home/fortunato/ros2_ws/build/consenso_pkg' returned '2': /usr/bin/cmake --build /home/fortunato/ros2_ws/build/consenso_pkg -- -j8 -l8
