[0.020s] Invoking command in '/home/fortunato/ros2_ws/build/dynamic_consensus': CMAKE_PREFIX_PATH=${CMAKE_PREFIX_PATH}:/opt/ros/humble /usr/bin/cmake --build /home/fortunato/ros2_ws/build/dynamic_consensus -- -j8 -l8
[0.041s] -- Found ament_cmake: 1.3.12 (/opt/ros/humble/share/ament_cmake/cmake)
[0.157s] -- Found rclcpp: 16.0.15 (/opt/ros/humble/share/rclcpp/cmake)
[0.184s] -- Found rosidl_generator_c: 3.1.7 (/opt/ros/humble/share/rosidl_generator_c/cmake)
[0.186s] -- Found rosidl_adapter: 3.1.7 (/opt/ros/humble/share/rosidl_adapter/cmake)
[0.191s] -- Found rosidl_generator_cpp: 3.1.7 (/opt/ros/humble/share/rosidl_generator_cpp/cmake)
[0.200s] -- Using all available rosidl_typesupport_c: rosidl_typesupport_fastrtps_c;rosidl_typesupport_introspection_c
[0.212s] -- Using all available rosidl_typesupport_cpp: rosidl_typesupport_fastrtps_cpp;rosidl_typesupport_introspection_cpp
[0.244s] -- Found rmw_implementation_cmake: 6.1.2 (/opt/ros/humble/share/rmw_implementation_cmake/cmake)
[0.245s] -- Found rmw_fastrtps_cpp: 6.2.9 (/opt/ros/humble/share/rmw_fastrtps_cpp/cmake)
[0.338s] -- Using RMW implementation 'rmw_fastrtps_cpp' as default
[0.444s] -- Configuring done
[0.461s] -- Generating done
[0.467s] -- Build files have been written to: /home/fortunato/ros2_ws/build/dynamic_consensus
[0.490s] [35m[1mConsolidate compiler generated dependencies of target consensus_node[0m
[0.491s] [35m[1mConsolidate compiler generated dependencies of target signal_generator_node[0m
[0.491s] [35m[1mConsolidate compiler generated dependencies of target average_calc_node[0m
[0.507s] [ 50%] [32mBuilding CXX object CMakeFiles/consensus_node.dir/src/consensus_node.cpp.o[0m
[0.507s] [ 50%] [32mBuilding CXX object CMakeFiles/signal_generator_node.dir/src/signal_generator_node.cpp.o[0m
[0.507s] [ 50%] [32mBuilding CXX object CMakeFiles/average_calc_node.dir/src/average_calc_node.cpp.o[0m
[5.312s] [ 66%] [32m[1mLinking CXX executable signal_generator_node[0m
[5.590s] [ 66%] Built target signal_generator_node
[10.688s] [ 83%] [32m[1mLinking CXX executable average_calc_node[0m
[12.102s] [100%] [32m[1mLinking CXX executable consensus_node[0m
[12.521s] [100%] Built target average_calc_node
[12.679s] [100%] Built target consensus_node
[12.692s] Invoked command in '/home/fortunato/ros2_ws/build/dynamic_consensus' returned '0': CMAKE_PREFIX_PATH=${CMAKE_PREFIX_PATH}:/opt/ros/humble /usr/bin/cmake --build /home/fortunato/ros2_ws/build/dynamic_consensus -- -j8 -l8
[12.703s] Invoking command in '/home/fortunato/ros2_ws/build/dynamic_consensus': CMAKE_PREFIX_PATH=${CMAKE_PREFIX_PATH}:/opt/ros/humble /usr/bin/cmake --install /home/fortunato/ros2_ws/build/dynamic_consensus
[12.710s] -- Install configuration: ""
[12.711s] -- Installing: /home/fortunato/ros2_ws/install/dynamic_consensus/lib/dynamic_consensus/consensus_node
[12.714s] -- Set runtime path of "/home/fortunato/ros2_ws/install/dynamic_consensus/lib/dynamic_consensus/consensus_node" to ""
[12.715s] -- Installing: /home/fortunato/ros2_ws/install/dynamic_consensus/lib/dynamic_consensus/signal_generator_node
[12.716s] -- Set runtime path of "/home/fortunato/ros2_ws/install/dynamic_consensus/lib/dynamic_consensus/signal_generator_node" to ""
[12.717s] -- Installing: /home/fortunato/ros2_ws/install/dynamic_consensus/lib/dynamic_consensus/average_calc_node
[12.720s] -- Set runtime path of "/home/fortunato/ros2_ws/install/dynamic_consensus/lib/dynamic_consensus/average_calc_node" to ""
[12.720s] -- Up-to-date: /home/fortunato/ros2_ws/install/dynamic_consensus/share/dynamic_consensus/launch
[12.720s] -- Installing: /home/fortunato/ros2_ws/install/dynamic_consensus/share/dynamic_consensus/launch/consensus_system_launch.launch
[12.720s] [31mCMake Error at cmake_install.cmake:110 (file):
[12.720s]   file INSTALL cannot find
[12.720s]   "/home/fortunato/ros2_ws/src/dynamic_consensus/config": No such file or
[12.721s]   directory.
[12.721s] 
[12.721s] [0m
[12.722s] Invoked command in '/home/fortunato/ros2_ws/build/dynamic_consensus' returned '1': CMAKE_PREFIX_PATH=${CMAKE_PREFIX_PATH}:/opt/ros/humble /usr/bin/cmake --install /home/fortunato/ros2_ws/build/dynamic_consensus
