[0.013s] Invoking command in '/home/fortunato/ros2_ws/build/consenso_pkg': /usr/bin/cmake /home/fortunato/ros2_ws/src/consenso -DCMAKE_INSTALL_PREFIX=/home/fortunato/ros2_ws/install/consenso_pkg
[0.035s] -- Found ament_cmake: 1.3.12 (/opt/ros/humble/share/ament_cmake/cmake)
[0.198s] -- Found rclcpp: 16.0.16 (/opt/ros/humble/share/rclcpp/cmake)
[0.249s] -- Found rosidl_generator_c: 3.1.7 (/opt/ros/humble/share/rosidl_generator_c/cmake)
[0.253s] -- Found rosidl_adapter: 3.1.7 (/opt/ros/humble/share/rosidl_adapter/cmake)
[0.265s] -- Found rosidl_generator_cpp: 3.1.7 (/opt/ros/humble/share/rosidl_generator_cpp/cmake)
[0.283s] -- Using all available rosidl_typesupport_c: rosidl_typesupport_fastrtps_c;rosidl_typesupport_introspection_c
[0.302s] -- Using all available rosidl_typesupport_cpp: rosidl_typesupport_fastrtps_cpp;rosidl_typesupport_introspection_cpp
[0.358s] -- Found rmw_implementation_cmake: 6.1.2 (/opt/ros/humble/share/rmw_implementation_cmake/cmake)
[0.362s] -- Found rmw_fastrtps_cpp: 6.2.9 (/opt/ros/humble/share/rmw_fastrtps_cpp/cmake)
[0.479s] -- Using RMW implementation 'rmw_fastrtps_cpp' as default
[0.559s] -- Found example_interfaces: 0.9.3 (/opt/ros/humble/share/example_interfaces/cmake)
[0.667s] Error parsing '/home/fortunato/ros2_ws/src/consenso/package.xml':
[0.717s] Traceback (most recent call last):
[0.717s]   File "/opt/ros/humble/share/ament_cmake_core/cmake/core/package_xml_2_cmake.py", line 150, in <module>
[0.717s]     main()
[0.717s]   File "/opt/ros/humble/share/ament_cmake_core/cmake/core/package_xml_2_cmake.py", line 53, in main
[0.717s]     raise e
[0.717s]   File "/opt/ros/humble/share/ament_cmake_core/cmake/core/package_xml_2_cmake.py", line 49, in main
[0.717s]     package = parse_package_string(
[0.717s]   File "/usr/lib/python3/dist-packages/catkin_pkg/package.py", line 786, in parse_package_string
[0.717s]     raise InvalidPackage('Error(s):%s' % (''.join(['\n- %s' % e for e in errors])), filename)
[0.717s] catkin_pkg.package.InvalidPackage: Error(s) in package '/home/fortunato/ros2_ws/src/consenso/package.xml':
[0.717s] Error(s):
[0.718s] - The generic dependency on 'rclcpp' is redundant with: build_depend, build_export_depend, exec_depend
[0.731s] [31mCMake Error at /opt/ros/humble/share/ament_cmake_core/cmake/core/ament_package_xml.cmake:95 (message):
[0.731s]   execute_process(/usr/bin/python3
[0.731s]   /opt/ros/humble/share/ament_cmake_core/cmake/core/package_xml_2_cmake.py
[0.731s]   /home/fortunato/ros2_ws/src/consenso/package.xml
[0.731s]   /home/fortunato/ros2_ws/build/consenso_pkg/ament_cmake_core/package.cmake)
[0.731s]   returned error code 1
[0.731s] Call Stack (most recent call first):
[0.732s]   /opt/ros/humble/share/ament_cmake_core/cmake/core/ament_package_xml.cmake:49 (_ament_package_xml)
[0.732s]   /opt/ros/humble/share/ament_cmake_core/cmake/core/ament_package.cmake:63 (ament_package_xml)
[0.732s]   CMakeLists.txt:18 (ament_package)
[0.732s] 
[0.732s] [0m
[0.732s] -- Configuring incomplete, errors occurred!
[0.732s] See also "/home/fortunato/ros2_ws/build/consenso_pkg/CMakeFiles/CMakeOutput.log".
[0.739s] Invoked command in '/home/fortunato/ros2_ws/build/consenso_pkg' returned '1': /usr/bin/cmake /home/fortunato/ros2_ws/src/consenso -DCMAKE_INSTALL_PREFIX=/home/fortunato/ros2_ws/install/consenso_pkg
