[0.019s] Invoking command in '/home/fortunato/ros2_ws/build/dynamic_consensus': CMAKE_PREFIX_PATH=${CMAKE_PREFIX_PATH}:/opt/ros/humble /usr/bin/cmake --build /home/fortunato/ros2_ws/build/dynamic_consensus -- -j8 -l8
[0.058s] [35m[1mConsolidate compiler generated dependencies of target consensus_node[0m
[0.071s] [ 50%] Built target signal_generator_node
[0.074s] [ 75%] [32mBuilding CXX object CMakeFiles/consensus_node.dir/src/consensus_node.cpp.o[0m
[8.652s] [100%] [32m[1mLinking CXX executable consensus_node[0m
[9.104s] [100%] Built target consensus_node
[9.114s] Invoked command in '/home/fortunato/ros2_ws/build/dynamic_consensus' returned '0': CMAKE_PREFIX_PATH=${CMAKE_PREFIX_PATH}:/opt/ros/humble /usr/bin/cmake --build /home/fortunato/ros2_ws/build/dynamic_consensus -- -j8 -l8
[9.124s] Invoking command in '/home/fortunato/ros2_ws/build/dynamic_consensus': CMAKE_PREFIX_PATH=${CMAKE_PREFIX_PATH}:/opt/ros/humble /usr/bin/cmake --install /home/fortunato/ros2_ws/build/dynamic_consensus
[9.131s] -- Install configuration: ""
[9.132s] -- Installing: /home/fortunato/ros2_ws/install/dynamic_consensus/lib/dynamic_consensus/consensus_node
[9.136s] -- Set runtime path of "/home/fortunato/ros2_ws/install/dynamic_consensus/lib/dynamic_consensus/consensus_node" to ""
[9.136s] -- Up-to-date: /home/fortunato/ros2_ws/install/dynamic_consensus/lib/dynamic_consensus/signal_generator_node
[9.137s] -- Up-to-date: /home/fortunato/ros2_ws/install/dynamic_consensus/share/dynamic_consensus/launch
[9.137s] -- Up-to-date: /home/fortunato/ros2_ws/install/dynamic_consensus/share/dynamic_consensus/launch/consensus_system_launch.launch
[9.137s] -- Up-to-date: /home/fortunato/ros2_ws/install/dynamic_consensus/share/dynamic_consensus/launch/consensus_launch.launch
[9.137s] -- Up-to-date: /home/fortunato/ros2_ws/install/dynamic_consensus/share/ament_index/resource_index/package_run_dependencies/dynamic_consensus
[9.137s] -- Up-to-date: /home/fortunato/ros2_ws/install/dynamic_consensus/share/ament_index/resource_index/parent_prefix_path/dynamic_consensus
[9.137s] -- Up-to-date: /home/fortunato/ros2_ws/install/dynamic_consensus/share/dynamic_consensus/environment/ament_prefix_path.sh
[9.137s] -- Up-to-date: /home/fortunato/ros2_ws/install/dynamic_consensus/share/dynamic_consensus/environment/ament_prefix_path.dsv
[9.137s] -- Up-to-date: /home/fortunato/ros2_ws/install/dynamic_consensus/share/dynamic_consensus/environment/path.sh
[9.137s] -- Up-to-date: /home/fortunato/ros2_ws/install/dynamic_consensus/share/dynamic_consensus/environment/path.dsv
[9.137s] -- Up-to-date: /home/fortunato/ros2_ws/install/dynamic_consensus/share/dynamic_consensus/local_setup.bash
[9.138s] -- Up-to-date: /home/fortunato/ros2_ws/install/dynamic_consensus/share/dynamic_consensus/local_setup.sh
[9.138s] -- Up-to-date: /home/fortunato/ros2_ws/install/dynamic_consensus/share/dynamic_consensus/local_setup.zsh
[9.138s] -- Up-to-date: /home/fortunato/ros2_ws/install/dynamic_consensus/share/dynamic_consensus/local_setup.dsv
[9.138s] -- Installing: /home/fortunato/ros2_ws/install/dynamic_consensus/share/dynamic_consensus/package.dsv
[9.138s] -- Up-to-date: /home/fortunato/ros2_ws/install/dynamic_consensus/share/ament_index/resource_index/packages/dynamic_consensus
[9.138s] -- Up-to-date: /home/fortunato/ros2_ws/install/dynamic_consensus/share/dynamic_consensus/cmake/dynamic_consensusConfig.cmake
[9.138s] -- Up-to-date: /home/fortunato/ros2_ws/install/dynamic_consensus/share/dynamic_consensus/cmake/dynamic_consensusConfig-version.cmake
[9.138s] -- Up-to-date: /home/fortunato/ros2_ws/install/dynamic_consensus/share/dynamic_consensus/package.xml
[9.140s] Invoked command in '/home/fortunato/ros2_ws/build/dynamic_consensus' returned '0': CMAKE_PREFIX_PATH=${CMAKE_PREFIX_PATH}:/opt/ros/humble /usr/bin/cmake --install /home/fortunato/ros2_ws/build/dynamic_consensus
