[35m[1mConsolidate compiler generated dependencies of target nodo[0m
[ 20%] Built target signal_generator_node
[ 60%] Built target consensus_node
[ 60%] Built target traj_generator
[ 80%] Built target average_calc_node
[ 90%] [32mBuilding CXX object CMakeFiles/nodo.dir/src/nodo.cpp.o[0m
[01m[K/home/fortunato/ros2_ws/src/dynamic_consensus/src/nodo.cpp:[m[K In lambda function:
[01m[K/home/fortunato/ros2_ws/src/dynamic_consensus/src/nodo.cpp:108:22:[m[K [01;31m[Kerror: [m[K‘[01m[Kx_priori_initialized_[m[K’ is not captured
  108 |                 if (![01;31m[Kx_priori_initialized_[m[K)
      |                      [01;31m[K^~~~~~~~~~~~~~~~~~~~~[m[K
[01m[K/home/fortunato/ros2_ws/src/dynamic_consensus/src/nodo.cpp:104:18:[m[K [01;36m[Knote: [m[Kthe lambda has no capture-default
  104 |             [this[01;36m[K][m[K(const example_interfaces::msg::Float64MultiArray::SharedPtr msg)
      |                  [01;36m[K^[m[K
[01m[K/home/fortunato/ros2_ws/src/dynamic_consensus/src/nodo.cpp:98:14:[m[K [01;36m[Knote: [m[K‘[01m[Kbool x_priori_initialized_[m[K’ declared here
   98 |         bool [01;36m[Kx_priori_initialized_[m[K = false; // nel private
      |              [01;36m[K^~~~~~~~~~~~~~~~~~~~~[m[K
[01m[K/home/fortunato/ros2_ws/src/dynamic_consensus/src/nodo.cpp:111:21:[m[K [01;31m[Kerror: [m[K‘[01m[Kx_priori_initialized_[m[K’ is not captured
  111 |                     [01;31m[Kx_priori_initialized_[m[K = true;
      |                     [01;31m[K^~~~~~~~~~~~~~~~~~~~~[m[K
[01m[K/home/fortunato/ros2_ws/src/dynamic_consensus/src/nodo.cpp:104:18:[m[K [01;36m[Knote: [m[Kthe lambda has no capture-default
  104 |             [this[01;36m[K][m[K(const example_interfaces::msg::Float64MultiArray::SharedPtr msg)
      |                  [01;36m[K^[m[K
[01m[K/home/fortunato/ros2_ws/src/dynamic_consensus/src/nodo.cpp:98:14:[m[K [01;36m[Knote: [m[K‘[01m[Kbool x_priori_initialized_[m[K’ declared here
   98 |         bool [01;36m[Kx_priori_initialized_[m[K = false; // nel private
      |              [01;36m[K^~~~~~~~~~~~~~~~~~~~~[m[K
gmake[2]: *** [CMakeFiles/nodo.dir/build.make:76: CMakeFiles/nodo.dir/src/nodo.cpp.o] Errore 1
gmake[1]: *** [CMakeFiles/Makefile2:223: CMakeFiles/nodo.dir/all] Errore 2
gmake: *** [Makefile:146: all] Errore 2
