[0.021s] Invoking command in '/home/fortunato/ros2_ws/build/consenso_pkg': /usr/bin/cmake /home/fortunato/ros2_ws/src/consenso -DCATKIN_INSTALL_INTO_PREFIX_ROOT=0 -DCMAKE_INSTALL_PREFIX=/home/fortunato/ros2_ws/install/consenso_pkg
[0.033s] -- Found ament_cmake: 1.3.12 (/opt/ros/humble/share/ament_cmake/cmake)
[0.172s] -- Found rclcpp: 16.0.16 (/opt/ros/humble/share/rclcpp/cmake)
[0.198s] -- Found rosidl_generator_c: 3.1.7 (/opt/ros/humble/share/rosidl_generator_c/cmake)
[0.201s] -- Found rosidl_adapter: 3.1.7 (/opt/ros/humble/share/rosidl_adapter/cmake)
[0.206s] -- Found rosidl_generator_cpp: 3.1.7 (/opt/ros/humble/share/rosidl_generator_cpp/cmake)
[0.215s] -- Using all available rosidl_typesupport_c: rosidl_typesupport_fastrtps_c;rosidl_typesupport_introspection_c
[0.227s] -- Using all available rosidl_typesupport_cpp: rosidl_typesupport_fastrtps_cpp;rosidl_typesupport_introspection_cpp
[0.257s] -- Found rmw_implementation_cmake: 6.1.2 (/opt/ros/humble/share/rmw_implementation_cmake/cmake)
[0.258s] -- Found rmw_fastrtps_cpp: 6.2.9 (/opt/ros/humble/share/rmw_fastrtps_cpp/cmake)
[0.351s] -- Using RMW implementation 'rmw_fastrtps_cpp' as default
[0.396s] -- Found example_interfaces: 0.9.3 (/opt/ros/humble/share/example_interfaces/cmake)
[0.489s] -- Configuring done
[0.498s] -- Generating done
[0.501s] -- Build files have been written to: /home/fortunato/ros2_ws/build/consenso_pkg
[0.508s] Invoked command in '/home/fortunato/ros2_ws/build/consenso_pkg' returned '0': /usr/bin/cmake /home/fortunato/ros2_ws/src/consenso -DCATKIN_INSTALL_INTO_PREFIX_ROOT=0 -DCMAKE_INSTALL_PREFIX=/home/fortunato/ros2_ws/install/consenso_pkg
[0.510s] Invoking command in '/home/fortunato/ros2_ws/build/consenso_pkg': /usr/bin/cmake --build /home/fortunato/ros2_ws/build/consenso_pkg -- -j8 -l8
[0.555s] [ 50%] [32mBuilding CXX object CMakeFiles/nodo.dir/src/nodo.cpp.o[0m
[0.911s] [01m[K/home/fortunato/ros2_ws/src/consenso/src/nodo.cpp:3:10:[m[K [01;31m[Kfatal error: [m[KEigen/Dense: File o directory non esistente
[0.911s]     3 | #include [01;31m[K<Eigen/Dense>[m[K
[0.911s]       |          [01;31m[K^~~~~~~~~~~~~[m[K
[0.911s] compilation terminated.
[0.914s] gmake[2]: *** [CMakeFiles/nodo.dir/build.make:76: CMakeFiles/nodo.dir/src/nodo.cpp.o] Errore 1
[0.914s] gmake[1]: *** [CMakeFiles/Makefile2:137: CMakeFiles/nodo.dir/all] Errore 2
[0.914s] gmake: *** [Makefile:146: all] Errore 2
[0.917s] Invoked command in '/home/fortunato/ros2_ws/build/consenso_pkg' returned '2': /usr/bin/cmake --build /home/fortunato/ros2_ws/build/consenso_pkg -- -j8 -l8
